22:34:20 **** Incremental Build of configuration Debug for project MotorControlF407 ****
make -j8 all 
arm-none-eabi-gcc "../Core/Src/main.c" -mcpu=cortex-m4 -std=gnu11 -g3 -DDEBUG -DUSE_HAL_DRIVER -DSTM32F407xx -c -I../Core/Inc -I../Drivers/STM32F4xx_HAL_Driver/Inc -I../Drivers/STM32F4xx_HAL_Driver/Inc/Legacy -I../Drivers/CMSIS/Device/ST/STM32F4xx/Include -I../Drivers/CMSIS/Include -O0 -ffunction-sections -fdata-sections -Wall -fstack-usage -MMD -MP -MF"Core/Src/main.d" -MT"Core/Src/main.o" --specs=nano.specs -mfpu=fpv4-sp-d16 -mfloat-abi=hard -mthumb -o "Core/Src/main.o"
../Core/Src/main.c: In function 'main':
../Core/Src/main.c:171:15: warning: implicit declaration of function 'SerialAcceptReceive'; did you mean 'SerialAcceptRecieve'? [-Wimplicit-function-declaration]
  171 |               SerialAcceptReceive();
      |               ^~~~~~~~~~~~~~~~~~~
      |               SerialAcceptRecieve
arm-none-eabi-gcc -o "MotorControlF407.elf" @"objects.list"   -mcpu=cortex-m4 -T"/home/vienchau/Desktop/Project/MOTOR_COTROL/MOTOR_CONTROL/FW407/STM32F407VGTX_FLASH.ld" --specs=nosys.specs -Wl,-Map="MotorControlF407.map" -Wl,--gc-sections -static --specs=nano.specs -mfpu=fpv4-sp-d16 -mfloat-abi=hard -mthumb -Wl,--start-group -lc -lm -Wl,--end-group
Finished building target: MotorControlF407.elf
 
arm-none-eabi-size   MotorControlF407.elf 
arm-none-eabi-objdump -h -S  MotorControlF407.elf  > "MotorControlF407.list"
   text	   data	    bss	    dec	    hex	filename
  29804	    132	   4428	  34364	   863c	MotorControlF407.elf
Finished building: default.size.stdout
 
Finished building: MotorControlF407.list
 
22:34:25 **** Incremental Build of configuration Debug for project MotorControlF407 ****
make -j8 all 
arm-none-eabi-size   MotorControlF407.elf 
   text	   data	    bss	    dec	    hex	filename
  29804	    132	   4428	  34364	   863c	MotorControlF407.elf
Finished building: default.size.stdout
 
