Archive member included to satisfy reference by file (symbol)

/home/vienchau/Downloads/en.st-stm32cubeide_1.9.0_12015_20220302_0855_amd64.sh_v1.9.0/makeself_dir_31IH9z/y/plugins/com.st.stm32cube.ide.mcu.externaltools.gnu-tools-for-stm32.10.3-2021.10.linux64_1.0.0.202111181127/tools/bin/../lib/gcc/arm-none-eabi/10.3.1/../../../../arm-none-eabi/lib/thumb/v7e-m+fp/hard/libc_nano.a(lib_a-errno.o)
                              ./Core/Src/syscalls.o (__errno)
/home/vienchau/Downloads/en.st-stm32cubeide_1.9.0_12015_20220302_0855_amd64.sh_v1.9.0/makeself_dir_31IH9z/y/plugins/com.st.stm32cube.ide.mcu.externaltools.gnu-tools-for-stm32.10.3-2021.10.linux64_1.0.0.202111181127/tools/bin/../lib/gcc/arm-none-eabi/10.3.1/../../../../arm-none-eabi/lib/thumb/v7e-m+fp/hard/libc_nano.a(lib_a-exit.o)
                              /home/vienchau/Downloads/en.st-stm32cubeide_1.9.0_12015_20220302_0855_amd64.sh_v1.9.0/makeself_dir_31IH9z/y/plugins/com.st.stm32cube.ide.mcu.externaltools.gnu-tools-for-stm32.10.3-2021.10.linux64_1.0.0.202111181127/tools/bin/../lib/gcc/arm-none-eabi/10.3.1/../../../../arm-none-eabi/lib/thumb/v7e-m+fp/hard/crt0.o (exit)
/home/vienchau/Downloads/en.st-stm32cubeide_1.9.0_12015_20220302_0855_amd64.sh_v1.9.0/makeself_dir_31IH9z/y/plugins/com.st.stm32cube.ide.mcu.externaltools.gnu-tools-for-stm32.10.3-2021.10.linux64_1.0.0.202111181127/tools/bin/../lib/gcc/arm-none-eabi/10.3.1/../../../../arm-none-eabi/lib/thumb/v7e-m+fp/hard/libc_nano.a(lib_a-impure.o)
                              /home/vienchau/Downloads/en.st-stm32cubeide_1.9.0_12015_20220302_0855_amd64.sh_v1.9.0/makeself_dir_31IH9z/y/plugins/com.st.stm32cube.ide.mcu.externaltools.gnu-tools-for-stm32.10.3-2021.10.linux64_1.0.0.202111181127/tools/bin/../lib/gcc/arm-none-eabi/10.3.1/../../../../arm-none-eabi/lib/thumb/v7e-m+fp/hard/libc_nano.a(lib_a-exit.o) (_global_impure_ptr)
/home/vienchau/Downloads/en.st-stm32cubeide_1.9.0_12015_20220302_0855_amd64.sh_v1.9.0/makeself_dir_31IH9z/y/plugins/com.st.stm32cube.ide.mcu.externaltools.gnu-tools-for-stm32.10.3-2021.10.linux64_1.0.0.202111181127/tools/bin/../lib/gcc/arm-none-eabi/10.3.1/../../../../arm-none-eabi/lib/thumb/v7e-m+fp/hard/libc_nano.a(lib_a-init.o)
                              /home/vienchau/Downloads/en.st-stm32cubeide_1.9.0_12015_20220302_0855_amd64.sh_v1.9.0/makeself_dir_31IH9z/y/plugins/com.st.stm32cube.ide.mcu.externaltools.gnu-tools-for-stm32.10.3-2021.10.linux64_1.0.0.202111181127/tools/bin/../lib/gcc/arm-none-eabi/10.3.1/../../../../arm-none-eabi/lib/thumb/v7e-m+fp/hard/crt0.o (__libc_init_array)
/home/vienchau/Downloads/en.st-stm32cubeide_1.9.0_12015_20220302_0855_amd64.sh_v1.9.0/makeself_dir_31IH9z/y/plugins/com.st.stm32cube.ide.mcu.externaltools.gnu-tools-for-stm32.10.3-2021.10.linux64_1.0.0.202111181127/tools/bin/../lib/gcc/arm-none-eabi/10.3.1/../../../../arm-none-eabi/lib/thumb/v7e-m+fp/hard/libc_nano.a(lib_a-malloc.o)
                              ./Core/Src/serial.o (malloc)
/home/vienchau/Downloads/en.st-stm32cubeide_1.9.0_12015_20220302_0855_amd64.sh_v1.9.0/makeself_dir_31IH9z/y/plugins/com.st.stm32cube.ide.mcu.externaltools.gnu-tools-for-stm32.10.3-2021.10.linux64_1.0.0.202111181127/tools/bin/../lib/gcc/arm-none-eabi/10.3.1/../../../../arm-none-eabi/lib/thumb/v7e-m+fp/hard/libc_nano.a(lib_a-memcpy-stub.o)
                              ./Core/Src/serial.o (memcpy)
/home/vienchau/Downloads/en.st-stm32cubeide_1.9.0_12015_20220302_0855_amd64.sh_v1.9.0/makeself_dir_31IH9z/y/plugins/com.st.stm32cube.ide.mcu.externaltools.gnu-tools-for-stm32.10.3-2021.10.linux64_1.0.0.202111181127/tools/bin/../lib/gcc/arm-none-eabi/10.3.1/../../../../arm-none-eabi/lib/thumb/v7e-m+fp/hard/libc_nano.a(lib_a-memset.o)
                              /home/vienchau/Downloads/en.st-stm32cubeide_1.9.0_12015_20220302_0855_amd64.sh_v1.9.0/makeself_dir_31IH9z/y/plugins/com.st.stm32cube.ide.mcu.externaltools.gnu-tools-for-stm32.10.3-2021.10.linux64_1.0.0.202111181127/tools/bin/../lib/gcc/arm-none-eabi/10.3.1/../../../../arm-none-eabi/lib/thumb/v7e-m+fp/hard/crt0.o (memset)
/home/vienchau/Downloads/en.st-stm32cubeide_1.9.0_12015_20220302_0855_amd64.sh_v1.9.0/makeself_dir_31IH9z/y/plugins/com.st.stm32cube.ide.mcu.externaltools.gnu-tools-for-stm32.10.3-2021.10.linux64_1.0.0.202111181127/tools/bin/../lib/gcc/arm-none-eabi/10.3.1/../../../../arm-none-eabi/lib/thumb/v7e-m+fp/hard/libc_nano.a(lib_a-nano-freer.o)
                              /home/vienchau/Downloads/en.st-stm32cubeide_1.9.0_12015_20220302_0855_amd64.sh_v1.9.0/makeself_dir_31IH9z/y/plugins/com.st.stm32cube.ide.mcu.externaltools.gnu-tools-for-stm32.10.3-2021.10.linux64_1.0.0.202111181127/tools/bin/../lib/gcc/arm-none-eabi/10.3.1/../../../../arm-none-eabi/lib/thumb/v7e-m+fp/hard/libc_nano.a(lib_a-malloc.o) (_free_r)
[...]
Memory Configuration

Name             Origin             Length             Attributes
CCMRAM           0x0000000010000000 0x0000000000010000 xrw
RAM              0x0000000020000000 0x0000000000020000 xrw
FLASH            0x0000000008000000 0x0000000000100000 xr
*default*        0x0000000000000000 0xffffffffffffffff

Linker script and memory map

LOAD /home/vienchau/Downloads/en.st-stm32cubeide_1.9.0_12015_20220302_0855_amd64.sh_v1.9.0/makeself_dir_31IH9z/y/plugins/com.st.stm32cube.ide.mcu.externaltools.gnu-tools-for-stm32.10.3-2021.10.linux64_1.0.0.202111181127/tools/bin/../lib/gcc/arm-none-eabi/10.3.1/thumb/v7e-m+fp/hard/crti.o
LOAD /home/vienchau/Downloads/en.st-stm32cubeide_1.9.0_12015_20220302_0855_amd64.sh_v1.9.0/makeself_dir_31IH9z/y/plugins/com.st.stm32cube.ide.mcu.externaltools.gnu-tools-for-stm32.10.3-2021.10.linux64_1.0.0.202111181127/tools/bin/../lib/gcc/arm-none-eabi/10.3.1/thumb/v7e-m+fp/hard/crtbegin.o
LOAD /home/vienchau/Downloads/en.st-stm32cubeide_1.9.0_12015_20220302_0855_amd64.sh_v1.9.0/makeself_dir_31IH9z/y/plugins/com.st.stm32cube.ide.mcu.externaltools.gnu-tools-for-stm32.10.3-2021.10.linux64_1.0.0.202111181127/tools/bin/../lib/gcc/arm-none-eabi/10.3.1/../../../../arm-none-eabi/lib/thumb/v7e-m+fp/hard/crt0.o
LOAD ./Core/Src/gpio.o
LOAD ./Core/Src/main.o
LOAD ./Core/Src/motor.o
LOAD ./Core/Src/pid.o
LOAD ./Core/Src/serial.o
LOAD ./Core/Src/stm32f4xx_hal_msp.o
LOAD ./Core/Src/stm32f4xx_it.o
LOAD ./Core/Src/syscalls.o
LOAD ./Core/Src/sysmem.o
LOAD ./Core/Src/system_stm32f4xx.o
LOAD ./Core/Src/tim.o
LOAD ./Core/Src/usart.o
LOAD ./Core/Startup/startup_stm32f407vgtx.o
LOAD ./Drivers/STM32F4xx_HAL_Driver/Src/stm32f4xx_hal.o
LOAD ./Drivers/STM32F4xx_HAL_Driver/Src/stm32f4xx_hal_cortex.o
LOAD ./Drivers/STM32F4xx_HAL_Driver/Src/stm32f4xx_hal_dma.o
LOAD ./Drivers/STM32F4xx_HAL_Driver/Src/stm32f4xx_hal_dma_ex.o
LOAD ./Drivers/STM32F4xx_HAL_Driver/Src/stm32f4xx_hal_exti.o
LOAD ./Drivers/STM32F4xx_HAL_Driver/Src/stm32f4xx_hal_flash.o
LOAD ./Drivers/STM32F4xx_HAL_Driver/Src/stm32f4xx_hal_flash_ex.o
LOAD ./Drivers/STM32F4xx_HAL_Driver/Src/stm32f4xx_hal_flash_ramfunc.o
LOAD ./Drivers/STM32F4xx_HAL_Driver/Src/stm32f4xx_hal_gpio.o
LOAD ./Drivers/STM32F4xx_HAL_Driver/Src/stm32f4xx_hal_pwr.o
LOAD ./Drivers/STM32F4xx_HAL_Driver/Src/stm32f4xx_hal_pwr_ex.o
LOAD ./Drivers/STM32F4xx_HAL_Driver/Src/stm32f4xx_hal_rcc.o
LOAD ./Drivers/STM32F4xx_HAL_Driver/Src/stm32f4xx_hal_rcc_ex.o
LOAD ./Drivers/STM32F4xx_HAL_Driver/Src/stm32f4xx_hal_tim.o
LOAD ./Drivers/STM32F4xx_HAL_Driver/Src/stm32f4xx_hal_tim_ex.o
LOAD ./Drivers/STM32F4xx_HAL_Driver/Src/stm32f4xx_hal_uart.o
START GROUP
LOAD /home/vienchau/Downloads/en.st-stm32cubeide_1.9.0_12015_20220302_0855_amd64.sh_v1.9.0/makeself_dir_31IH9z/y/plugins/com.st.stm32cube.ide.mcu.externaltools.gnu-tools-for-stm32.10.3-2021.10.linux64_1.0.0.202111181127/tools/bin/../lib/gcc/arm-none-eabi/10.3.1/../../../../arm-none-eabi/lib/thumb/v7e-m+fp/hard/libc_nano.a
LOAD /home/vienchau/Downloads/en.st-stm32cubeide_1.9.0_12015_20220302_0855_amd64.sh_v1.9.0/makeself_dir_31IH9z/y/plugins/com.st.stm32cube.ide.mcu.externaltools.gnu-tools-for-stm32.10.3-2021.10.linux64_1.0.0.202111181127/tools/bin/../lib/gcc/arm-none-eabi/10.3.1/../../../../arm-none-eabi/lib/thumb/v7e-m+fp/hard/libm.a
END GROUP
START GROUP
LOAD /home/vienchau/Downloads/en.st-stm32cubeide_1.9.0_12015_20220302_0855_amd64.sh_v1.9.0/makeself_dir_31IH9z/y/plugins/com.st.stm32cube.ide.mcu.externaltools.gnu-tools-for-stm32.10.3-2021.10.linux64_1.0.0.202111181127/tools/bin/../lib/gcc/arm-none-eabi/10.3.1/thumb/v7e-m+fp/hard/libgcc.a
LOAD /home/vienchau/Downloads/en.st-stm32cubeide_1.9.0_12015_20220302_0855_amd64.sh_v1.9.0/makeself_dir_31IH9z/y/plugins/com.st.stm32cube.ide.mcu.externaltools.gnu-tools-for-stm32.10.3-2021.10.linux64_1.0.0.202111181127/tools/bin/../lib/gcc/arm-none-eabi/10.3.1/../../../../arm-none-eabi/lib/thumb/v7e-m+fp/hard/libc_nano.a
END GROUP
START GROUP
LOAD /home/vienchau/Downloads/en.st-stm32cubeide_1.9.0_12015_20220302_0855_amd64.sh_v1.9.0/makeself_dir_31IH9z/y/plugins/com.st.stm32cube.ide.mcu.externaltools.gnu-tools-for-stm32.10.3-2021.10.linux64_1.0.0.202111181127/tools/bin/../lib/gcc/arm-none-eabi/10.3.1/thumb/v7e-m+fp/hard/libgcc.a
LOAD /home/vienchau/Downloads/en.st-stm32cubeide_1.9.0_12015_20220302_0855_amd64.sh_v1.9.0/makeself_dir_31IH9z/y/plugins/com.st.stm32cube.ide.mcu.externaltools.gnu-tools-for-stm32.10.3-2021.10.linux64_1.0.0.202111181127/tools/bin/../lib/gcc/arm-none-eabi/10.3.1/../../../../arm-none-eabi/lib/thumb/v7e-m+fp/hard/libc_nano.a
LOAD /home/vienchau/Downloads/en.st-stm32cubeide_1.9.0_12015_20220302_0855_amd64.sh_v1.9.0/makeself_dir_31IH9z/y/plugins/com.st.stm32cube.ide.mcu.externaltools.gnu-tools-for-stm32.10.3-2021.10.linux64_1.0.0.202111181127/tools/bin/../lib/gcc/arm-none-eabi/10.3.1/../../../../arm-none-eabi/lib/thumb/v7e-m+fp/hard/libnosys.a
END GROUP
START GROUP
LOAD /home/vienchau/Downloads/en.st-stm32cubeide_1.9.0_12015_20220302_0855_amd64.sh_v1.9.0/makeself_dir_31IH9z/y/plugins/com.st.stm32cube.ide.mcu.externaltools.gnu-tools-for-stm32.10.3-2021.10.linux64_1.0.0.202111181127/tools/bin/../lib/gcc/arm-none-eabi/10.3.1/thumb/v7e-m+fp/hard/libgcc.a
LOAD /home/vienchau/Downloads/en.st-stm32cubeide_1.9.0_12015_20220302_0855_amd64.sh_v1.9.0/makeself_dir_31IH9z/y/plugins/com.st.stm32cube.ide.mcu.externaltools.gnu-tools-for-stm32.10.3-2021.10.linux64_1.0.0.202111181127/tools/bin/../lib/gcc/arm-none-eabi/10.3.1/../../../../arm-none-eabi/lib/thumb/v7e-m+fp/hard/libc_nano.a
LOAD /home/vienchau/Downloads/en.st-stm32cubeide_1.9.0_12015_20220302_0855_amd64.sh_v1.9.0/makeself_dir_31IH9z/y/plugins/com.st.stm32cube.ide.mcu.externaltools.gnu-tools-for-stm32.10.3-2021.10.linux64_1.0.0.202111181127/tools/bin/../lib/gcc/arm-none-eabi/10.3.1/../../../../arm-none-eabi/lib/thumb/v7e-m+fp/hard/libnosys.a
END GROUP
LOAD /home/vienchau/Downloads/en.st-stm32cubeide_1.9.0_12015_20220302_0855_amd64.sh_v1.9.0/makeself_dir_31IH9z/y/plugins/com.st.stm32cube.ide.mcu.externaltools.gnu-tools-for-stm32.10.3-2021.10.linux64_1.0.0.202111181127/tools/bin/../lib/gcc/arm-none-eabi/10.3.1/thumb/v7e-m+fp/hard/crtend.o
LOAD /home/vienchau/Downloads/en.st-stm32cubeide_1.9.0_12015_20220302_0855_amd64.sh_v1.9.0/makeself_dir_31IH9z/y/plugins/com.st.stm32cube.ide.mcu.externaltools.gnu-tools-for-stm32.10.3-2021.10.linux64_1.0.0.202111181127/tools/bin/../lib/gcc/arm-none-eabi/10.3.1/thumb/v7e-m+fp/hard/crtn.o
                0x0000000020020000                _estack = (ORIGIN (RAM) + LENGTH (RAM))
                0x0000000000000200                _Min_Heap_Size = 0x200
                0x0000000000000400                _Min_Stack_Size = 0x400

.isr_vector     0x0000000008000000      0x188
                0x0000000008000000                . = ALIGN (0x4)
 *(.isr_vector)
 .isr_vector    0x0000000008000000      0x188 ./Core/Startup/startup_stm32f407vgtx.o
                0x0000000008000000                g_pfnVectors
                0x0000000008000188                . = ALIGN (0x4)

.text           0x0000000008000190     0x7194
                0x0000000008000190                . = ALIGN (0x4)
 *(.text)
 .text          0x0000000008000190       0x40 /home/vienchau/Downloads/en.st-stm32cubeide_1.9.0_12015_20220302_0855_amd64.sh_v1.9.0/makeself_dir_31IH9z/y/plugins/com.st.stm32cube.ide.mcu.externaltools.gnu-tools-for-stm32.10.3-2021.10.linux64_1.0.0.202111181127/tools/bin/../lib/gcc/arm-none-eabi/10.3.1/thumb/v7e-m+fp/hard/crtbegin.o
 .text          0x00000000080001d0       0x10 /home/vienchau/Downloads/en.st-stm32cubeide_1.9.0_12015_20220302_0855_amd64.sh_v1.9.0/makeself_dir_31IH9z/y/plugins/com.st.stm32cube.ide.mcu.externaltools.gnu-tools-for-stm32.10.3-2021.10.linux64_1.0.0.202111181127/tools/bin/../lib/gcc/arm-none-eabi/10.3.1/../../../../arm-none-eabi/lib/thumb/v7e-m+fp/hard/libc_nano.a(lib_a-strlen.o)
                0x00000000080001d0                strlen
 .text          0x00000000080001e0       0xa0 /home/vienchau/Downloads/en.st-stm32cubeide_1.9.0_12015_20220302_0855_amd64.sh_v1.9.0/makeself_dir_31IH9z/y/plugins/com.st.stm32cube.ide.mcu.externaltools.gnu-tools-for-stm32.10.3-2021.10.linux64_1.0.0.202111181127/tools/bin/../lib/gcc/arm-none-eabi/10.3.1/../../../../arm-none-eabi/lib/thumb/v7e-m+fp/hard/libc_nano.a(lib_a-memchr.o)
                0x00000000080001e0                memchr
 .text          0x0000000008000280      0x378 /home/vienchau/Downloads/en.st-stm32cubeide_1.9.0_12015_20220302_0855_amd64.sh_v1.9.0/makeself_dir_31IH9z/y/plugins/com.st.stm32cube.ide.mcu.externaltools.gnu-tools-for-stm32.10.3-2021.10.linux64_1.0.0.202111181127/tools/bin/../lib/gcc/arm-none-eabi/10.3.1/thumb/v7e-m+fp/hard/libgcc.a(_arm_addsubdf3.o)
                0x0000000008000280                __aeabi_drsub
                0x0000000008000288                __aeabi_dsub
                0x0000000008000288                __subdf3
                0x000000000800028c                __adddf3
                0x000000000800028c                __aeabi_dadd
                0x0000000008000504                __aeabi_ui2d
                0x0000000008000504                __floatunsidf
                0x0000000008000524                __floatsidf
                0x0000000008000524                __aeabi_i2d
                0x0000000008000548                __extendsfdf2
                0x0000000008000548                __aeabi_f2d
                0x000000000800058c                __aeabi_ul2d
                0x000000000800058c                __floatundidf
                0x000000000800059c                __floatdidf
                0x000000000800059c                __aeabi_l2d
 .text          0x00000000080005f8      0x424 /home/vienchau/Downloads/en.st-stm32cubeide_1.9.0_12015_20220302_0855_amd64.sh_v1.9.0/makeself_dir_31IH9z/y/plugins/com.st.stm32cube.ide.mcu.externaltools.gnu-tools-for-stm32.10.3-2021.10.linux64_1.0.0.202111181127/tools/bin/../lib/gcc/arm-none-eabi/10.3.1/thumb/v7e-m+fp/hard/libgcc.a(_arm_muldivdf3.o)
                0x00000000080005f8                __aeabi_dmul
                0x00000000080005f8                __muldf3
                0x000000000800084c                __aeabi_ddiv
                0x000000000800084c                __divdf3
 .text          0x0000000008000a1c      0x110 /home/vienchau/Downloads/en.st-stm32cubeide_1.9.0_12015_20220302_0855_amd64.sh_v1.9.0/makeself_dir_31IH9z/y/plugins/com.st.stm32cube.ide.mcu.externaltools.gnu-tools-for-stm32.10.3-2021.10.linux64_1.0.0.202111181127/tools/bin/../lib/gcc/arm-none-eabi/10.3.1/thumb/v7e-m+fp/hard/libgcc.a(_arm_cmpdf2.o)
                0x0000000008000a1c                __gtdf2
                0x0000000008000a1c                __gedf2
                0x0000000008000a24                __ltdf2
                0x0000000008000a24                __ledf2
                0x0000000008000a2c                __cmpdf2
                0x0000000008000a2c                __eqdf2
                0x0000000008000a2c                __nedf2
                0x0000000008000aa8                __aeabi_cdrcmple
                0x0000000008000ab8                __aeabi_cdcmple
                0x0000000008000ab8                __aeabi_cdcmpeq
                0x0000000008000ac8                __aeabi_dcmpeq
                0x0000000008000adc                __aeabi_dcmplt
                0x0000000008000af0                __aeabi_dcmple
                0x0000000008000b04                __aeabi_dcmpge
                0x0000000008000b18                __aeabi_dcmpgt
 .text          0x0000000008000b2c       0x2c /home/vienchau/Downloads/en.st-stm32cubeide_1.9.0_12015_20220302_0855_amd64.sh_v1.9.0/makeself_dir_31IH9z/y/plugins/com.st.stm32cube.ide.mcu.externaltools.gnu-tools-for-stm32.10.3-2021.10.linux64_1.0.0.202111181127/tools/bin/../lib/gcc/arm-none-eabi/10.3.1/thumb/v7e-m+fp/hard/libgcc.a(_arm_unorddf2.o)
                0x0000000008000b2c                __aeabi_dcmpun
                0x0000000008000b2c                __unorddf2
 .text          0x0000000008000b58       0xa0 /home/vienchau/Downloads/en.st-stm32cubeide_1.9.0_12015_20220302_0855_amd64.sh_v1.9.0/makeself_dir_31IH9z/y/plugins/com.st.stm32cube.ide.mcu.externaltools.gnu-tools-for-stm32.10.3-2021.10.linux64_1.0.0.202111181127/tools/bin/../lib/gcc/arm-none-eabi/10.3.1/thumb/v7e-m+fp/hard/libgcc.a(_arm_truncdfsf2.o)
                0x0000000008000b58                __aeabi_d2f
                0x0000000008000b58                __truncdfsf2
 .text          0x0000000008000bf8       0x30 /home/vienchau/Downloads/en.st-stm32cubeide_1.9.0_12015_20220302_0855_amd64.sh_v1.9.0/makeself_dir_31IH9z/y/plugins/com.st.stm32cube.ide.mcu.externaltools.gnu-tools-for-stm32.10.3-2021.10.linux64_1.0.0.202111181127/tools/bin/../lib/gcc/arm-none-eabi/10.3.1/thumb/v7e-m+fp/hard/libgcc.a(_aeabi_uldivmod.o)
                0x0000000008000bf8                __aeabi_uldivmod
 .text          0x0000000008000c28      0x2d0 /home/vienchau/Downloads/en.st-stm32cubeide_1.9.0_12015_20220302_0855_amd64.sh_v1.9.0/makeself_dir_31IH9z/y/plugins/com.st.stm32cube.ide.mcu.externaltools.gnu-tools-for-stm32.10.3-2021.10.linux64_1.0.0.202111181127/tools/bin/../lib/gcc/arm-none-eabi/10.3.1/thumb/v7e-m+fp/hard/libgcc.a(_udivmoddi4.o)
                0x0000000008000c28                __udivmoddi4
 .text          0x0000000008000ef8        0x4 /home/vienchau/Downloads/en.st-stm32cubeide_1.9.0_12015_20220302_0855_amd64.sh_v1.9.0/makeself_dir_31IH9z/y/plugins/com.st.stm32cube.ide.mcu.externaltools.gnu-tools-for-stm32.10.3-2021.10.linux64_1.0.0.202111181127/tools/bin/../lib/gcc/arm-none-eabi/10.3.1/thumb/v7e-m+fp/hard/libgcc.a(_dvmd_tls.o)
                0x0000000008000ef8                __aeabi_ldiv0
                0x0000000008000ef8                __aeabi_idiv0
 *(.text*)
 .text.MX_GPIO_Init
                0x0000000008000efc       0xc0 ./Core/Src/gpio.o
                0x0000000008000efc                MX_GPIO_Init
 *fill*         0x0000000008000fbc        0x4 
 .text.main     0x0000000008000fc0      0x6a8 ./Core/Src/main.o
                0x0000000008000fc0                main
 .text.SystemClock_Config
                0x0000000008001668       0xd0 ./Core/Src/main.o
                0x0000000008001668                SystemClock_Config
 .text.HAL_TIM_PeriodElapsedCallback
                0x0000000008001738       0x80 ./Core/Src/main.o
                0x0000000008001738                HAL_TIM_PeriodElapsedCallback
 .text.Error_Handler
                0x00000000080017b8        0xa ./Core/Src/main.o
                0x00000000080017b8                Error_Handler
 *fill*         0x00000000080017c2        0x2 
 .text.MotorSetDir
                0x00000000080017c4       0x40 ./Core/Src/motor.o
                0x00000000080017c4                MotorSetDir
 .text.MotorSetDuty
                0x0000000008001804       0x24 ./Core/Src/motor.o
                0x0000000008001804                MotorSetDuty
 .text.MotorInit
                0x0000000008001828       0x58 ./Core/Src/motor.o
                0x0000000008001828                MotorInit
 .text.ConvertDegToPulse
                0x0000000008001880       0x4c ./Core/Src/motor.o
                0x0000000008001880                ConvertDegToPulse
 .text.ConvertPulseToDeg
                0x00000000080018cc       0x48 ./Core/Src/motor.o
                0x00000000080018cc                ConvertPulseToDeg
 .text.MotorGetPulse
                0x0000000008001914       0x24 ./Core/Src/motor.o
                0x0000000008001914                MotorGetPulse
 .text.MotorMovePos
                0x0000000008001938      0x2c8 ./Core/Src/motor.o
                0x0000000008001938                MotorMovePos
 .text.MotorTuning
                0x0000000008001c00       0xf0 ./Core/Src/motor.o
                0x0000000008001c00                MotorTuning
 .text.PIDReset
                0x0000000008001cf0       0x30 ./Core/Src/pid.o
                0x0000000008001cf0                PIDReset
 .text.PIDInit  0x0000000008001d20       0x44 ./Core/Src/pid.o
                0x0000000008001d20                PIDInit
 .text.PIDCompute
                0x0000000008001d64       0xe4 ./Core/Src/pid.o
                0x0000000008001d64                PIDCompute
 .text.subString
                0x0000000008001e48       0x50 ./Core/Src/serial.o
                0x0000000008001e48                subString
 .text.StrCompare
                0x0000000008001e98       0x48 ./Core/Src/serial.o
                0x0000000008001e98                StrCompare
 .text.SerialInit
                0x0000000008001ee0       0x1c ./Core/Src/serial.o
                0x0000000008001ee0                SerialInit
 .text.SerialAcceptReceive
                0x0000000008001efc       0x1c ./Core/Src/serial.o
                0x0000000008001efc                SerialAcceptReceive
 .text.SerialWriteComm
                0x0000000008001f18       0xb4 ./Core/Src/serial.o
                0x0000000008001f18                SerialWriteComm
 .text.SerialParse
                0x0000000008001fcc       0x80 ./Core/Src/serial.o
                0x0000000008001fcc                SerialParse
 .text.HAL_UART_RxCpltCallback
                0x000000000800204c       0x34 ./Core/Src/serial.o
                0x000000000800204c                HAL_UART_RxCpltCallback
 .text.HAL_MspInit
                0x0000000008002080       0x50 ./Core/Src/stm32f4xx_hal_msp.o
                0x0000000008002080                HAL_MspInit
 .text.NMI_Handler
                0x00000000080020d0        0x6 ./Core/Src/stm32f4xx_it.o
                0x00000000080020d0                NMI_Handler
 .text.HardFault_Handler
                0x00000000080020d6        0x6 ./Core/Src/stm32f4xx_it.o
                0x00000000080020d6                HardFault_Handler
 .text.MemManage_Handler
                0x00000000080020dc        0x6 ./Core/Src/stm32f4xx_it.o
                0x00000000080020dc                MemManage_Handler
 .text.BusFault_Handler
                0x00000000080020e2        0x6 ./Core/Src/stm32f4xx_it.o
                0x00000000080020e2                BusFault_Handler
 .text.UsageFault_Handler
                0x00000000080020e8        0x6 ./Core/Src/stm32f4xx_it.o
                0x00000000080020e8                UsageFault_Handler
 .text.SVC_Handler
                0x00000000080020ee        0xe ./Core/Src/stm32f4xx_it.o
                0x00000000080020ee                SVC_Handler
 .text.DebugMon_Handler
                0x00000000080020fc        0xe ./Core/Src/stm32f4xx_it.o
                0x00000000080020fc                DebugMon_Handler
 .text.PendSV_Handler
                0x000000000800210a        0xe ./Core/Src/stm32f4xx_it.o
                0x000000000800210a                PendSV_Handler
 .text.SysTick_Handler
                0x0000000008002118        0xc ./Core/Src/stm32f4xx_it.o
                0x0000000008002118                SysTick_Handler
 .text.TIM2_IRQHandler
                0x0000000008002124       0x14 ./Core/Src/stm32f4xx_it.o
                0x0000000008002124                TIM2_IRQHandler
 .text.USART1_IRQHandler
                0x0000000008002138       0x14 ./Core/Src/stm32f4xx_it.o
                0x0000000008002138                USART1_IRQHandler
 .text._sbrk    0x000000000800214c       0x6c ./Core/Src/sysmem.o
                0x000000000800214c                _sbrk
 .text.SystemInit
                0x00000000080021b8       0x24 ./Core/Src/system_stm32f4xx.o
                0x00000000080021b8                SystemInit
 .text.MX_TIM2_Init
                0x00000000080021dc       0x98 ./Core/Src/tim.o
                0x00000000080021dc                MX_TIM2_Init
 .text.MX_TIM3_Init
                0x0000000008002274       0xb4 ./Core/Src/tim.o
                0x0000000008002274                MX_TIM3_Init
 .text.MX_TIM4_Init
                0x0000000008002328       0xa8 ./Core/Src/tim.o
                0x0000000008002328                MX_TIM4_Init
 .text.HAL_TIM_Base_MspInit
                0x00000000080023d0       0x4c ./Core/Src/tim.o
                0x00000000080023d0                HAL_TIM_Base_MspInit
 .text.HAL_TIM_PWM_MspInit
                0x000000000800241c       0x44 ./Core/Src/tim.o
                0x000000000800241c                HAL_TIM_PWM_MspInit
 .text.HAL_TIM_Encoder_MspInit
                0x0000000008002460       0x90 ./Core/Src/tim.o
                0x0000000008002460                HAL_TIM_Encoder_MspInit
 .text.HAL_TIM_MspPostInit
                0x00000000080024f0       0x74 ./Core/Src/tim.o
                0x00000000080024f0                HAL_TIM_MspPostInit
 .text.MX_USART1_UART_Init
                0x0000000008002564       0x54 ./Core/Src/usart.o
                0x0000000008002564                MX_USART1_UART_Init
 .text.HAL_UART_MspInit
                0x00000000080025b8       0xa0 ./Core/Src/usart.o
                0x00000000080025b8                HAL_UART_MspInit
 .text.Reset_Handler
                0x0000000008002658       0x50 ./Core/Startup/startup_stm32f407vgtx.o
                0x0000000008002658                Reset_Handler
 .text.Default_Handler
                0x00000000080026a8        0x2 ./Core/Startup/startup_stm32f407vgtx.o
                0x00000000080026a8                RTC_Alarm_IRQHandler
                0x00000000080026a8                HASH_RNG_IRQHandler
                0x00000000080026a8                EXTI2_IRQHandler
                0x00000000080026a8                TIM8_CC_IRQHandler
                0x00000000080026a8                TIM1_CC_IRQHandler
                0x00000000080026a8                DMA2_Stream5_IRQHandler
                0x00000000080026a8                DMA1_Stream5_IRQHandler
                0x00000000080026a8                PVD_IRQHandler
                0x00000000080026a8                SDIO_IRQHandler
                0x00000000080026a8                TAMP_STAMP_IRQHandler
                0x00000000080026a8                CAN2_RX1_IRQHandler
                0x00000000080026a8                EXTI3_IRQHandler
                0x00000000080026a8                TIM8_TRG_COM_TIM14_IRQHandler
                0x00000000080026a8                TIM1_UP_TIM10_IRQHandler
                0x00000000080026a8                TIM8_UP_TIM13_IRQHandler
                0x00000000080026a8                I2C3_ER_IRQHandler
                0x00000000080026a8                EXTI0_IRQHandler
                0x00000000080026a8                I2C2_EV_IRQHandler
                0x00000000080026a8                DMA1_Stream2_IRQHandler
                0x00000000080026a8                CAN1_RX0_IRQHandler
                0x00000000080026a8                FPU_IRQHandler
                0x00000000080026a8                OTG_HS_WKUP_IRQHandler
                0x00000000080026a8                CAN2_SCE_IRQHandler
                0x00000000080026a8                DMA2_Stream2_IRQHandler
                0x00000000080026a8                SPI1_IRQHandler
                0x00000000080026a8                TIM6_DAC_IRQHandler
                0x00000000080026a8                TIM1_BRK_TIM9_IRQHandler
                0x00000000080026a8                DCMI_IRQHandler
                0x00000000080026a8                CAN2_RX0_IRQHandler
                0x00000000080026a8                DMA2_Stream3_IRQHandler
                0x00000000080026a8                USART6_IRQHandler
                0x00000000080026a8                USART3_IRQHandler
                0x00000000080026a8                CAN1_RX1_IRQHandler
                0x00000000080026a8                UART5_IRQHandler
                0x00000000080026a8                DMA2_Stream0_IRQHandler
                0x00000000080026a8                TIM4_IRQHandler
                0x00000000080026a8                I2C1_EV_IRQHandler
                0x00000000080026a8                DMA1_Stream6_IRQHandler
                0x00000000080026a8                DMA1_Stream1_IRQHandler
                0x00000000080026a8                UART4_IRQHandler
                0x00000000080026a8                TIM3_IRQHandler
                0x00000000080026a8                RCC_IRQHandler
                0x00000000080026a8                TIM8_BRK_TIM12_IRQHandler
                0x00000000080026a8                Default_Handler
                0x00000000080026a8                EXTI15_10_IRQHandler
                0x00000000080026a8                ADC_IRQHandler
                0x00000000080026a8                DMA1_Stream7_IRQHandler
                0x00000000080026a8                TIM7_IRQHandler
                0x00000000080026a8                CAN2_TX_IRQHandler
                0x00000000080026a8                TIM5_IRQHandler
                0x00000000080026a8                DMA2_Stream7_IRQHandler
                0x00000000080026a8                I2C3_EV_IRQHandler
                0x00000000080026a8                EXTI9_5_IRQHandler
                0x00000000080026a8                RTC_WKUP_IRQHandler
                0x00000000080026a8                ETH_WKUP_IRQHandler
                0x00000000080026a8                SPI2_IRQHandler
                0x00000000080026a8                OTG_HS_EP1_IN_IRQHandler
                0x00000000080026a8                DMA1_Stream0_IRQHandler
                0x00000000080026a8                CAN1_TX_IRQHandler
                0x00000000080026a8                EXTI4_IRQHandler
                0x00000000080026a8                FSMC_IRQHandler
                0x00000000080026a8                ETH_IRQHandler
                0x00000000080026a8                OTG_HS_EP1_OUT_IRQHandler
                0x00000000080026a8                WWDG_IRQHandler
                0x00000000080026a8                OTG_FS_WKUP_IRQHandler
                0x00000000080026a8                TIM1_TRG_COM_TIM11_IRQHandler
                0x00000000080026a8                OTG_HS_IRQHandler
                0x00000000080026a8                EXTI1_IRQHandler
                0x00000000080026a8                USART2_IRQHandler
                0x00000000080026a8                I2C2_ER_IRQHandler
                0x00000000080026a8                DMA2_Stream1_IRQHandler
                0x00000000080026a8                CAN1_SCE_IRQHandler
                0x00000000080026a8                FLASH_IRQHandler
                0x00000000080026a8                DMA2_Stream4_IRQHandler
                0x00000000080026a8                OTG_FS_IRQHandler
                0x00000000080026a8                SPI3_IRQHandler
                0x00000000080026a8                DMA1_Stream4_IRQHandler
                0x00000000080026a8                I2C1_ER_IRQHandler
                0x00000000080026a8                DMA2_Stream6_IRQHandler
                0x00000000080026a8                DMA1_Stream3_IRQHandler
 *fill*         0x00000000080026aa        0x2 
 .text.HAL_Init
                0x00000000080026ac       0x44 ./Drivers/STM32F4xx_HAL_Driver/Src/stm32f4xx_hal.o
                0x00000000080026ac                HAL_Init
 .text.HAL_InitTick
                0x00000000080026f0       0x60 ./Drivers/STM32F4xx_HAL_Driver/Src/stm32f4xx_hal.o
                0x00000000080026f0                HAL_InitTick
 .text.HAL_IncTick
                0x0000000008002750       0x28 ./Drivers/STM32F4xx_HAL_Driver/Src/stm32f4xx_hal.o
                0x0000000008002750                HAL_IncTick
 .text.HAL_GetTick
                0x0000000008002778       0x18 ./Drivers/STM32F4xx_HAL_Driver/Src/stm32f4xx_hal.o
                0x0000000008002778                HAL_GetTick
 .text.HAL_Delay
                0x0000000008002790       0x48 ./Drivers/STM32F4xx_HAL_Driver/Src/stm32f4xx_hal.o
                0x0000000008002790                HAL_Delay
 .text.__NVIC_SetPriorityGrouping
                0x00000000080027d8       0x48 ./Drivers/STM32F4xx_HAL_Driver/Src/stm32f4xx_hal_cortex.o
 .text.__NVIC_GetPriorityGrouping
                0x0000000008002820       0x1c ./Drivers/STM32F4xx_HAL_Driver/Src/stm32f4xx_hal_cortex.o
 .text.__NVIC_EnableIRQ
                0x000000000800283c       0x3c ./Drivers/STM32F4xx_HAL_Driver/Src/stm32f4xx_hal_cortex.o
 .text.__NVIC_SetPriority
                0x0000000008002878       0x54 ./Drivers/STM32F4xx_HAL_Driver/Src/stm32f4xx_hal_cortex.o
 .text.NVIC_EncodePriority
                0x00000000080028cc       0x66 ./Drivers/STM32F4xx_HAL_Driver/Src/stm32f4xx_hal_cortex.o
 *fill*         0x0000000008002932        0x2 
 .text.SysTick_Config
                0x0000000008002934       0x44 ./Drivers/STM32F4xx_HAL_Driver/Src/stm32f4xx_hal_cortex.o
 .text.HAL_NVIC_SetPriorityGrouping
                0x0000000008002978       0x16 ./Drivers/STM32F4xx_HAL_Driver/Src/stm32f4xx_hal_cortex.o
                0x0000000008002978                HAL_NVIC_SetPriorityGrouping
 .text.HAL_NVIC_SetPriority
                0x000000000800298e       0x38 ./Drivers/STM32F4xx_HAL_Driver/Src/stm32f4xx_hal_cortex.o
                0x000000000800298e                HAL_NVIC_SetPriority
 .text.HAL_NVIC_EnableIRQ
                0x00000000080029c6       0x1c ./Drivers/STM32F4xx_HAL_Driver/Src/stm32f4xx_hal_cortex.o
                0x00000000080029c6                HAL_NVIC_EnableIRQ
 .text.HAL_SYSTICK_Config
                0x00000000080029e2       0x18 ./Drivers/STM32F4xx_HAL_Driver/Src/stm32f4xx_hal_cortex.o
                0x00000000080029e2                HAL_SYSTICK_Config
 .text.HAL_DMA_Abort
                0x00000000080029fa       0xe0 ./Drivers/STM32F4xx_HAL_Driver/Src/stm32f4xx_hal_dma.o
                0x00000000080029fa                HAL_DMA_Abort
 .text.HAL_DMA_Abort_IT
                0x0000000008002ada       0x44 ./Drivers/STM32F4xx_HAL_Driver/Src/stm32f4xx_hal_dma.o
                0x0000000008002ada                HAL_DMA_Abort_IT
 *fill*         0x0000000008002b1e        0x2 
 .text.HAL_GPIO_Init
                0x0000000008002b20      0x338 ./Drivers/STM32F4xx_HAL_Driver/Src/stm32f4xx_hal_gpio.o
                0x0000000008002b20                HAL_GPIO_Init
 .text.HAL_GPIO_WritePin
                0x0000000008002e58       0x32 ./Drivers/STM32F4xx_HAL_Driver/Src/stm32f4xx_hal_gpio.o
                0x0000000008002e58                HAL_GPIO_WritePin
 *fill*         0x0000000008002e8a        0x2 
 .text.HAL_RCC_OscConfig
                0x0000000008002e8c      0x4f0 ./Drivers/STM32F4xx_HAL_Driver/Src/stm32f4xx_hal_rcc.o
                0x0000000008002e8c                HAL_RCC_OscConfig
 .text.HAL_RCC_ClockConfig
                0x000000000800337c      0x1cc ./Drivers/STM32F4xx_HAL_Driver/Src/stm32f4xx_hal_rcc.o
                0x000000000800337c                HAL_RCC_ClockConfig
 .text.HAL_RCC_GetSysClockFreq
                0x0000000008003548      0x20c ./Drivers/STM32F4xx_HAL_Driver/Src/stm32f4xx_hal_rcc.o
                0x0000000008003548                HAL_RCC_GetSysClockFreq
 .text.HAL_RCC_GetHCLKFreq
                0x0000000008003754       0x18 ./Drivers/STM32F4xx_HAL_Driver/Src/stm32f4xx_hal_rcc.o
                0x0000000008003754                HAL_RCC_GetHCLKFreq
 .text.HAL_RCC_GetPCLK1Freq
                0x000000000800376c       0x28 ./Drivers/STM32F4xx_HAL_Driver/Src/stm32f4xx_hal_rcc.o
                0x000000000800376c                HAL_RCC_GetPCLK1Freq
 .text.HAL_RCC_GetPCLK2Freq
                0x0000000008003794       0x28 ./Drivers/STM32F4xx_HAL_Driver/Src/stm32f4xx_hal_rcc.o
                0x0000000008003794                HAL_RCC_GetPCLK2Freq
 .text.HAL_TIM_Base_Init
                0x00000000080037bc       0x9e ./Drivers/STM32F4xx_HAL_Driver/Src/stm32f4xx_hal_tim.o
                0x00000000080037bc                HAL_TIM_Base_Init
 *fill*         0x000000000800385a        0x2 
 .text.HAL_TIM_Base_Start_IT
                0x000000000800385c       0xe0 ./Drivers/STM32F4xx_HAL_Driver/Src/stm32f4xx_hal_tim.o
                0x000000000800385c                HAL_TIM_Base_Start_IT
 .text.HAL_TIM_PWM_Init
                0x000000000800393c       0x9e ./Drivers/STM32F4xx_HAL_Driver/Src/stm32f4xx_hal_tim.o
                0x000000000800393c                HAL_TIM_PWM_Init
 *fill*         0x00000000080039da        0x2 
 .text.HAL_TIM_PWM_Start
                0x00000000080039dc      0x190 ./Drivers/STM32F4xx_HAL_Driver/Src/stm32f4xx_hal_tim.o
                0x00000000080039dc                HAL_TIM_PWM_Start
 .text.HAL_TIM_Encoder_Init
                0x0000000008003b6c      0x14c ./Drivers/STM32F4xx_HAL_Driver/Src/stm32f4xx_hal_tim.o
                0x0000000008003b6c                HAL_TIM_Encoder_Init
 .text.HAL_TIM_Encoder_Start
                0x0000000008003cb8      0x11c ./Drivers/STM32F4xx_HAL_Driver/Src/stm32f4xx_hal_tim.o
                0x0000000008003cb8                HAL_TIM_Encoder_Start
 .text.HAL_TIM_IRQHandler
                0x0000000008003dd4      0x210 ./Drivers/STM32F4xx_HAL_Driver/Src/stm32f4xx_hal_tim.o
                0x0000000008003dd4                HAL_TIM_IRQHandler
 .text.HAL_TIM_PWM_ConfigChannel
                0x0000000008003fe4      0x184 ./Drivers/STM32F4xx_HAL_Driver/Src/stm32f4xx_hal_tim.o
                0x0000000008003fe4                HAL_TIM_PWM_ConfigChannel
 .text.HAL_TIM_ConfigClockSource
                0x0000000008004168      0x18e ./Drivers/STM32F4xx_HAL_Driver/Src/stm32f4xx_hal_tim.o
                0x0000000008004168                HAL_TIM_ConfigClockSource
 .text.HAL_TIM_OC_DelayElapsedCallback
                0x00000000080042f6       0x14 ./Drivers/STM32F4xx_HAL_Driver/Src/stm32f4xx_hal_tim.o
                0x00000000080042f6                HAL_TIM_OC_DelayElapsedCallback
 .text.HAL_TIM_IC_CaptureCallback
                0x000000000800430a       0x14 ./Drivers/STM32F4xx_HAL_Driver/Src/stm32f4xx_hal_tim.o
                0x000000000800430a                HAL_TIM_IC_CaptureCallback
 .text.HAL_TIM_PWM_PulseFinishedCallback
                0x000000000800431e       0x14 ./Drivers/STM32F4xx_HAL_Driver/Src/stm32f4xx_hal_tim.o
                0x000000000800431e                HAL_TIM_PWM_PulseFinishedCallback
 .text.HAL_TIM_TriggerCallback
                0x0000000008004332       0x14 ./Drivers/STM32F4xx_HAL_Driver/Src/stm32f4xx_hal_tim.o
                0x0000000008004332                HAL_TIM_TriggerCallback
 *fill*         0x0000000008004346        0x2 
 .text.TIM_Base_SetConfig
                0x0000000008004348      0x140 ./Drivers/STM32F4xx_HAL_Driver/Src/stm32f4xx_hal_tim.o
                0x0000000008004348                TIM_Base_SetConfig
 .text.TIM_OC1_SetConfig
                0x0000000008004488       0xe0 ./Drivers/STM32F4xx_HAL_Driver/Src/stm32f4xx_hal_tim.o
 .text.TIM_OC2_SetConfig
                0x0000000008004568       0xec ./Drivers/STM32F4xx_HAL_Driver/Src/stm32f4xx_hal_tim.o
                0x0000000008004568                TIM_OC2_SetConfig
 .text.TIM_OC3_SetConfig
                0x0000000008004654       0xe8 ./Drivers/STM32F4xx_HAL_Driver/Src/stm32f4xx_hal_tim.o
 .text.TIM_OC4_SetConfig
                0x000000000800473c       0xac ./Drivers/STM32F4xx_HAL_Driver/Src/stm32f4xx_hal_tim.o
 .text.TIM_TI1_ConfigInputStage
                0x00000000080047e8       0x5e ./Drivers/STM32F4xx_HAL_Driver/Src/stm32f4xx_hal_tim.o
 .text.TIM_TI2_ConfigInputStage
                0x0000000008004846       0x60 ./Drivers/STM32F4xx_HAL_Driver/Src/stm32f4xx_hal_tim.o
 .text.TIM_ITRx_SetConfig
                0x00000000080048a6       0x36 ./Drivers/STM32F4xx_HAL_Driver/Src/stm32f4xx_hal_tim.o
 .text.TIM_ETR_SetConfig
                0x00000000080048dc       0x40 ./Drivers/STM32F4xx_HAL_Driver/Src/stm32f4xx_hal_tim.o
                0x00000000080048dc                TIM_ETR_SetConfig
 .text.TIM_CCxChannelCmd
                0x000000000800491c       0x4a ./Drivers/STM32F4xx_HAL_Driver/Src/stm32f4xx_hal_tim.o
                0x000000000800491c                TIM_CCxChannelCmd
 *fill*         0x0000000008004966        0x2 
 .text.HAL_TIMEx_MasterConfigSynchronization
                0x0000000008004968       0xf8 ./Drivers/STM32F4xx_HAL_Driver/Src/stm32f4xx_hal_tim_ex.o
                0x0000000008004968                HAL_TIMEx_MasterConfigSynchronization
 .text.HAL_TIMEx_CommutCallback
                0x0000000008004a60       0x14 ./Drivers/STM32F4xx_HAL_Driver/Src/stm32f4xx_hal_tim_ex.o
                0x0000000008004a60                HAL_TIMEx_CommutCallback
 .text.HAL_TIMEx_BreakCallback
                0x0000000008004a74       0x14 ./Drivers/STM32F4xx_HAL_Driver/Src/stm32f4xx_hal_tim_ex.o
                0x0000000008004a74                HAL_TIMEx_BreakCallback
 .text.HAL_UART_Init
                0x0000000008004a88       0x9a ./Drivers/STM32F4xx_HAL_Driver/Src/stm32f4xx_hal_uart.o
                0x0000000008004a88                HAL_UART_Init
 .text.HAL_UART_Transmit
                0x0000000008004b22      0x124 ./Drivers/STM32F4xx_HAL_Driver/Src/stm32f4xx_hal_uart.o
                0x0000000008004b22                HAL_UART_Transmit
 .text.HAL_UART_Receive_IT
                0x0000000008004c46       0x60 ./Drivers/STM32F4xx_HAL_Driver/Src/stm32f4xx_hal_uart.o
                0x0000000008004c46                HAL_UART_Receive_IT
 *fill*         0x0000000008004ca6        0x2 
 .text.HAL_UART_IRQHandler
                0x0000000008004ca8      0x51c ./Drivers/STM32F4xx_HAL_Driver/Src/stm32f4xx_hal_uart.o
                0x0000000008004ca8                HAL_UART_IRQHandler
 .text.HAL_UART_TxCpltCallback
                0x00000000080051c4       0x14 ./Drivers/STM32F4xx_HAL_Driver/Src/stm32f4xx_hal_uart.o
                0x00000000080051c4                HAL_UART_TxCpltCallback
 .text.HAL_UART_ErrorCallback
                0x00000000080051d8       0x14 ./Drivers/STM32F4xx_HAL_Driver/Src/stm32f4xx_hal_uart.o
                0x00000000080051d8                HAL_UART_ErrorCallback
 .text.HAL_UARTEx_RxEventCallback
                0x00000000080051ec       0x18 ./Drivers/STM32F4xx_HAL_Driver/Src/stm32f4xx_hal_uart.o
                0x00000000080051ec                HAL_UARTEx_RxEventCallback
 .text.UART_WaitOnFlagUntilTimeout
                0x0000000008005204       0xdc ./Drivers/STM32F4xx_HAL_Driver/Src/stm32f4xx_hal_uart.o
 .text.UART_Start_Receive_IT
                0x00000000080052e0       0x7c ./Drivers/STM32F4xx_HAL_Driver/Src/stm32f4xx_hal_uart.o
                0x00000000080052e0                UART_Start_Receive_IT
 .text.UART_EndRxTransfer
                0x000000000800535c       0xc6 ./Drivers/STM32F4xx_HAL_Driver/Src/stm32f4xx_hal_uart.o
 .text.UART_DMAAbortOnError
                0x0000000008005422       0x28 ./Drivers/STM32F4xx_HAL_Driver/Src/stm32f4xx_hal_uart.o
 .text.UART_Transmit_IT
                0x000000000800544a       0xa0 ./Drivers/STM32F4xx_HAL_Driver/Src/stm32f4xx_hal_uart.o
 .text.UART_EndTransmit_IT
                0x00000000080054ea       0x30 ./Drivers/STM32F4xx_HAL_Driver/Src/stm32f4xx_hal_uart.o
 .text.UART_Receive_IT
                0x000000000800551a      0x176 ./Drivers/STM32F4xx_HAL_Driver/Src/stm32f4xx_hal_uart.o
 .text.UART_SetConfig
                0x0000000008005690      0x4e8 ./Drivers/STM32F4xx_HAL_Driver/Src/stm32f4xx_hal_uart.o
 .text.__errno  0x0000000008005b78        0xc /home/vienchau/Downloads/en.st-stm32cubeide_1.9.0_12015_20220302_0855_amd64.sh_v1.9.0/makeself_dir_31IH9z/y/plugins/com.st.stm32cube.ide.mcu.externaltools.gnu-tools-for-stm32.10.3-2021.10.linux64_1.0.0.202111181127/tools/bin/../lib/gcc/arm-none-eabi/10.3.1/../../../../arm-none-eabi/lib/thumb/v7e-m+fp/hard/libc_nano.a(lib_a-errno.o)
                0x0000000008005b78                __errno
 .text.__libc_init_array
                0x0000000008005b84       0x48 /home/vienchau/Downloads/en.st-stm32cubeide_1.9.0_12015_20220302_0855_amd64.sh_v1.9.0/makeself_dir_31IH9z/y/plugins/com.st.stm32cube.ide.mcu.externaltools.gnu-tools-for-stm32.10.3-2021.10.linux64_1.0.0.202111181127/tools/bin/../lib/gcc/arm-none-eabi/10.3.1/../../../../arm-none-eabi/lib/thumb/v7e-m+fp/hard/libc_nano.a(lib_a-init.o)
                0x0000000008005b84                __libc_init_array
 .text.malloc   0x0000000008005bcc       0x10 /home/vienchau/Downloads/en.st-stm32cubeide_1.9.0_12015_20220302_0855_amd64.sh_v1.9.0/makeself_dir_31IH9z/y/plugins/com.st.stm32cube.ide.mcu.externaltools.gnu-tools-for-stm32.10.3-2021.10.linux64_1.0.0.202111181127/tools/bin/../lib/gcc/arm-none-eabi/10.3.1/../../../../arm-none-eabi/lib/thumb/v7e-m+fp/hard/libc_nano.a(lib_a-malloc.o)
                0x0000000008005bcc                malloc
 .text.free     0x0000000008005bdc       0x10 /home/vienchau/Downloads/en.st-stm32cubeide_1.9.0_12015_20220302_0855_amd64.sh_v1.9.0/makeself_dir_31IH9z/y/plugins/com.st.stm32cube.ide.mcu.externaltools.gnu-tools-for-stm32.10.3-2021.10.linux64_1.0.0.202111181127/tools/bin/../lib/gcc/arm-none-eabi/10.3.1/../../../../arm-none-eabi/lib/thumb/v7e-m+fp/hard/libc_nano.a(lib_a-malloc.o)
                0x0000000008005bdc                free
 .text.memcpy   0x0000000008005bec       0x1c /home/vienchau/Downloads/en.st-stm32cubeide_1.9.0_12015_20220302_0855_amd64.sh_v1.9.0/makeself_dir_31IH9z/y/plugins/com.st.stm32cube.ide.mcu.externaltools.gnu-tools-for-stm32.10.3-2021.10.linux64_1.0.0.202111181127/tools/bin/../lib/gcc/arm-none-eabi/10.3.1/../../../../arm-none-eabi/lib/thumb/v7e-m+fp/hard/libc_nano.a(lib_a-memcpy-stub.o)
                0x0000000008005bec                memcpy
 .text.memset   0x0000000008005c08       0x10 /home/vienchau/Downloads/en.st-stm32cubeide_1.9.0_12015_20220302_0855_amd64.sh_v1.9.0/makeself_dir_31IH9z/y/plugins/com.st.stm32cube.ide.mcu.externaltools.gnu-tools-for-stm32.10.3-2021.10.linux64_1.0.0.202111181127/tools/bin/../lib/gcc/arm-none-eabi/10.3.1/../../../../arm-none-eabi/lib/thumb/v7e-m+fp/hard/libc_nano.a(lib_a-memset.o)
                0x0000000008005c08                memset
 .text._free_r  0x0000000008005c18       0x98 /home/vienchau/Downloads/en.st-stm32cubeide_1.9.0_12015_20220302_0855_amd64.sh_v1.9.0/makeself_dir_31IH9z/y/plugins/com.st.stm32cube.ide.mcu.externaltools.gnu-tools-for-stm32.10.3-2021.10.linux64_1.0.0.202111181127/tools/bin/../lib/gcc/arm-none-eabi/10.3.1/../../../../arm-none-eabi/lib/thumb/v7e-m+fp/hard/libc_nano.a(lib_a-nano-freer.o)
                0x0000000008005c18                _free_r
 .text.sbrk_aligned
                0x0000000008005cb0       0x40 /home/vienchau/Downloads/en.st-stm32cubeide_1.9.0_12015_20220302_0855_amd64.sh_v1.9.0/makeself_dir_31IH9z/y/plugins/com.st.stm32cube.ide.mcu.externaltools.gnu-tools-for-stm32.10.3-2021.10.linux64_1.0.0.202111181127/tools/bin/../lib/gcc/arm-none-eabi/10.3.1/../../../../arm-none-eabi/lib/thumb/v7e-m+fp/hard/libc_nano.a(lib_a-nano-mallocr.o)
 .text._malloc_r
                0x0000000008005cf0       0xe8 /home/vienchau/Downloads/en.st-stm32cubeide_1.9.0_12015_20220302_0855_amd64.sh_v1.9.0/makeself_dir_31IH9z/y/plugins/com.st.stm32cube.ide.mcu.externaltools.gnu-tools-for-stm32.10.3-2021.10.linux64_1.0.0.202111181127/tools/bin/../lib/gcc/arm-none-eabi/10.3.1/../../../../arm-none-eabi/lib/thumb/v7e-m+fp/hard/libc_nano.a(lib_a-nano-mallocr.o)
                0x0000000008005cf0                _malloc_r
 .text._sbrk_r  0x0000000008005dd8       0x20 /home/vienchau/Downloads/en.st-stm32cubeide_1.9.0_12015_20220302_0855_amd64.sh_v1.9.0/makeself_dir_31IH9z/y/plugins/com.st.stm32cube.ide.mcu.externaltools.gnu-tools-for-stm32.10.3-2021.10.linux64_1.0.0.202111181127/tools/bin/../lib/gcc/arm-none-eabi/10.3.1/../../../../arm-none-eabi/lib/thumb/v7e-m+fp/hard/libc_nano.a(lib_a-sbrkr.o)
                0x0000000008005dd8                _sbrk_r
 .text.sprintf  0x0000000008005df8       0x40 /home/vienchau/Downloads/en.st-stm32cubeide_1.9.0_12015_20220302_0855_amd64.sh_v1.9.0/makeself_dir_31IH9z/y/plugins/com.st.stm32cube.ide.mcu.externaltools.gnu-tools-for-stm32.10.3-2021.10.linux64_1.0.0.202111181127/tools/bin/../lib/gcc/arm-none-eabi/10.3.1/../../../../arm-none-eabi/lib/thumb/v7e-m+fp/hard/libc_nano.a(lib_a-sprintf.o)
                0x0000000008005df8                sprintf
                0x0000000008005df8                siprintf
 .text.__malloc_lock
                0x0000000008005e38        0xc /home/vienchau/Downloads/en.st-stm32cubeide_1.9.0_12015_20220302_0855_amd64.sh_v1.9.0/makeself_dir_31IH9z/y/plugins/com.st.stm32cube.ide.mcu.externaltools.gnu-tools-for-stm32.10.3-2021.10.linux64_1.0.0.202111181127/tools/bin/../lib/gcc/arm-none-eabi/10.3.1/../../../../arm-none-eabi/lib/thumb/v7e-m+fp/hard/libc_nano.a(lib_a-mlock.o)
                0x0000000008005e38                __malloc_lock
 .text.__malloc_unlock
                0x0000000008005e44        0xc /home/vienchau/Downloads/en.st-stm32cubeide_1.9.0_12015_20220302_0855_amd64.sh_v1.9.0/makeself_dir_31IH9z/y/plugins/com.st.stm32cube.ide.mcu.externaltools.gnu-tools-for-stm32.10.3-2021.10.linux64_1.0.0.202111181127/tools/bin/../lib/gcc/arm-none-eabi/10.3.1/../../../../arm-none-eabi/lib/thumb/v7e-m+fp/hard/libc_nano.a(lib_a-mlock.o)
                0x0000000008005e44                __malloc_unlock
 .text.__ssputs_r
                0x0000000008005e50       0xb6 /home/vienchau/Downloads/en.st-stm32cubeide_1.9.0_12015_20220302_0855_amd64.sh_v1.9.0/makeself_dir_31IH9z/y/plugins/com.st.stm32cube.ide.mcu.externaltools.gnu-tools-for-stm32.10.3-2021.10.linux64_1.0.0.202111181127/tools/bin/../lib/gcc/arm-none-eabi/10.3.1/../../../../arm-none-eabi/lib/thumb/v7e-m+fp/hard/libc_nano.a(lib_a-nano-svfprintf.o)
                0x0000000008005e50                __ssputs_r
 *fill*         0x0000000008005f06        0x2 
 .text._svfprintf_r
                0x0000000008005f08      0x200 /home/vienchau/Downloads/en.st-stm32cubeide_1.9.0_12015_20220302_0855_amd64.sh_v1.9.0/makeself_dir_31IH9z/y/plugins/com.st.stm32cube.ide.mcu.externaltools.gnu-tools-for-stm32.10.3-2021.10.linux64_1.0.0.202111181127/tools/bin/../lib/gcc/arm-none-eabi/10.3.1/../../../../arm-none-eabi/lib/thumb/v7e-m+fp/hard/libc_nano.a(lib_a-nano-svfprintf.o)
                0x0000000008005f08                _svfprintf_r
                0x0000000008005f08                _svfiprintf_r
 .text._printf_common
                0x0000000008006108       0xda /home/vienchau/Downloads/en.st-stm32cubeide_1.9.0_12015_20220302_0855_amd64.sh_v1.9.0/makeself_dir_31IH9z/y/plugins/com.st.stm32cube.ide.mcu.externaltools.gnu-tools-for-stm32.10.3-2021.10.linux64_1.0.0.202111181127/tools/bin/../lib/gcc/arm-none-eabi/10.3.1/../../../../arm-none-eabi/lib/thumb/v7e-m+fp/hard/libc_nano.a(lib_a-nano-vfprintf_i.o)
                0x0000000008006108                _printf_common
 *fill*         0x00000000080061e2        0x2 
 .text._printf_i
                0x00000000080061e4      0x24c /home/vienchau/Downloads/en.st-stm32cubeide_1.9.0_12015_20220302_0855_amd64.sh_v1.9.0/makeself_dir_31IH9z/y/plugins/com.st.stm32cube.ide.mcu.externaltools.gnu-tools-for-stm32.10.3-2021.10.linux64_1.0.0.202111181127/tools/bin/../lib/gcc/arm-none-eabi/10.3.1/../../../../arm-none-eabi/lib/thumb/v7e-m+fp/hard/libc_nano.a(lib_a-nano-vfprintf_i.o)
                0x00000000080061e4                _printf_i
 .text.__retarget_lock_acquire_recursive
                0x0000000008006430        0x2 /home/vienchau/Downloads/en.st-stm32cubeide_1.9.0_12015_20220302_0855_amd64.sh_v1.9.0/makeself_dir_31IH9z/y/plugins/com.st.stm32cube.ide.mcu.externaltools.gnu-tools-for-stm32.10.3-2021.10.linux64_1.0.0.202111181127/tools/bin/../lib/gcc/arm-none-eabi/10.3.1/../../../../arm-none-eabi/lib/thumb/v7e-m+fp/hard/libc_nano.a(lib_a-lock.o)
                0x0000000008006430                __retarget_lock_acquire_recursive
 .text.__retarget_lock_release_recursive
                0x0000000008006432        0x2 /home/vienchau/Downloads/en.st-stm32cubeide_1.9.0_12015_20220302_0855_amd64.sh_v1.9.0/makeself_dir_31IH9z/y/plugins/com.st.stm32cube.ide.mcu.externaltools.gnu-tools-for-stm32.10.3-2021.10.linux64_1.0.0.202111181127/tools/bin/../lib/gcc/arm-none-eabi/10.3.1/../../../../arm-none-eabi/lib/thumb/v7e-m+fp/hard/libc_nano.a(lib_a-lock.o)
                0x0000000008006432                __retarget_lock_release_recursive
 .text.memmove  0x0000000008006434       0x34 /home/vienchau/Downloads/en.st-stm32cubeide_1.9.0_12015_20220302_0855_amd64.sh_v1.9.0/makeself_dir_31IH9z/y/plugins/com.st.stm32cube.ide.mcu.externaltools.gnu-tools-for-stm32.10.3-2021.10.linux64_1.0.0.202111181127/tools/bin/../lib/gcc/arm-none-eabi/10.3.1/../../../../arm-none-eabi/lib/thumb/v7e-m+fp/hard/libc_nano.a(lib_a-memmove.o)
                0x0000000008006434                memmove
 .text._realloc_r
                0x0000000008006468       0x5e /home/vienchau/Downloads/en.st-stm32cubeide_1.9.0_12015_20220302_0855_amd64.sh_v1.9.0/makeself_dir_31IH9z/y/plugins/com.st.stm32cube.ide.mcu.externaltools.gnu-tools-for-stm32.10.3-2021.10.linux64_1.0.0.202111181127/tools/bin/../lib/gcc/arm-none-eabi/10.3.1/../../../../arm-none-eabi/lib/thumb/v7e-m+fp/hard/libc_nano.a(lib_a-nano-reallocr.o)
                0x0000000008006468                _realloc_r
 .text._malloc_usable_size_r
                0x00000000080064c6       0x10 /home/vienchau/Downloads/en.st-stm32cubeide_1.9.0_12015_20220302_0855_amd64.sh_v1.9.0/makeself_dir_31IH9z/y/plugins/com.st.stm32cube.ide.mcu.externaltools.gnu-tools-for-stm32.10.3-2021.10.linux64_1.0.0.202111181127/tools/bin/../lib/gcc/arm-none-eabi/10.3.1/../../../../arm-none-eabi/lib/thumb/v7e-m+fp/hard/libc_nano.a(lib_a-nano-msizer.o)
                0x00000000080064c6                _malloc_usable_size_r
 *fill*         0x00000000080064d6        0x2 
 .text.pow      0x00000000080064d8       0xe0 /home/vienchau/Downloads/en.st-stm32cubeide_1.9.0_12015_20220302_0855_amd64.sh_v1.9.0/makeself_dir_31IH9z/y/plugins/com.st.stm32cube.ide.mcu.externaltools.gnu-tools-for-stm32.10.3-2021.10.linux64_1.0.0.202111181127/tools/bin/../lib/gcc/arm-none-eabi/10.3.1/../../../../arm-none-eabi/lib/thumb/v7e-m+fp/hard/libm.a(lib_a-w_pow.o)
                0x00000000080064d8                pow
 .text.__ieee754_pow
                0x00000000080065b8      0xa5c /home/vienchau/Downloads/en.st-stm32cubeide_1.9.0_12015_20220302_0855_amd64.sh_v1.9.0/makeself_dir_31IH9z/y/plugins/com.st.stm32cube.ide.mcu.externaltools.gnu-tools-for-stm32.10.3-2021.10.linux64_1.0.0.202111181127/tools/bin/../lib/gcc/arm-none-eabi/10.3.1/../../../../arm-none-eabi/lib/thumb/v7e-m+fp/hard/libm.a(lib_a-e_pow.o)
                0x00000000080065b8                __ieee754_pow
 .text.__ieee754_sqrt
                0x0000000008007014      0x164 /home/vienchau/Downloads/en.st-stm32cubeide_1.9.0_12015_20220302_0855_amd64.sh_v1.9.0/makeself_dir_31IH9z/y/plugins/com.st.stm32cube.ide.mcu.externaltools.gnu-tools-for-stm32.10.3-2021.10.linux64_1.0.0.202111181127/tools/bin/../lib/gcc/arm-none-eabi/10.3.1/../../../../arm-none-eabi/lib/thumb/v7e-m+fp/hard/libm.a(lib_a-e_sqrt.o)
                0x0000000008007014                __ieee754_sqrt
 .text.with_errno
                0x0000000008007178       0x14 /home/vienchau/Downloads/en.st-stm32cubeide_1.9.0_12015_20220302_0855_amd64.sh_v1.9.0/makeself_dir_31IH9z/y/plugins/com.st.stm32cube.ide.mcu.externaltools.gnu-tools-for-stm32.10.3-2021.10.linux64_1.0.0.202111181127/tools/bin/../lib/gcc/arm-none-eabi/10.3.1/../../../../arm-none-eabi/lib/thumb/v7e-m+fp/hard/libm.a(lib_a-math_err.o)
 .text.xflow    0x000000000800718c       0x28 /home/vienchau/Downloads/en.st-stm32cubeide_1.9.0_12015_20220302_0855_amd64.sh_v1.9.0/makeself_dir_31IH9z/y/plugins/com.st.stm32cube.ide.mcu.externaltools.gnu-tools-for-stm32.10.3-2021.10.linux64_1.0.0.202111181127/tools/bin/../lib/gcc/arm-none-eabi/10.3.1/../../../../arm-none-eabi/lib/thumb/v7e-m+fp/hard/libm.a(lib_a-math_err.o)
 .text.__math_uflow
                0x00000000080071b4       0x12 /home/vienchau/Downloads/en.st-stm32cubeide_1.9.0_12015_20220302_0855_amd64.sh_v1.9.0/makeself_dir_31IH9z/y/plugins/com.st.stm32cube.ide.mcu.externaltools.gnu-tools-for-stm32.10.3-2021.10.linux64_1.0.0.202111181127/tools/bin/../lib/gcc/arm-none-eabi/10.3.1/../../../../arm-none-eabi/lib/thumb/v7e-m+fp/hard/libm.a(lib_a-math_err.o)
                0x00000000080071b4                __math_uflow
 .text.__math_oflow
                0x00000000080071c6       0x12 /home/vienchau/Downloads/en.st-stm32cubeide_1.9.0_12015_20220302_0855_amd64.sh_v1.9.0/makeself_dir_31IH9z/y/plugins/com.st.stm32cube.ide.mcu.externaltools.gnu-tools-for-stm32.10.3-2021.10.linux64_1.0.0.202111181127/tools/bin/../lib/gcc/arm-none-eabi/10.3.1/../../../../arm-none-eabi/lib/thumb/v7e-m+fp/hard/libm.a(lib_a-math_err.o)
                0x00000000080071c6                __math_oflow
 .text.fabs     0x00000000080071d8       0x12 /home/vienchau/Downloads/en.st-stm32cubeide_1.9.0_12015_20220302_0855_amd64.sh_v1.9.0/makeself_dir_31IH9z/y/plugins/com.st.stm32cube.ide.mcu.externaltools.gnu-tools-for-stm32.10.3-2021.10.linux64_1.0.0.202111181127/tools/bin/../lib/gcc/arm-none-eabi/10.3.1/../../../../arm-none-eabi/lib/thumb/v7e-m+fp/hard/libm.a(lib_a-s_fabs.o)
                0x00000000080071d8                fabs
 .text.finite   0x00000000080071ea       0x16 /home/vienchau/Downloads/en.st-stm32cubeide_1.9.0_12015_20220302_0855_amd64.sh_v1.9.0/makeself_dir_31IH9z/y/plugins/com.st.stm32cube.ide.mcu.externaltools.gnu-tools-for-stm32.10.3-2021.10.linux64_1.0.0.202111181127/tools/bin/../lib/gcc/arm-none-eabi/10.3.1/../../../../arm-none-eabi/lib/thumb/v7e-m+fp/hard/libm.a(lib_a-s_finite.o)
                0x00000000080071ea                finite
 .text.scalbn   0x0000000008007200      0x10c /home/vienchau/Downloads/en.st-stm32cubeide_1.9.0_12015_20220302_0855_amd64.sh_v1.9.0/makeself_dir_31IH9z/y/plugins/com.st.stm32cube.ide.mcu.externaltools.gnu-tools-for-stm32.10.3-2021.10.linux64_1.0.0.202111181127/tools/bin/../lib/gcc/arm-none-eabi/10.3.1/../../../../arm-none-eabi/lib/thumb/v7e-m+fp/hard/libm.a(lib_a-s_scalbn.o)
                0x0000000008007200                scalbn
 *(.glue_7)
 .glue_7        0x000000000800730c        0x0 linker stubs
 *(.glue_7t)
 .glue_7t       0x000000000800730c        0x0 linker stubs
 *(.eh_frame)
 .eh_frame      0x000000000800730c        0x0 /home/vienchau/Downloads/en.st-stm32cubeide_1.9.0_12015_20220302_0855_amd64.sh_v1.9.0/makeself_dir_31IH9z/y/plugins/com.st.stm32cube.ide.mcu.externaltools.gnu-tools-for-stm32.10.3-2021.10.linux64_1.0.0.202111181127/tools/bin/../lib/gcc/arm-none-eabi/10.3.1/thumb/v7e-m+fp/hard/crtbegin.o
 *(.init)
 .init          0x000000000800730c        0x4 /home/vienchau/Downloads/en.st-stm32cubeide_1.9.0_12015_20220302_0855_amd64.sh_v1.9.0/makeself_dir_31IH9z/y/plugins/com.st.stm32cube.ide.mcu.externaltools.gnu-tools-for-stm32.10.3-2021.10.linux64_1.0.0.202111181127/tools/bin/../lib/gcc/arm-none-eabi/10.3.1/thumb/v7e-m+fp/hard/crti.o
                0x000000000800730c                _init
 .init          0x0000000008007310        0x8 /home/vienchau/Downloads/en.st-stm32cubeide_1.9.0_12015_20220302_0855_amd64.sh_v1.9.0/makeself_dir_31IH9z/y/plugins/com.st.stm32cube.ide.mcu.externaltools.gnu-tools-for-stm32.10.3-2021.10.linux64_1.0.0.202111181127/tools/bin/../lib/gcc/arm-none-eabi/10.3.1/thumb/v7e-m+fp/hard/crtn.o
 *(.fini)
 .fini          0x0000000008007318        0x4 /home/vienchau/Downloads/en.st-stm32cubeide_1.9.0_12015_20220302_0855_amd64.sh_v1.9.0/makeself_dir_31IH9z/y/plugins/com.st.stm32cube.ide.mcu.externaltools.gnu-tools-for-stm32.10.3-2021.10.linux64_1.0.0.202111181127/tools/bin/../lib/gcc/arm-none-eabi/10.3.1/thumb/v7e-m+fp/hard/crti.o
                0x0000000008007318                _fini
 .fini          0x000000000800731c        0x8 /home/vienchau/Downloads/en.st-stm32cubeide_1.9.0_12015_20220302_0855_amd64.sh_v1.9.0/makeself_dir_31IH9z/y/plugins/com.st.stm32cube.ide.mcu.externaltools.gnu-tools-for-stm32.10.3-2021.10.linux64_1.0.0.202111181127/tools/bin/../lib/gcc/arm-none-eabi/10.3.1/thumb/v7e-m+fp/hard/crtn.o
                0x0000000008007324                . = ALIGN (0x4)
                0x0000000008007324                _etext = .

.vfp11_veneer   0x0000000008007324        0x0
 .vfp11_veneer  0x0000000008007324        0x0 linker stubs

.v4_bx          0x0000000008007324        0x0
 .v4_bx         0x0000000008007324        0x0 linker stubs

.iplt           0x0000000008007324        0x0
 .iplt          0x0000000008007324        0x0 /home/vienchau/Downloads/en.st-stm32cubeide_1.9.0_12015_20220302_0855_amd64.sh_v1.9.0/makeself_dir_31IH9z/y/plugins/com.st.stm32cube.ide.mcu.externaltools.gnu-tools-for-stm32.10.3-2021.10.linux64_1.0.0.202111181127/tools/bin/../lib/gcc/arm-none-eabi/10.3.1/thumb/v7e-m+fp/hard/crtbegin.o

.rodata         0x0000000008007328       0xb0
                0x0000000008007328                . = ALIGN (0x4)
 *(.rodata)
 .rodata        0x0000000008007328       0x33 ./Core/Src/main.o
 *(.rodata*)
 *fill*         0x000000000800735b        0x1 
 .rodata.AHBPrescTable
                0x000000000800735c       0x10 ./Core/Src/system_stm32f4xx.o
                0x000000000800735c                AHBPrescTable
 .rodata.APBPrescTable
                0x000000000800736c        0x8 ./Core/Src/system_stm32f4xx.o
                0x000000000800736c                APBPrescTable
 .rodata._svfprintf_r.str1.1
                0x0000000008007374       0x11 /home/vienchau/Downloads/en.st-stm32cubeide_1.9.0_12015_20220302_0855_amd64.sh_v1.9.0/makeself_dir_31IH9z/y/plugins/com.st.stm32cube.ide.mcu.externaltools.gnu-tools-for-stm32.10.3-2021.10.linux64_1.0.0.202111181127/tools/bin/../lib/gcc/arm-none-eabi/10.3.1/../../../../arm-none-eabi/lib/thumb/v7e-m+fp/hard/libc_nano.a(lib_a-nano-svfprintf.o)
 .rodata._printf_i.str1.1
                0x0000000008007385       0x22 /home/vienchau/Downloads/en.st-stm32cubeide_1.9.0_12015_20220302_0855_amd64.sh_v1.9.0/makeself_dir_31IH9z/y/plugins/com.st.stm32cube.ide.mcu.externaltools.gnu-tools-for-stm32.10.3-2021.10.linux64_1.0.0.202111181127/tools/bin/../lib/gcc/arm-none-eabi/10.3.1/../../../../arm-none-eabi/lib/thumb/v7e-m+fp/hard/libc_nano.a(lib_a-nano-vfprintf_i.o)
 *fill*         0x00000000080073a7        0x1 
 .rodata.bp     0x00000000080073a8       0x10 /home/vienchau/Downloads/en.st-stm32cubeide_1.9.0_12015_20220302_0855_amd64.sh_v1.9.0/makeself_dir_31IH9z/y/plugins/com.st.stm32cube.ide.mcu.externaltools.gnu-tools-for-stm32.10.3-2021.10.linux64_1.0.0.202111181127/tools/bin/../lib/gcc/arm-none-eabi/10.3.1/../../../../arm-none-eabi/lib/thumb/v7e-m+fp/hard/libm.a(lib_a-e_pow.o)
 .rodata.dp_h   0x00000000080073b8       0x10 /home/vienchau/Downloads/en.st-stm32cubeide_1.9.0_12015_20220302_0855_amd64.sh_v1.9.0/makeself_dir_31IH9z/y/plugins/com.st.stm32cube.ide.mcu.externaltools.gnu-tools-for-stm32.10.3-2021.10.linux64_1.0.0.202111181127/tools/bin/../lib/gcc/arm-none-eabi/10.3.1/../../../../arm-none-eabi/lib/thumb/v7e-m+fp/hard/libm.a(lib_a-e_pow.o)
 .rodata.dp_l   0x00000000080073c8       0x10 /home/vienchau/Downloads/en.st-stm32cubeide_1.9.0_12015_20220302_0855_amd64.sh_v1.9.0/makeself_dir_31IH9z/y/plugins/com.st.stm32cube.ide.mcu.externaltools.gnu-tools-for-stm32.10.3-2021.10.linux64_1.0.0.202111181127/tools/bin/../lib/gcc/arm-none-eabi/10.3.1/../../../../arm-none-eabi/lib/thumb/v7e-m+fp/hard/libm.a(lib_a-e_pow.o)
                0x00000000080073d8                . = ALIGN (0x4)

.ARM.extab      0x00000000080073d8        0x0
                0x00000000080073d8                . = ALIGN (0x4)
 *(.ARM.extab* .gnu.linkonce.armextab.*)
                0x00000000080073d8                . = ALIGN (0x4)

.ARM            0x00000000080073d8        0x8
                0x00000000080073d8                . = ALIGN (0x4)
                0x00000000080073d8                __exidx_start = .
 *(.ARM.exidx*)
 .ARM.exidx     0x00000000080073d8        0x8 /home/vienchau/Downloads/en.st-stm32cubeide_1.9.0_12015_20220302_0855_amd64.sh_v1.9.0/makeself_dir_31IH9z/y/plugins/com.st.stm32cube.ide.mcu.externaltools.gnu-tools-for-stm32.10.3-2021.10.linux64_1.0.0.202111181127/tools/bin/../lib/gcc/arm-none-eabi/10.3.1/thumb/v7e-m+fp/hard/libgcc.a(_udivmoddi4.o)
                0x00000000080073e0                __exidx_end = .
                0x00000000080073e0                . = ALIGN (0x4)

.rel.dyn        0x00000000080073e0        0x0
 .rel.iplt      0x00000000080073e0        0x0 /home/vienchau/Downloads/en.st-stm32cubeide_1.9.0_12015_20220302_0855_amd64.sh_v1.9.0/makeself_dir_31IH9z/y/plugins/com.st.stm32cube.ide.mcu.externaltools.gnu-tools-for-stm32.10.3-2021.10.linux64_1.0.0.202111181127/tools/bin/../lib/gcc/arm-none-eabi/10.3.1/thumb/v7e-m+fp/hard/crtbegin.o

.preinit_array  0x00000000080073e0        0x0
                0x00000000080073e0                . = ALIGN (0x4)
                0x00000000080073e0                PROVIDE (__preinit_array_start = .)
 *(.preinit_array*)
                0x00000000080073e0                PROVIDE (__preinit_array_end = .)
                0x00000000080073e0                . = ALIGN (0x4)

.init_array     0x00000000080073e0        0x4
                0x00000000080073e0                . = ALIGN (0x4)
                0x00000000080073e0                PROVIDE (__init_array_start = .)
 *(SORT_BY_NAME(.init_array.*))
 *(.init_array*)
 .init_array    0x00000000080073e0        0x4 /home/vienchau/Downloads/en.st-stm32cubeide_1.9.0_12015_20220302_0855_amd64.sh_v1.9.0/makeself_dir_31IH9z/y/plugins/com.st.stm32cube.ide.mcu.externaltools.gnu-tools-for-stm32.10.3-2021.10.linux64_1.0.0.202111181127/tools/bin/../lib/gcc/arm-none-eabi/10.3.1/thumb/v7e-m+fp/hard/crtbegin.o
                0x00000000080073e4                PROVIDE (__init_array_end = .)
                0x00000000080073e4                . = ALIGN (0x4)

.fini_array     0x00000000080073e4        0x4
                0x00000000080073e4                . = ALIGN (0x4)
                [!provide]                        PROVIDE (__fini_array_start = .)
 *(SORT_BY_NAME(.fini_array.*))
 *(.fini_array*)
 .fini_array    0x00000000080073e4        0x4 /home/vienchau/Downloads/en.st-stm32cubeide_1.9.0_12015_20220302_0855_amd64.sh_v1.9.0/makeself_dir_31IH9z/y/plugins/com.st.stm32cube.ide.mcu.externaltools.gnu-tools-for-stm32.10.3-2021.10.linux64_1.0.0.202111181127/tools/bin/../lib/gcc/arm-none-eabi/10.3.1/thumb/v7e-m+fp/hard/crtbegin.o
                [!provide]                        PROVIDE (__fini_array_end = .)
                0x00000000080073e8                . = ALIGN (0x4)
                0x00000000080073e8                _sidata = LOADADDR (.data)

.data           0x0000000020000000       0x7c load address 0x00000000080073e8
                0x0000000020000000                . = ALIGN (0x4)
                0x0000000020000000                _sdata = .
 *(.data)
 *(.data*)
 .data.STX      0x0000000020000000        0x1 ./Core/Src/serial.o
                0x0000000020000000                STX
 *fill*         0x0000000020000001        0x3 
 .data.ETX      0x0000000020000004        0x1 ./Core/Src/serial.o
                0x0000000020000004                ETX
 *fill*         0x0000000020000005        0x3 
 .data.ACK      0x0000000020000008        0x1 ./Core/Src/serial.o
                0x0000000020000008                ACK
 *fill*         0x0000000020000009        0x3 
 .data.SystemCoreClock
                0x000000002000000c        0x4 ./Core/Src/system_stm32f4xx.o
                0x000000002000000c                SystemCoreClock
 .data.uwTickPrio
                0x0000000020000010        0x4 ./Drivers/STM32F4xx_HAL_Driver/Src/stm32f4xx_hal.o
                0x0000000020000010                uwTickPrio
 .data.uwTickFreq
                0x0000000020000014        0x1 ./Drivers/STM32F4xx_HAL_Driver/Src/stm32f4xx_hal.o
                0x0000000020000014                uwTickFreq
 *fill*         0x0000000020000015        0x3 
 .data._impure_ptr
                0x0000000020000018        0x4 /home/vienchau/Downloads/en.st-stm32cubeide_1.9.0_12015_20220302_0855_amd64.sh_v1.9.0/makeself_dir_31IH9z/y/plugins/com.st.stm32cube.ide.mcu.externaltools.gnu-tools-for-stm32.10.3-2021.10.linux64_1.0.0.202111181127/tools/bin/../lib/gcc/arm-none-eabi/10.3.1/../../../../arm-none-eabi/lib/thumb/v7e-m+fp/hard/libc_nano.a(lib_a-impure.o)
                0x0000000020000018                _impure_ptr
 .data.impure_data
                0x000000002000001c       0x60 /home/vienchau/Downloads/en.st-stm32cubeide_1.9.0_12015_20220302_0855_amd64.sh_v1.9.0/makeself_dir_31IH9z/y/plugins/com.st.stm32cube.ide.mcu.externaltools.gnu-tools-for-stm32.10.3-2021.10.linux64_1.0.0.202111181127/tools/bin/../lib/gcc/arm-none-eabi/10.3.1/../../../../arm-none-eabi/lib/thumb/v7e-m+fp/hard/libc_nano.a(lib_a-impure.o)
 *(.RamFunc)
 *(.RamFunc*)
                0x000000002000007c                . = ALIGN (0x4)
                0x000000002000007c                _edata = .
                0x0000000008007464                _siccmram = LOADADDR (.ccmram)

.igot.plt       0x000000002000007c        0x0 load address 0x0000000008007464
 .igot.plt      0x000000002000007c        0x0 /home/vienchau/Downloads/en.st-stm32cubeide_1.9.0_12015_20220302_0855_amd64.sh_v1.9.0/makeself_dir_31IH9z/y/plugins/com.st.stm32cube.ide.mcu.externaltools.gnu-tools-for-stm32.10.3-2021.10.linux64_1.0.0.202111181127/tools/bin/../lib/gcc/arm-none-eabi/10.3.1/thumb/v7e-m+fp/hard/crtbegin.o

.ccmram         0x0000000010000000        0x0 load address 0x0000000008007464
                0x0000000010000000                . = ALIGN (0x4)
                0x0000000010000000                _sccmram = .
 *(.ccmram)
 *(.ccmram*)
                0x0000000010000000                . = ALIGN (0x4)
                0x0000000010000000                _eccmram = .
                0x0000000010000000                . = ALIGN (0x4)

.bss            0x000000002000007c      0xb4c
                0x000000002000007c                _sbss = .
                0x000000002000007c                __bss_start__ = _sbss
 *(.bss)
 .bss           0x000000002000007c       0x1c /home/vienchau/Downloads/en.st-stm32cubeide_1.9.0_12015_20220302_0855_amd64.sh_v1.9.0/makeself_dir_31IH9z/y/plugins/com.st.stm32cube.ide.mcu.externaltools.gnu-tools-for-stm32.10.3-2021.10.linux64_1.0.0.202111181127/tools/bin/../lib/gcc/arm-none-eabi/10.3.1/thumb/v7e-m+fp/hard/crtbegin.o
 *(.bss*)
 .bss.g_strTxCommand
                0x0000000020000098        0x4 ./Core/Src/main.o
                0x0000000020000098                g_strTxCommand
 .bss.g_nTxOption
                0x000000002000009c        0x3 ./Core/Src/main.o
                0x000000002000009c                g_nTxOption
 *fill*         0x000000002000009f        0x1 
 .bss.g_nTxData
                0x00000000200000a0        0x8 ./Core/Src/main.o
                0x00000000200000a0                g_nTxData
 .bss.tProcess  0x00000000200000a8        0x1 ./Core/Src/motor.o
                0x00000000200000a8                tProcess
 *fill*         0x00000000200000a9        0x3 
 .bss.tPIDControl
                0x00000000200000ac      0x974 ./Core/Src/motor.o
                0x00000000200000ac                tPIDControl
 .bss.tProfile  0x0000000020000a20       0x34 ./Core/Src/motor.o
                0x0000000020000a20                tProfile
 .bss.g_nDutyCycle
                0x0000000020000a54        0x4 ./Core/Src/motor.o
                0x0000000020000a54                g_nDutyCycle
 .bss.g_dCmdVel
                0x0000000020000a58        0x4 ./Core/Src/motor.o
                0x0000000020000a58                g_dCmdVel
 .bss.g_nActPulse
                0x0000000020000a5c        0x4 ./Core/Src/motor.o
                0x0000000020000a5c                g_nActPulse
 .bss.g_nCmdPulse
                0x0000000020000a60        0x4 ./Core/Src/motor.o
                0x0000000020000a60                g_nCmdPulse
 .bss.g_nIndex  0x0000000020000a64        0x2 ./Core/Src/motor.o
                0x0000000020000a64                g_nIndex
 *fill*         0x0000000020000a66        0x2 
 .bss.g_dPIDError
                0x0000000020000a68        0x4 ./Core/Src/pid.o
                0x0000000020000a68                g_dPIDError
 .bss.g_nRxBuff
                0x0000000020000a6c       0x12 ./Core/Src/serial.o
                0x0000000020000a6c                g_nRxBuff
 *fill*         0x0000000020000a7e        0x2 
 .bss.g_strCommand
                0x0000000020000a80        0x4 ./Core/Src/serial.o
                0x0000000020000a80                g_strCommand
 .bss.g_nOption
                0x0000000020000a84        0x3 ./Core/Src/serial.o
                0x0000000020000a84                g_nOption
 *fill*         0x0000000020000a87        0x1 
 .bss.g_nData   0x0000000020000a88        0x8 ./Core/Src/serial.o
                0x0000000020000a88                g_nData
 .bss.g_bDataAvailable
                0x0000000020000a90        0x1 ./Core/Src/serial.o
                0x0000000020000a90                g_bDataAvailable
 *fill*         0x0000000020000a91        0x3 
 .bss.__sbrk_heap_end
                0x0000000020000a94        0x4 ./Core/Src/sysmem.o
 .bss.htim2     0x0000000020000a98       0x48 ./Core/Src/tim.o
                0x0000000020000a98                htim2
 .bss.htim3     0x0000000020000ae0       0x48 ./Core/Src/tim.o
                0x0000000020000ae0                htim3
 .bss.htim4     0x0000000020000b28       0x48 ./Core/Src/tim.o
                0x0000000020000b28                htim4
 .bss.huart1    0x0000000020000b70       0x44 ./Core/Src/usart.o
                0x0000000020000b70                huart1
 .bss.uwTick    0x0000000020000bb4        0x4 ./Drivers/STM32F4xx_HAL_Driver/Src/stm32f4xx_hal.o
                0x0000000020000bb4                uwTick
 .bss.__malloc_free_list
                0x0000000020000bb8        0x4 /home/vienchau/Downloads/en.st-stm32cubeide_1.9.0_12015_20220302_0855_amd64.sh_v1.9.0/makeself_dir_31IH9z/y/plugins/com.st.stm32cube.ide.mcu.externaltools.gnu-tools-for-stm32.10.3-2021.10.linux64_1.0.0.202111181127/tools/bin/../lib/gcc/arm-none-eabi/10.3.1/../../../../arm-none-eabi/lib/thumb/v7e-m+fp/hard/libc_nano.a(lib_a-nano-mallocr.o)
                0x0000000020000bb8                __malloc_free_list
 .bss.__malloc_sbrk_start
                0x0000000020000bbc        0x4 /home/vienchau/Downloads/en.st-stm32cubeide_1.9.0_12015_20220302_0855_amd64.sh_v1.9.0/makeself_dir_31IH9z/y/plugins/com.st.stm32cube.ide.mcu.externaltools.gnu-tools-for-stm32.10.3-2021.10.linux64_1.0.0.202111181127/tools/bin/../lib/gcc/arm-none-eabi/10.3.1/../../../../arm-none-eabi/lib/thumb/v7e-m+fp/hard/libc_nano.a(lib_a-nano-mallocr.o)
                0x0000000020000bbc                __malloc_sbrk_start
 .bss.errno     0x0000000020000bc0        0x4 /home/vienchau/Downloads/en.st-stm32cubeide_1.9.0_12015_20220302_0855_amd64.sh_v1.9.0/makeself_dir_31IH9z/y/plugins/com.st.stm32cube.ide.mcu.externaltools.gnu-tools-for-stm32.10.3-2021.10.linux64_1.0.0.202111181127/tools/bin/../lib/gcc/arm-none-eabi/10.3.1/../../../../arm-none-eabi/lib/thumb/v7e-m+fp/hard/libc_nano.a(lib_a-reent.o)
                0x0000000020000bc0                errno
 .bss.__lock___malloc_recursive_mutex
                0x0000000020000bc4        0x1 /home/vienchau/Downloads/en.st-stm32cubeide_1.9.0_12015_20220302_0855_amd64.sh_v1.9.0/makeself_dir_31IH9z/y/plugins/com.st.stm32cube.ide.mcu.externaltools.gnu-tools-for-stm32.10.3-2021.10.linux64_1.0.0.202111181127/tools/bin/../lib/gcc/arm-none-eabi/10.3.1/../../../../arm-none-eabi/lib/thumb/v7e-m+fp/hard/libc_nano.a(lib_a-lock.o)
                0x0000000020000bc4                __lock___malloc_recursive_mutex
 *(COMMON)
                0x0000000020000bc8                . = ALIGN (0x4)
 *fill*         0x0000000020000bc5        0x3 
                0x0000000020000bc8                _ebss = .
                0x0000000020000bc8                __bss_end__ = _ebss

._user_heap_stack
                0x0000000020000bc8      0x600
                0x0000000020000bc8                . = ALIGN (0x8)
                [!provide]                        PROVIDE (end = .)
                0x0000000020000bc8                PROVIDE (_end = .)
                0x0000000020000dc8                . = (. + _Min_Heap_Size)
 *fill*         0x0000000020000bc8      0x200 
                0x00000000200011c8                . = (. + _Min_Stack_Size)
 *fill*         0x0000000020000dc8      0x400 
                0x00000000200011c8                . = ALIGN (0x8)

/DISCARD/
 libc.a(*)
 libm.a(*)
 libgcc.a(*)

.ARM.attributes
                0x0000000000000000       0x30
 *(.ARM.attributes)
 .ARM.attributes
                0x0000000000000000       0x1e /home/vienchau/Downloads/en.st-stm32cubeide_1.9.0_12015_20220302_0855_amd64.sh_v1.9.0/makeself_dir_31IH9z/y/plugins/com.st.stm32cube.ide.mcu.externaltools.gnu-tools-for-stm32.10.3-2021.10.linux64_1.0.0.202111181127/tools/bin/../lib/gcc/arm-none-eabi/10.3.1/thumb/v7e-m+fp/hard/crti.o
 .ARM.attributes
                0x000000000000001e       0x34 /home/vienchau/Downloads/en.st-stm32cubeide_1.9.0_12015_20220302_0855_amd64.sh_v1.9.0/makeself_dir_31IH9z/y/plugins/com.st.stm32cube.ide.mcu.externaltools.gnu-tools-for-stm32.10.3-2021.10.linux64_1.0.0.202111181127/tools/bin/../lib/gcc/arm-none-eabi/10.3.1/thumb/v7e-m+fp/hard/crtbegin.o
 .ARM.attributes
                0x0000000000000052       0x34 ./Core/Src/gpio.o
 .ARM.attributes
                0x0000000000000086       0x34 ./Core/Src/main.o
 .ARM.attributes
                0x00000000000000ba       0x34 ./Core/Src/motor.o
 .ARM.attributes
                0x00000000000000ee       0x34 ./Core/Src/pid.o
 .ARM.attributes
                0x0000000000000122       0x34 ./Core/Src/serial.o
 .ARM.attributes
                0x0000000000000156       0x34 ./Core/Src/stm32f4xx_hal_msp.o
 .ARM.attributes
                0x000000000000018a       0x34 ./Core/Src/stm32f4xx_it.o
 .ARM.attributes
                0x00000000000001be       0x34 ./Core/Src/sysmem.o
 .ARM.attributes
                0x00000000000001f2       0x34 ./Core/Src/system_stm32f4xx.o
 .ARM.attributes
                0x0000000000000226       0x34 ./Core/Src/tim.o
 .ARM.attributes
                0x000000000000025a       0x34 ./Core/Src/usart.o
 .ARM.attributes
                0x000000000000028e       0x21 ./Core/Startup/startup_stm32f407vgtx.o
 .ARM.attributes
                0x00000000000002af       0x34 ./Drivers/STM32F4xx_HAL_Driver/Src/stm32f4xx_hal.o
 .ARM.attributes
                0x00000000000002e3       0x34 ./Drivers/STM32F4xx_HAL_Driver/Src/stm32f4xx_hal_cortex.o
 .ARM.attributes
                0x0000000000000317       0x34 ./Drivers/STM32F4xx_HAL_Driver/Src/stm32f4xx_hal_dma.o
 .ARM.attributes
                0x000000000000034b       0x34 ./Drivers/STM32F4xx_HAL_Driver/Src/stm32f4xx_hal_gpio.o
 .ARM.attributes
                0x000000000000037f       0x34 ./Drivers/STM32F4xx_HAL_Driver/Src/stm32f4xx_hal_rcc.o
 .ARM.attributes
                0x00000000000003b3       0x34 ./Drivers/STM32F4xx_HAL_Driver/Src/stm32f4xx_hal_tim.o
 .ARM.attributes
                0x00000000000003e7       0x34 ./Drivers/STM32F4xx_HAL_Driver/Src/stm32f4xx_hal_tim_ex.o
 .ARM.attributes
                0x000000000000041b       0x34 ./Drivers/STM32F4xx_HAL_Driver/Src/stm32f4xx_hal_uart.o
 .ARM.attributes
                0x000000000000044f       0x34 /home/vienchau/Downloads/en.st-stm32cubeide_1.9.0_12015_20220302_0855_amd64.sh_v1.9.0/makeself_dir_31IH9z/y/plugins/com.st.stm32cube.ide.mcu.externaltools.gnu-tools-for-stm32.10.3-2021.10.linux64_1.0.0.202111181127/tools/bin/../lib/gcc/arm-none-eabi/10.3.1/../../../../arm-none-eabi/lib/thumb/v7e-m+fp/hard/libc_nano.a(lib_a-errno.o)
 .ARM.attributes
                0x0000000000000483       0x34 /home/vienchau/Downloads/en.st-stm32cubeide_1.9.0_12015_20220302_0855_amd64.sh_v1.9.0/makeself_dir_31IH9z/y/plugins/com.st.stm32cube.ide.mcu.externaltools.gnu-tools-for-stm32.10.3-2021.10.linux64_1.0.0.202111181127/tools/bin/../lib/gcc/arm-none-eabi/10.3.1/../../../../arm-none-eabi/lib/thumb/v7e-m+fp/hard/libc_nano.a(lib_a-impure.o)
 .ARM.attributes
                0x00000000000004b7       0x34 /home/vienchau/Downloads/en.st-stm32cubeide_1.9.0_12015_20220302_0855_amd64.sh_v1.9.0/makeself_dir_31IH9z/y/plugins/com.st.stm32cube.ide.mcu.externaltools.gnu-tools-for-stm32.10.3-2021.10.linux64_1.0.0.202111181127/tools/bin/../lib/gcc/arm-none-eabi/10.3.1/../../../../arm-none-eabi/lib/thumb/v7e-m+fp/hard/libc_nano.a(lib_a-init.o)
 .ARM.attributes
                0x00000000000004eb       0x34 /home/vienchau/Downloads/en.st-stm32cubeide_1.9.0_12015_20220302_0855_amd64.sh_v1.9.0/makeself_dir_31IH9z/y/plugins/com.st.stm32cube.ide.mcu.externaltools.gnu-tools-for-stm32.10.3-2021.10.linux64_1.0.0.202111181127/tools/bin/../lib/gcc/arm-none-eabi/10.3.1/../../../../arm-none-eabi/lib/thumb/v7e-m+fp/hard/libc_nano.a(lib_a-malloc.o)
 .ARM.attributes
                0x000000000000051f       0x34 /home/vienchau/Downloads/en.st-stm32cubeide_1.9.0_12015_20220302_0855_amd64.sh_v1.9.0/makeself_dir_31IH9z/y/plugins/com.st.stm32cube.ide.mcu.externaltools.gnu-tools-for-stm32.10.3-2021.10.linux64_1.0.0.202111181127/tools/bin/../lib/gcc/arm-none-eabi/10.3.1/../../../../arm-none-eabi/lib/thumb/v7e-m+fp/hard/libc_nano.a(lib_a-memcpy-stub.o)
 .ARM.attributes
                0x0000000000000553       0x34 /home/vienchau/Downloads/en.st-stm32cubeide_1.9.0_12015_20220302_0855_amd64.sh_v1.9.0/makeself_dir_31IH9z/y/plugins/com.st.stm32cube.ide.mcu.externaltools.gnu-tools-for-stm32.10.3-2021.10.linux64_1.0.0.202111181127/tools/bin/../lib/gcc/arm-none-eabi/10.3.1/../../../../arm-none-eabi/lib/thumb/v7e-m+fp/hard/libc_nano.a(lib_a-memset.o)
 .ARM.attributes
                0x0000000000000587       0x34 /home/vienchau/Downloads/en.st-stm32cubeide_1.9.0_12015_20220302_0855_amd64.sh_v1.9.0/makeself_dir_31IH9z/y/plugins/com.st.stm32cube.ide.mcu.externaltools.gnu-tools-for-stm32.10.3-2021.10.linux64_1.0.0.202111181127/tools/bin/../lib/gcc/arm-none-eabi/10.3.1/../../../../arm-none-eabi/lib/thumb/v7e-m+fp/hard/libc_nano.a(lib_a-nano-freer.o)
 .ARM.attributes
                0x00000000000005bb       0x34 /home/vienchau/Downloads/en.st-stm32cubeide_1.9.0_12015_20220302_0855_amd64.sh_v1.9.0/makeself_dir_31IH9z/y/plugins/com.st.stm32cube.ide.mcu.externaltools.gnu-tools-for-stm32.10.3-2021.10.linux64_1.0.0.202111181127/tools/bin/../lib/gcc/arm-none-eabi/10.3.1/../../../../arm-none-eabi/lib/thumb/v7e-m+fp/hard/libc_nano.a(lib_a-nano-mallocr.o)
 .ARM.attributes
                0x00000000000005ef       0x34 /home/vienchau/Downloads/en.st-stm32cubeide_1.9.0_12015_20220302_0855_amd64.sh_v1.9.0/makeself_dir_31IH9z/y/plugins/com.st.stm32cube.ide.mcu.externaltools.gnu-tools-for-stm32.10.3-2021.10.linux64_1.0.0.202111181127/tools/bin/../lib/gcc/arm-none-eabi/10.3.1/../../../../arm-none-eabi/lib/thumb/v7e-m+fp/hard/libc_nano.a(lib_a-sbrkr.o)
 .ARM.attributes
                0x0000000000000623       0x34 /home/vienchau/Downloads/en.st-stm32cubeide_1.9.0_12015_20220302_0855_amd64.sh_v1.9.0/makeself_dir_31IH9z/y/plugins/com.st.stm32cube.ide.mcu.externaltools.gnu-tools-for-stm32.10.3-2021.10.linux64_1.0.0.202111181127/tools/bin/../lib/gcc/arm-none-eabi/10.3.1/../../../../arm-none-eabi/lib/thumb/v7e-m+fp/hard/libc_nano.a(lib_a-sprintf.o)
 .ARM.attributes
                0x0000000000000657       0x17 /home/vienchau/Downloads/en.st-stm32cubeide_1.9.0_12015_20220302_0855_amd64.sh_v1.9.0/makeself_dir_31IH9z/y/plugins/com.st.stm32cube.ide.mcu.externaltools.gnu-tools-for-stm32.10.3-2021.10.linux64_1.0.0.202111181127/tools/bin/../lib/gcc/arm-none-eabi/10.3.1/../../../../arm-none-eabi/lib/thumb/v7e-m+fp/hard/libc_nano.a(lib_a-strlen.o)
 .ARM.attributes
                0x000000000000066e       0x34 /home/vienchau/Downloads/en.st-stm32cubeide_1.9.0_12015_20220302_0855_amd64.sh_v1.9.0/makeself_dir_31IH9z/y/plugins/com.st.stm32cube.ide.mcu.externaltools.gnu-tools-for-stm32.10.3-2021.10.linux64_1.0.0.202111181127/tools/bin/../lib/gcc/arm-none-eabi/10.3.1/../../../../arm-none-eabi/lib/thumb/v7e-m+fp/hard/libc_nano.a(lib_a-mlock.o)
 .ARM.attributes
                0x00000000000006a2       0x34 /home/vienchau/Downloads/en.st-stm32cubeide_1.9.0_12015_20220302_0855_amd64.sh_v1.9.0/makeself_dir_31IH9z/y/plugins/com.st.stm32cube.ide.mcu.externaltools.gnu-tools-for-stm32.10.3-2021.10.linux64_1.0.0.202111181127/tools/bin/../lib/gcc/arm-none-eabi/10.3.1/../../../../arm-none-eabi/lib/thumb/v7e-m+fp/hard/libc_nano.a(lib_a-nano-svfprintf.o)
 .ARM.attributes
                0x00000000000006d6       0x34 /home/vienchau/Downloads/en.st-stm32cubeide_1.9.0_12015_20220302_0855_amd64.sh_v1.9.0/makeself_dir_31IH9z/y/plugins/com.st.stm32cube.ide.mcu.externaltools.gnu-tools-for-stm32.10.3-2021.10.linux64_1.0.0.202111181127/tools/bin/../lib/gcc/arm-none-eabi/10.3.1/../../../../arm-none-eabi/lib/thumb/v7e-m+fp/hard/libc_nano.a(lib_a-nano-vfprintf_i.o)
 .ARM.attributes
                0x000000000000070a       0x34 /home/vienchau/Downloads/en.st-stm32cubeide_1.9.0_12015_20220302_0855_amd64.sh_v1.9.0/makeself_dir_31IH9z/y/plugins/com.st.stm32cube.ide.mcu.externaltools.gnu-tools-for-stm32.10.3-2021.10.linux64_1.0.0.202111181127/tools/bin/../lib/gcc/arm-none-eabi/10.3.1/../../../../arm-none-eabi/lib/thumb/v7e-m+fp/hard/libc_nano.a(lib_a-reent.o)
 .ARM.attributes
                0x000000000000073e       0x34 /home/vienchau/Downloads/en.st-stm32cubeide_1.9.0_12015_20220302_0855_amd64.sh_v1.9.0/makeself_dir_31IH9z/y/plugins/com.st.stm32cube.ide.mcu.externaltools.gnu-tools-for-stm32.10.3-2021.10.linux64_1.0.0.202111181127/tools/bin/../lib/gcc/arm-none-eabi/10.3.1/../../../../arm-none-eabi/lib/thumb/v7e-m+fp/hard/libc_nano.a(lib_a-lock.o)
 .ARM.attributes
                0x0000000000000772       0x1c /home/vienchau/Downloads/en.st-stm32cubeide_1.9.0_12015_20220302_0855_amd64.sh_v1.9.0/makeself_dir_31IH9z/y/plugins/com.st.stm32cube.ide.mcu.externaltools.gnu-tools-for-stm32.10.3-2021.10.linux64_1.0.0.202111181127/tools/bin/../lib/gcc/arm-none-eabi/10.3.1/../../../../arm-none-eabi/lib/thumb/v7e-m+fp/hard/libc_nano.a(lib_a-memchr.o)
 .ARM.attributes
                0x000000000000078e       0x34 /home/vienchau/Downloads/en.st-stm32cubeide_1.9.0_12015_20220302_0855_amd64.sh_v1.9.0/makeself_dir_31IH9z/y/plugins/com.st.stm32cube.ide.mcu.externaltools.gnu-tools-for-stm32.10.3-2021.10.linux64_1.0.0.202111181127/tools/bin/../lib/gcc/arm-none-eabi/10.3.1/../../../../arm-none-eabi/lib/thumb/v7e-m+fp/hard/libc_nano.a(lib_a-memmove.o)
 .ARM.attributes
                0x00000000000007c2       0x34 /home/vienchau/Downloads/en.st-stm32cubeide_1.9.0_12015_20220302_0855_amd64.sh_v1.9.0/makeself_dir_31IH9z/y/plugins/com.st.stm32cube.ide.mcu.externaltools.gnu-tools-for-stm32.10.3-2021.10.linux64_1.0.0.202111181127/tools/bin/../lib/gcc/arm-none-eabi/10.3.1/../../../../arm-none-eabi/lib/thumb/v7e-m+fp/hard/libc_nano.a(lib_a-nano-reallocr.o)
 .ARM.attributes
                0x00000000000007f6       0x34 /home/vienchau/Downloads/en.st-stm32cubeide_1.9.0_12015_20220302_0855_amd64.sh_v1.9.0/makeself_dir_31IH9z/y/plugins/com.st.stm32cube.ide.mcu.externaltools.gnu-tools-for-stm32.10.3-2021.10.linux64_1.0.0.202111181127/tools/bin/../lib/gcc/arm-none-eabi/10.3.1/../../../../arm-none-eabi/lib/thumb/v7e-m+fp/hard/libc_nano.a(lib_a-nano-msizer.o)
 .ARM.attributes
                0x000000000000082a       0x34 /home/vienchau/Downloads/en.st-stm32cubeide_1.9.0_12015_20220302_0855_amd64.sh_v1.9.0/makeself_dir_31IH9z/y/plugins/com.st.stm32cube.ide.mcu.externaltools.gnu-tools-for-stm32.10.3-2021.10.linux64_1.0.0.202111181127/tools/bin/../lib/gcc/arm-none-eabi/10.3.1/../../../../arm-none-eabi/lib/thumb/v7e-m+fp/hard/libm.a(lib_a-w_pow.o)
 .ARM.attributes
                0x000000000000085e       0x34 /home/vienchau/Downloads/en.st-stm32cubeide_1.9.0_12015_20220302_0855_amd64.sh_v1.9.0/makeself_dir_31IH9z/y/plugins/com.st.stm32cube.ide.mcu.externaltools.gnu-tools-for-stm32.10.3-2021.10.linux64_1.0.0.202111181127/tools/bin/../lib/gcc/arm-none-eabi/10.3.1/../../../../arm-none-eabi/lib/thumb/v7e-m+fp/hard/libm.a(lib_a-e_pow.o)
 .ARM.attributes
                0x0000000000000892       0x34 /home/vienchau/Downloads/en.st-stm32cubeide_1.9.0_12015_20220302_0855_amd64.sh_v1.9.0/makeself_dir_31IH9z/y/plugins/com.st.stm32cube.ide.mcu.externaltools.gnu-tools-for-stm32.10.3-2021.10.linux64_1.0.0.202111181127/tools/bin/../lib/gcc/arm-none-eabi/10.3.1/../../../../arm-none-eabi/lib/thumb/v7e-m+fp/hard/libm.a(lib_a-e_sqrt.o)
 .ARM.attributes
                0x00000000000008c6       0x34 /home/vienchau/Downloads/en.st-stm32cubeide_1.9.0_12015_20220302_0855_amd64.sh_v1.9.0/makeself_dir_31IH9z/y/plugins/com.st.stm32cube.ide.mcu.externaltools.gnu-tools-for-stm32.10.3-2021.10.linux64_1.0.0.202111181127/tools/bin/../lib/gcc/arm-none-eabi/10.3.1/../../../../arm-none-eabi/lib/thumb/v7e-m+fp/hard/libm.a(lib_a-math_err.o)
 .ARM.attributes
                0x00000000000008fa       0x34 /home/vienchau/Downloads/en.st-stm32cubeide_1.9.0_12015_20220302_0855_amd64.sh_v1.9.0/makeself_dir_31IH9z/y/plugins/com.st.stm32cube.ide.mcu.externaltools.gnu-tools-for-stm32.10.3-2021.10.linux64_1.0.0.202111181127/tools/bin/../lib/gcc/arm-none-eabi/10.3.1/../../../../arm-none-eabi/lib/thumb/v7e-m+fp/hard/libm.a(lib_a-s_fabs.o)
 .ARM.attributes
                0x000000000000092e       0x34 /home/vienchau/Downloads/en.st-stm32cubeide_1.9.0_12015_20220302_0855_amd64.sh_v1.9.0/makeself_dir_31IH9z/y/plugins/com.st.stm32cube.ide.mcu.externaltools.gnu-tools-for-stm32.10.3-2021.10.linux64_1.0.0.202111181127/tools/bin/../lib/gcc/arm-none-eabi/10.3.1/../../../../arm-none-eabi/lib/thumb/v7e-m+fp/hard/libm.a(lib_a-s_finite.o)
 .ARM.attributes
                0x0000000000000962       0x34 /home/vienchau/Downloads/en.st-stm32cubeide_1.9.0_12015_20220302_0855_amd64.sh_v1.9.0/makeself_dir_31IH9z/y/plugins/com.st.stm32cube.ide.mcu.externaltools.gnu-tools-for-stm32.10.3-2021.10.linux64_1.0.0.202111181127/tools/bin/../lib/gcc/arm-none-eabi/10.3.1/../../../../arm-none-eabi/lib/thumb/v7e-m+fp/hard/libm.a(lib_a-s_scalbn.o)
 .ARM.attributes
                0x0000000000000996       0x1e /home/vienchau/Downloads/en.st-stm32cubeide_1.9.0_12015_20220302_0855_amd64.sh_v1.9.0/makeself_dir_31IH9z/y/plugins/com.st.stm32cube.ide.mcu.externaltools.gnu-tools-for-stm32.10.3-2021.10.linux64_1.0.0.202111181127/tools/bin/../lib/gcc/arm-none-eabi/10.3.1/thumb/v7e-m+fp/hard/libgcc.a(_arm_addsubdf3.o)
 .ARM.attributes
                0x00000000000009b4       0x1e /home/vienchau/Downloads/en.st-stm32cubeide_1.9.0_12015_20220302_0855_amd64.sh_v1.9.0/makeself_dir_31IH9z/y/plugins/com.st.stm32cube.ide.mcu.externaltools.gnu-tools-for-stm32.10.3-2021.10.linux64_1.0.0.202111181127/tools/bin/../lib/gcc/arm-none-eabi/10.3.1/thumb/v7e-m+fp/hard/libgcc.a(_arm_muldivdf3.o)
 .ARM.attributes
                0x00000000000009d2       0x1e /home/vienchau/Downloads/en.st-stm32cubeide_1.9.0_12015_20220302_0855_amd64.sh_v1.9.0/makeself_dir_31IH9z/y/plugins/com.st.stm32cube.ide.mcu.externaltools.gnu-tools-for-stm32.10.3-2021.10.linux64_1.0.0.202111181127/tools/bin/../lib/gcc/arm-none-eabi/10.3.1/thumb/v7e-m+fp/hard/libgcc.a(_arm_cmpdf2.o)
 .ARM.attributes
                0x00000000000009f0       0x1e /home/vienchau/Downloads/en.st-stm32cubeide_1.9.0_12015_20220302_0855_amd64.sh_v1.9.0/makeself_dir_31IH9z/y/plugins/com.st.stm32cube.ide.mcu.externaltools.gnu-tools-for-stm32.10.3-2021.10.linux64_1.0.0.202111181127/tools/bin/../lib/gcc/arm-none-eabi/10.3.1/thumb/v7e-m+fp/hard/libgcc.a(_arm_unorddf2.o)
 .ARM.attributes
                0x0000000000000a0e       0x1e /home/vienchau/Downloads/en.st-stm32cubeide_1.9.0_12015_20220302_0855_amd64.sh_v1.9.0/makeself_dir_31IH9z/y/plugins/com.st.stm32cube.ide.mcu.externaltools.gnu-tools-for-stm32.10.3-2021.10.linux64_1.0.0.202111181127/tools/bin/../lib/gcc/arm-none-eabi/10.3.1/thumb/v7e-m+fp/hard/libgcc.a(_arm_truncdfsf2.o)
 .ARM.attributes
                0x0000000000000a2c       0x1e /home/vienchau/Downloads/en.st-stm32cubeide_1.9.0_12015_20220302_0855_amd64.sh_v1.9.0/makeself_dir_31IH9z/y/plugins/com.st.stm32cube.ide.mcu.externaltools.gnu-tools-for-stm32.10.3-2021.10.linux64_1.0.0.202111181127/tools/bin/../lib/gcc/arm-none-eabi/10.3.1/thumb/v7e-m+fp/hard/libgcc.a(_aeabi_uldivmod.o)
 .ARM.attributes
                0x0000000000000a4a       0x34 /home/vienchau/Downloads/en.st-stm32cubeide_1.9.0_12015_20220302_0855_amd64.sh_v1.9.0/makeself_dir_31IH9z/y/plugins/com.st.stm32cube.ide.mcu.externaltools.gnu-tools-for-stm32.10.3-2021.10.linux64_1.0.0.202111181127/tools/bin/../lib/gcc/arm-none-eabi/10.3.1/thumb/v7e-m+fp/hard/libgcc.a(_udivmoddi4.o)
 .ARM.attributes
                0x0000000000000a7e       0x1e /home/vienchau/Downloads/en.st-stm32cubeide_1.9.0_12015_20220302_0855_amd64.sh_v1.9.0/makeself_dir_31IH9z/y/plugins/com.st.stm32cube.ide.mcu.externaltools.gnu-tools-for-stm32.10.3-2021.10.linux64_1.0.0.202111181127/tools/bin/../lib/gcc/arm-none-eabi/10.3.1/thumb/v7e-m+fp/hard/libgcc.a(_dvmd_tls.o)
 .ARM.attributes
                0x0000000000000a9c       0x1e /home/vienchau/Downloads/en.st-stm32cubeide_1.9.0_12015_20220302_0855_amd64.sh_v1.9.0/makeself_dir_31IH9z/y/plugins/com.st.stm32cube.ide.mcu.externaltools.gnu-tools-for-stm32.10.3-2021.10.linux64_1.0.0.202111181127/tools/bin/../lib/gcc/arm-none-eabi/10.3.1/thumb/v7e-m+fp/hard/crtn.o
OUTPUT(MotorControlF407.elf elf32-littlearm)
LOAD linker stubs
LOAD /home/vienchau/Downloads/en.st-stm32cubeide_1.9.0_12015_20220302_0855_amd64.sh_v1.9.0/makeself_dir_31IH9z/y/plugins/com.st.stm32cube.ide.mcu.externaltools.gnu-tools-for-stm32.10.3-2021.10.linux64_1.0.0.202111181127/tools/bin/../lib/gcc/arm-none-eabi/10.3.1/../../../../arm-none-eabi/lib/thumb/v7e-m+fp/hard/libc.a
LOAD /home/vienchau/Downloads/en.st-stm32cubeide_1.9.0_12015_20220302_0855_amd64.sh_v1.9.0/makeself_dir_31IH9z/y/plugins/com.st.stm32cube.ide.mcu.externaltools.gnu-tools-for-stm32.10.3-2021.10.linux64_1.0.0.202111181127/tools/bin/../lib/gcc/arm-none-eabi/10.3.1/../../../../arm-none-eabi/lib/thumb/v7e-m+fp/hard/libm.a
LOAD /home/vienchau/Downloads/en.st-stm32cubeide_1.9.0_12015_20220302_0855_amd64.sh_v1.9.0/makeself_dir_31IH9z/y/plugins/com.st.stm32cube.ide.mcu.externaltools.gnu-tools-for-stm32.10.3-2021.10.linux64_1.0.0.202111181127/tools/bin/../lib/gcc/arm-none-eabi/10.3.1/thumb/v7e-m+fp/hard/libgcc.a

.debug_info     0x0000000000000000    0x10756
 .debug_info    0x0000000000000000      0x471 ./Core/Src/gpio.o
 .debug_info    0x0000000000000471      0xf66 ./Core/Src/main.o
 .debug_info    0x00000000000013d7      0xc5e ./Core/Src/motor.o
 .debug_info    0x0000000000002035      0x884 ./Core/Src/pid.o
 .debug_info    0x00000000000028b9      0x933 ./Core/Src/serial.o
 .debug_info    0x00000000000031ec      0x2a8 ./Core/Src/stm32f4xx_hal_msp.o
 .debug_info    0x0000000000003494      0x9e0 ./Core/Src/stm32f4xx_it.o
 .debug_info    0x0000000000003e74      0x171 ./Core/Src/sysmem.o
 .debug_info    0x0000000000003fe5      0x523 ./Core/Src/system_stm32f4xx.o
 .debug_info    0x0000000000004508     0x1108 ./Core/Src/tim.o
 .debug_info    0x0000000000005610      0xc14 ./Core/Src/usart.o
 .debug_info    0x0000000000006224       0x22 ./Core/Startup/startup_stm32f407vgtx.o
 .debug_info    0x0000000000006246      0x97c ./Drivers/STM32F4xx_HAL_Driver/Src/stm32f4xx_hal.o
 .debug_info    0x0000000000006bc2      0xe1b ./Drivers/STM32F4xx_HAL_Driver/Src/stm32f4xx_hal_cortex.o
 .debug_info    0x00000000000079dd      0x94f ./Drivers/STM32F4xx_HAL_Driver/Src/stm32f4xx_hal_dma.o
 .debug_info    0x000000000000832c      0x76a ./Drivers/STM32F4xx_HAL_Driver/Src/stm32f4xx_hal_gpio.o
 .debug_info    0x0000000000008a96      0x966 ./Drivers/STM32F4xx_HAL_Driver/Src/stm32f4xx_hal_rcc.o
 .debug_info    0x00000000000093fc     0x2bbe ./Drivers/STM32F4xx_HAL_Driver/Src/stm32f4xx_hal_tim.o
 .debug_info    0x000000000000bfba     0x15e0 ./Drivers/STM32F4xx_HAL_Driver/Src/stm32f4xx_hal_tim_ex.o
 .debug_info    0x000000000000d59a     0x31bc ./Drivers/STM32F4xx_HAL_Driver/Src/stm32f4xx_hal_uart.o

.debug_abbrev   0x0000000000000000     0x2757
 .debug_abbrev  0x0000000000000000      0x146 ./Core/Src/gpio.o
 .debug_abbrev  0x0000000000000146      0x2d5 ./Core/Src/main.o
 .debug_abbrev  0x000000000000041b      0x27e ./Core/Src/motor.o
 .debug_abbrev  0x0000000000000699      0x229 ./Core/Src/pid.o
 .debug_abbrev  0x00000000000008c2      0x236 ./Core/Src/serial.o
 .debug_abbrev  0x0000000000000af8       0xd4 ./Core/Src/stm32f4xx_hal_msp.o
 .debug_abbrev  0x0000000000000bcc      0x18b ./Core/Src/stm32f4xx_it.o
 .debug_abbrev  0x0000000000000d57       0xbb ./Core/Src/sysmem.o
 .debug_abbrev  0x0000000000000e12      0x116 ./Core/Src/system_stm32f4xx.o
 .debug_abbrev  0x0000000000000f28      0x276 ./Core/Src/tim.o
 .debug_abbrev  0x000000000000119e      0x205 ./Core/Src/usart.o
 .debug_abbrev  0x00000000000013a3       0x12 ./Core/Startup/startup_stm32f407vgtx.o
 .debug_abbrev  0x00000000000013b5      0x20d ./Drivers/STM32F4xx_HAL_Driver/Src/stm32f4xx_hal.o
 .debug_abbrev  0x00000000000015c2      0x316 ./Drivers/STM32F4xx_HAL_Driver/Src/stm32f4xx_hal_cortex.o
 .debug_abbrev  0x00000000000018d8      0x25b ./Drivers/STM32F4xx_HAL_Driver/Src/stm32f4xx_hal_dma.o
 .debug_abbrev  0x0000000000001b33      0x1c4 ./Drivers/STM32F4xx_HAL_Driver/Src/stm32f4xx_hal_gpio.o
 .debug_abbrev  0x0000000000001cf7      0x2aa ./Drivers/STM32F4xx_HAL_Driver/Src/stm32f4xx_hal_rcc.o
 .debug_abbrev  0x0000000000001fa1      0x25d ./Drivers/STM32F4xx_HAL_Driver/Src/stm32f4xx_hal_tim.o
 .debug_abbrev  0x00000000000021fe      0x265 ./Drivers/STM32F4xx_HAL_Driver/Src/stm32f4xx_hal_tim_ex.o
 .debug_abbrev  0x0000000000002463      0x2f4 ./Drivers/STM32F4xx_HAL_Driver/Src/stm32f4xx_hal_uart.o

.debug_aranges  0x0000000000000000      0xd80
 .debug_aranges
                0x0000000000000000       0x20 ./Core/Src/gpio.o
 .debug_aranges
                0x0000000000000020       0x38 ./Core/Src/main.o
 .debug_aranges
                0x0000000000000058       0x58 ./Core/Src/motor.o
 .debug_aranges
                0x00000000000000b0       0x38 ./Core/Src/pid.o
 .debug_aranges
                0x00000000000000e8       0x50 ./Core/Src/serial.o
 .debug_aranges
                0x0000000000000138       0x20 ./Core/Src/stm32f4xx_hal_msp.o
 .debug_aranges
                0x0000000000000158       0x70 ./Core/Src/stm32f4xx_it.o
 .debug_aranges
                0x00000000000001c8       0x20 ./Core/Src/sysmem.o
 .debug_aranges
                0x00000000000001e8       0x28 ./Core/Src/system_stm32f4xx.o
 .debug_aranges
                0x0000000000000210       0x68 ./Core/Src/tim.o
 .debug_aranges
                0x0000000000000278       0x30 ./Core/Src/usart.o
 .debug_aranges
                0x00000000000002a8       0x28 ./Core/Startup/startup_stm32f407vgtx.o
 .debug_aranges
                0x00000000000002d0       0xf0 ./Drivers/STM32F4xx_HAL_Driver/Src/stm32f4xx_hal.o
 .debug_aranges
                0x00000000000003c0      0x118 ./Drivers/STM32F4xx_HAL_Driver/Src/stm32f4xx_hal_cortex.o
 .debug_aranges
                0x00000000000004d8       0x90 ./Drivers/STM32F4xx_HAL_Driver/Src/stm32f4xx_hal_dma.o
 .debug_aranges
                0x0000000000000568       0x58 ./Drivers/STM32F4xx_HAL_Driver/Src/stm32f4xx_hal_gpio.o
 .debug_aranges
                0x00000000000005c0       0x88 ./Drivers/STM32F4xx_HAL_Driver/Src/stm32f4xx_hal_rcc.o
 .debug_aranges