Archive member included to satisfy reference by file (symbol)

/home/vienchau/Downloads/en.st-stm32cubeide_1.9.0_12015_20220302_0855_amd64.sh_v1.9.0/makeself_dir_31IH9z/y/plugins/com.st.stm32cube.ide.mcu.externaltools.gnu-tools-for-stm32.10.3-2021.10.linux64_1.0.0.202111181127/tools/bin/../lib/gcc/arm-none-eabi/10.3.1/../../../../arm-none-eabi/lib/thumb/v7-m/nofp/libc_nano.a(lib_a-errno.o)
                              ./Core/Src/syscalls.o (__errno)
/home/vienchau/Downloads/en.st-stm32cubeide_1.9.0_12015_20220302_0855_amd64.sh_v1.9.0/makeself_dir_31IH9z/y/plugins/com.st.stm32cube.ide.mcu.externaltools.gnu-tools-for-stm32.10.3-2021.10.linux64_1.0.0.202111181127/tools/bin/../lib/gcc/arm-none-eabi/10.3.1/../../../../arm-none-eabi/lib/thumb/v7-m/nofp/libc_nano.a(lib_a-exit.o)
                              /home/vienchau/Downloads/en.st-stm32cubeide_1.9.0_12015_20220302_0855_amd64.sh_v1.9.0/makeself_dir_31IH9z/y/plugins/com.st.stm32cube.ide.mcu.externaltools.gnu-tools-for-stm32.10.3-2021.10.linux64_1.0.0.202111181127/tools/bin/../lib/gcc/arm-none-eabi/10.3.1/../../../../arm-none-eabi/lib/thumb/v7-m/nofp/crt0.o (exit)
/home/vienchau/Downloads/en.st-stm32cubeide_1.9.0_12015_20220302_0855_amd64.sh_v1.9.0/makeself_dir_31IH9z/y/plugins/com.st.stm32cube.ide.mcu.externaltools.gnu-tools-for-stm32.10.3-2021.10.linux64_1.0.0.202111181127/tools/bin/../lib/gcc/arm-none-eabi/10.3.1/../../../../arm-none-eabi/lib/thumb/v7-m/nofp/libc_nano.a(lib_a-impure.o)
                              /home/vienchau/Downloads/en.st-stm32cubeide_1.9.0_12015_20220302_0855_amd64.sh_v1.9.0/makeself_dir_31IH9z/y/plugins/com.st.stm32cube.ide.mcu.externaltools.gnu-tools-for-stm32.10.3-2021.10.linux64_1.0.0.202111181127/tools/bin/../lib/gcc/arm-none-eabi/10.3.1/../../../../arm-none-eabi/lib/thumb/v7-m/nofp/libc_nano.a(lib_a-exit.o) (_global_impure_ptr)
/home/vienchau/Downloads/en.st-stm32cubeide_1.9.0_12015_20220302_0855_amd64.sh_v1.9.0/makeself_dir_31IH9z/y/plugins/com.st.stm32cube.ide.mcu.externaltools.gnu-tools-for-stm32.10.3-2021.10.linux64_1.0.0.202111181127/tools/bin/../lib/gcc/arm-none-eabi/10.3.1/../../../../arm-none-eabi/lib/thumb/v7-m/nofp/libc_nano.a(lib_a-init.o)
                              /home/vienchau/Downloads/en.st-stm32cubeide_1.9.0_12015_20220302_0855_amd64.sh_v1.9.0/makeself_dir_31IH9z/y/plugins/com.st.stm32cube.ide.mcu.externaltools.gnu-tools-for-stm32.10.3-2021.10.linux64_1.0.0.202111181127/tools/bin/../lib/gcc/arm-none-eabi/10.3.1/../../../../arm-none-eabi/lib/thumb/v7-m/nofp/crt0.o (__libc_init_array)
/home/vienchau/Downloads/en.st-stm32cubeide_1.9.0_12015_20220302_0855_amd64.sh_v1.9.0/makeself_dir_31IH9z/y/plugins/com.st.stm32cube.ide.mcu.externaltools.gnu-tools-for-stm32.10.3-2021.10.linux64_1.0.0.202111181127/tools/bin/../lib/gcc/arm-none-eabi/10.3.1/../../../../arm-none-eabi/lib/thumb/v7-m/nofp/libc_nano.a(lib_a-malloc.o)
                              ./Core/Src/serial.o (malloc)
/home/vienchau/Downloads/en.st-stm32cubeide_1.9.0_12015_20220302_0855_amd64.sh_v1.9.0/makeself_dir_31IH9z/y/plugins/com.st.stm32cube.ide.mcu.externaltools.gnu-tools-for-stm32.10.3-2021.10.linux64_1.0.0.202111181127/tools/bin/../lib/gcc/arm-none-eabi/10.3.1/../../../../arm-none-eabi/lib/thumb/v7-m/nofp/libc_nano.a(lib_a-memcpy-stub.o)
                              ./Core/Src/serial.o (memcpy)
/home/vienchau/Downloads/en.st-stm32cubeide_1.9.0_12015_20220302_0855_amd64.sh_v1.9.0/makeself_dir_31IH9z/y/plugins/com.st.stm32cube.ide.mcu.externaltools.gnu-tools-for-stm32.10.3-2021.10.linux64_1.0.0.202111181127/tools/bin/../lib/gcc/arm-none-eabi/10.3.1/../../../../arm-none-eabi/lib/thumb/v7-m/nofp/libc_nano.a(lib_a-memset.o)
                              /home/vienchau/Downloads/en.st-stm32cubeide_1.9.0_12015_20220302_0855_amd64.sh_v1.9.0/makeself_dir_31IH9z/y/plugins/com.st.stm32cube.ide.mcu.externaltools.gnu-tools-for-stm32.10.3-2021.10.linux64_1.0.0.202111181127/tools/bin/../lib/gcc/arm-none-eabi/10.3.1/../../../../arm-none-eabi/lib/thumb/v7-m/nofp/crt0.o (memset)
/home/vienchau/Downloads/en.st-stm32cubeide_1.9.0_12015_20220302_0855_amd64.sh_v1.9.0/makeself_dir_31IH9z/y/plugins/com.st.stm32cube.ide.mcu.externaltools.gnu-tools-for-stm32.10.3-2021.10.linux64_1.0.0.202111181127/tools/bin/../lib/gcc/arm-none-eabi/10.3.1/../../../../arm-none-eabi/lib/thumb/v7-m/nofp/libc_nano.a(lib_a-nano-freer.o)
                              /home/vienchau/Downloads/en.st-stm32cubeide_1.9.0_12015_20220302_0855_amd64.sh_v1.9.0/makeself_dir_31IH9z/y/plugins/com.st.stm32cube.ide.mcu.externaltools.gnu-tools-for-stm32.10.3-2021.10.linux64_1.0.0.202111181127/tools/bin/../lib/gcc/arm-none-eabi/10.3.1/../../../../arm-none-eabi/lib/thumb/v7-m/nofp/libc_nano.a(lib_a-malloc.o) (_free_r)
[...]
Memory Configuration

Name             Origin             Length             Attributes
RAM              0x0000000020000000 0x0000000000005000 xrw
FLASH            0x0000000008000000 0x0000000000010000 xr
*default*        0x0000000000000000 0xffffffffffffffff

Linker script and memory map

LOAD /home/vienchau/Downloads/en.st-stm32cubeide_1.9.0_12015_20220302_0855_amd64.sh_v1.9.0/makeself_dir_31IH9z/y/plugins/com.st.stm32cube.ide.mcu.externaltools.gnu-tools-for-stm32.10.3-2021.10.linux64_1.0.0.202111181127/tools/bin/../lib/gcc/arm-none-eabi/10.3.1/thumb/v7-m/nofp/crti.o
LOAD /home/vienchau/Downloads/en.st-stm32cubeide_1.9.0_12015_20220302_0855_amd64.sh_v1.9.0/makeself_dir_31IH9z/y/plugins/com.st.stm32cube.ide.mcu.externaltools.gnu-tools-for-stm32.10.3-2021.10.linux64_1.0.0.202111181127/tools/bin/../lib/gcc/arm-none-eabi/10.3.1/thumb/v7-m/nofp/crtbegin.o
LOAD /home/vienchau/Downloads/en.st-stm32cubeide_1.9.0_12015_20220302_0855_amd64.sh_v1.9.0/makeself_dir_31IH9z/y/plugins/com.st.stm32cube.ide.mcu.externaltools.gnu-tools-for-stm32.10.3-2021.10.linux64_1.0.0.202111181127/tools/bin/../lib/gcc/arm-none-eabi/10.3.1/../../../../arm-none-eabi/lib/thumb/v7-m/nofp/crt0.o
LOAD ./Core/Src/gpio.o
LOAD ./Core/Src/main.o
LOAD ./Core/Src/motor.o
LOAD ./Core/Src/pid.o
LOAD ./Core/Src/serial.o
LOAD ./Core/Src/stm32f1xx_hal_msp.o
LOAD ./Core/Src/stm32f1xx_it.o
LOAD ./Core/Src/syscalls.o
LOAD ./Core/Src/sysmem.o
LOAD ./Core/Src/system_stm32f1xx.o
LOAD ./Core/Src/tim.o
LOAD ./Core/Src/usart.o
LOAD ./Core/Startup/startup_stm32f103c8tx.o
LOAD ./Drivers/STM32F1xx_HAL_Driver/Src/stm32f1xx_hal.o
LOAD ./Drivers/STM32F1xx_HAL_Driver/Src/stm32f1xx_hal_cortex.o
LOAD ./Drivers/STM32F1xx_HAL_Driver/Src/stm32f1xx_hal_dma.o
LOAD ./Drivers/STM32F1xx_HAL_Driver/Src/stm32f1xx_hal_exti.o
LOAD ./Drivers/STM32F1xx_HAL_Driver/Src/stm32f1xx_hal_flash.o
LOAD ./Drivers/STM32F1xx_HAL_Driver/Src/stm32f1xx_hal_flash_ex.o
LOAD ./Drivers/STM32F1xx_HAL_Driver/Src/stm32f1xx_hal_gpio.o
LOAD ./Drivers/STM32F1xx_HAL_Driver/Src/stm32f1xx_hal_gpio_ex.o
LOAD ./Drivers/STM32F1xx_HAL_Driver/Src/stm32f1xx_hal_pwr.o
LOAD ./Drivers/STM32F1xx_HAL_Driver/Src/stm32f1xx_hal_rcc.o
LOAD ./Drivers/STM32F1xx_HAL_Driver/Src/stm32f1xx_hal_rcc_ex.o
LOAD ./Drivers/STM32F1xx_HAL_Driver/Src/stm32f1xx_hal_tim.o
LOAD ./Drivers/STM32F1xx_HAL_Driver/Src/stm32f1xx_hal_tim_ex.o
LOAD ./Drivers/STM32F1xx_HAL_Driver/Src/stm32f1xx_hal_uart.o
START GROUP
LOAD /home/vienchau/Downloads/en.st-stm32cubeide_1.9.0_12015_20220302_0855_amd64.sh_v1.9.0/makeself_dir_31IH9z/y/plugins/com.st.stm32cube.ide.mcu.externaltools.gnu-tools-for-stm32.10.3-2021.10.linux64_1.0.0.202111181127/tools/bin/../lib/gcc/arm-none-eabi/10.3.1/../../../../arm-none-eabi/lib/thumb/v7-m/nofp/libc_nano.a
LOAD /home/vienchau/Downloads/en.st-stm32cubeide_1.9.0_12015_20220302_0855_amd64.sh_v1.9.0/makeself_dir_31IH9z/y/plugins/com.st.stm32cube.ide.mcu.externaltools.gnu-tools-for-stm32.10.3-2021.10.linux64_1.0.0.202111181127/tools/bin/../lib/gcc/arm-none-eabi/10.3.1/../../../../arm-none-eabi/lib/thumb/v7-m/nofp/libm.a
END GROUP
START GROUP
LOAD /home/vienchau/Downloads/en.st-stm32cubeide_1.9.0_12015_20220302_0855_amd64.sh_v1.9.0/makeself_dir_31IH9z/y/plugins/com.st.stm32cube.ide.mcu.externaltools.gnu-tools-for-stm32.10.3-2021.10.linux64_1.0.0.202111181127/tools/bin/../lib/gcc/arm-none-eabi/10.3.1/thumb/v7-m/nofp/libgcc.a
LOAD /home/vienchau/Downloads/en.st-stm32cubeide_1.9.0_12015_20220302_0855_amd64.sh_v1.9.0/makeself_dir_31IH9z/y/plugins/com.st.stm32cube.ide.mcu.externaltools.gnu-tools-for-stm32.10.3-2021.10.linux64_1.0.0.202111181127/tools/bin/../lib/gcc/arm-none-eabi/10.3.1/../../../../arm-none-eabi/lib/thumb/v7-m/nofp/libc_nano.a
END GROUP
START GROUP
LOAD /home/vienchau/Downloads/en.st-stm32cubeide_1.9.0_12015_20220302_0855_amd64.sh_v1.9.0/makeself_dir_31IH9z/y/plugins/com.st.stm32cube.ide.mcu.externaltools.gnu-tools-for-stm32.10.3-2021.10.linux64_1.0.0.202111181127/tools/bin/../lib/gcc/arm-none-eabi/10.3.1/thumb/v7-m/nofp/libgcc.a
LOAD /home/vienchau/Downloads/en.st-stm32cubeide_1.9.0_12015_20220302_0855_amd64.sh_v1.9.0/makeself_dir_31IH9z/y/plugins/com.st.stm32cube.ide.mcu.externaltools.gnu-tools-for-stm32.10.3-2021.10.linux64_1.0.0.202111181127/tools/bin/../lib/gcc/arm-none-eabi/10.3.1/../../../../arm-none-eabi/lib/thumb/v7-m/nofp/libc_nano.a
LOAD /home/vienchau/Downloads/en.st-stm32cubeide_1.9.0_12015_20220302_0855_amd64.sh_v1.9.0/makeself_dir_31IH9z/y/plugins/com.st.stm32cube.ide.mcu.externaltools.gnu-tools-for-stm32.10.3-2021.10.linux64_1.0.0.202111181127/tools/bin/../lib/gcc/arm-none-eabi/10.3.1/../../../../arm-none-eabi/lib/thumb/v7-m/nofp/libnosys.a
END GROUP
START GROUP
LOAD /home/vienchau/Downloads/en.st-stm32cubeide_1.9.0_12015_20220302_0855_amd64.sh_v1.9.0/makeself_dir_31IH9z/y/plugins/com.st.stm32cube.ide.mcu.externaltools.gnu-tools-for-stm32.10.3-2021.10.linux64_1.0.0.202111181127/tools/bin/../lib/gcc/arm-none-eabi/10.3.1/thumb/v7-m/nofp/libgcc.a
LOAD /home/vienchau/Downloads/en.st-stm32cubeide_1.9.0_12015_20220302_0855_amd64.sh_v1.9.0/makeself_dir_31IH9z/y/plugins/com.st.stm32cube.ide.mcu.externaltools.gnu-tools-for-stm32.10.3-2021.10.linux64_1.0.0.202111181127/tools/bin/../lib/gcc/arm-none-eabi/10.3.1/../../../../arm-none-eabi/lib/thumb/v7-m/nofp/libc_nano.a
LOAD /home/vienchau/Downloads/en.st-stm32cubeide_1.9.0_12015_20220302_0855_amd64.sh_v1.9.0/makeself_dir_31IH9z/y/plugins/com.st.stm32cube.ide.mcu.externaltools.gnu-tools-for-stm32.10.3-2021.10.linux64_1.0.0.202111181127/tools/bin/../lib/gcc/arm-none-eabi/10.3.1/../../../../arm-none-eabi/lib/thumb/v7-m/nofp/libnosys.a
END GROUP
LOAD /home/vienchau/Downloads/en.st-stm32cubeide_1.9.0_12015_20220302_0855_amd64.sh_v1.9.0/makeself_dir_31IH9z/y/plugins/com.st.stm32cube.ide.mcu.externaltools.gnu-tools-for-stm32.10.3-2021.10.linux64_1.0.0.202111181127/tools/bin/../lib/gcc/arm-none-eabi/10.3.1/thumb/v7-m/nofp/crtend.o
LOAD /home/vienchau/Downloads/en.st-stm32cubeide_1.9.0_12015_20220302_0855_amd64.sh_v1.9.0/makeself_dir_31IH9z/y/plugins/com.st.stm32cube.ide.mcu.externaltools.gnu-tools-for-stm32.10.3-2021.10.linux64_1.0.0.202111181127/tools/bin/../lib/gcc/arm-none-eabi/10.3.1/thumb/v7-m/nofp/crtn.o
                0x0000000020005000                _estack = (ORIGIN (RAM) + LENGTH (RAM))
                0x0000000000000200                _Min_Heap_Size = 0x200
                0x0000000000000400                _Min_Stack_Size = 0x400

.isr_vector     0x0000000008000000      0x10c
                0x0000000008000000                . = ALIGN (0x4)
 *(.isr_vector)
 .isr_vector    0x0000000008000000      0x10c ./Core/Startup/startup_stm32f103c8tx.o
                0x0000000008000000                g_pfnVectors
                0x000000000800010c                . = ALIGN (0x4)

.text           0x0000000008000110     0x6b24
                0x0000000008000110                . = ALIGN (0x4)
 *(.text)
 .text          0x0000000008000110       0x40 /home/vienchau/Downloads/en.st-stm32cubeide_1.9.0_12015_20220302_0855_amd64.sh_v1.9.0/makeself_dir_31IH9z/y/plugins/com.st.stm32cube.ide.mcu.externaltools.gnu-tools-for-stm32.10.3-2021.10.linux64_1.0.0.202111181127/tools/bin/../lib/gcc/arm-none-eabi/10.3.1/thumb/v7-m/nofp/crtbegin.o
 .text          0x0000000008000150       0x10 /home/vienchau/Downloads/en.st-stm32cubeide_1.9.0_12015_20220302_0855_amd64.sh_v1.9.0/makeself_dir_31IH9z/y/plugins/com.st.stm32cube.ide.mcu.externaltools.gnu-tools-for-stm32.10.3-2021.10.linux64_1.0.0.202111181127/tools/bin/../lib/gcc/arm-none-eabi/10.3.1/../../../../arm-none-eabi/lib/thumb/v7-m/nofp/libc_nano.a(lib_a-strlen.o)
                0x0000000008000150                strlen
 .text          0x0000000008000160      0x378 /home/vienchau/Downloads/en.st-stm32cubeide_1.9.0_12015_20220302_0855_amd64.sh_v1.9.0/makeself_dir_31IH9z/y/plugins/com.st.stm32cube.ide.mcu.externaltools.gnu-tools-for-stm32.10.3-2021.10.linux64_1.0.0.202111181127/tools/bin/../lib/gcc/arm-none-eabi/10.3.1/thumb/v7-m/nofp/libgcc.a(_arm_addsubdf3.o)
                0x0000000008000160                __aeabi_drsub
                0x0000000008000168                __aeabi_dsub
                0x0000000008000168                __subdf3
                0x000000000800016c                __adddf3
                0x000000000800016c                __aeabi_dadd
                0x00000000080003e4                __aeabi_ui2d
                0x00000000080003e4                __floatunsidf
                0x0000000008000404                __floatsidf
                0x0000000008000404                __aeabi_i2d
                0x0000000008000428                __extendsfdf2
                0x0000000008000428                __aeabi_f2d
                0x000000000800046c                __aeabi_ul2d
                0x000000000800046c                __floatundidf
                0x000000000800047c                __floatdidf
                0x000000000800047c                __aeabi_l2d
 .text          0x00000000080004d8      0x424 /home/vienchau/Downloads/en.st-stm32cubeide_1.9.0_12015_20220302_0855_amd64.sh_v1.9.0/makeself_dir_31IH9z/y/plugins/com.st.stm32cube.ide.mcu.externaltools.gnu-tools-for-stm32.10.3-2021.10.linux64_1.0.0.202111181127/tools/bin/../lib/gcc/arm-none-eabi/10.3.1/thumb/v7-m/nofp/libgcc.a(_arm_muldivdf3.o)
                0x00000000080004d8                __aeabi_dmul
                0x00000000080004d8                __muldf3
                0x000000000800072c                __aeabi_ddiv
                0x000000000800072c                __divdf3
 .text          0x00000000080008fc      0x110 /home/vienchau/Downloads/en.st-stm32cubeide_1.9.0_12015_20220302_0855_amd64.sh_v1.9.0/makeself_dir_31IH9z/y/plugins/com.st.stm32cube.ide.mcu.externaltools.gnu-tools-for-stm32.10.3-2021.10.linux64_1.0.0.202111181127/tools/bin/../lib/gcc/arm-none-eabi/10.3.1/thumb/v7-m/nofp/libgcc.a(_arm_cmpdf2.o)
                0x00000000080008fc                __gtdf2
                0x00000000080008fc                __gedf2
                0x0000000008000904                __ltdf2
                0x0000000008000904                __ledf2
                0x000000000800090c                __cmpdf2
                0x000000000800090c                __eqdf2
                0x000000000800090c                __nedf2
                0x0000000008000988                __aeabi_cdrcmple
                0x0000000008000998                __aeabi_cdcmple
                0x0000000008000998                __aeabi_cdcmpeq
                0x00000000080009a8                __aeabi_dcmpeq
                0x00000000080009bc                __aeabi_dcmplt
                0x00000000080009d0                __aeabi_dcmple
                0x00000000080009e4                __aeabi_dcmpge
                0x00000000080009f8                __aeabi_dcmpgt
 .text          0x0000000008000a0c       0x2c /home/vienchau/Downloads/en.st-stm32cubeide_1.9.0_12015_20220302_0855_amd64.sh_v1.9.0/makeself_dir_31IH9z/y/plugins/com.st.stm32cube.ide.mcu.externaltools.gnu-tools-for-stm32.10.3-2021.10.linux64_1.0.0.202111181127/tools/bin/../lib/gcc/arm-none-eabi/10.3.1/thumb/v7-m/nofp/libgcc.a(_arm_unorddf2.o)
                0x0000000008000a0c                __aeabi_dcmpun
                0x0000000008000a0c                __unorddf2
 .text          0x0000000008000a38       0xa0 /home/vienchau/Downloads/en.st-stm32cubeide_1.9.0_12015_20220302_0855_amd64.sh_v1.9.0/makeself_dir_31IH9z/y/plugins/com.st.stm32cube.ide.mcu.externaltools.gnu-tools-for-stm32.10.3-2021.10.linux64_1.0.0.202111181127/tools/bin/../lib/gcc/arm-none-eabi/10.3.1/thumb/v7-m/nofp/libgcc.a(_arm_truncdfsf2.o)
                0x0000000008000a38                __aeabi_d2f
                0x0000000008000a38                __truncdfsf2
 .text          0x0000000008000ad8      0x21c /home/vienchau/Downloads/en.st-stm32cubeide_1.9.0_12015_20220302_0855_amd64.sh_v1.9.0/makeself_dir_31IH9z/y/plugins/com.st.stm32cube.ide.mcu.externaltools.gnu-tools-for-stm32.10.3-2021.10.linux64_1.0.0.202111181127/tools/bin/../lib/gcc/arm-none-eabi/10.3.1/thumb/v7-m/nofp/libgcc.a(_arm_addsubsf3.o)
                0x0000000008000ad8                __aeabi_frsub
                0x0000000008000ae0                __subsf3
                0x0000000008000ae0                __aeabi_fsub
                0x0000000008000ae4                __aeabi_fadd
                0x0000000008000ae4                __addsf3
                0x0000000008000c44                __aeabi_ui2f
                0x0000000008000c44                __floatunsisf
                0x0000000008000c4c                __aeabi_i2f
                0x0000000008000c4c                __floatsisf
                0x0000000008000c68                __floatundisf
                0x0000000008000c68                __aeabi_ul2f
                0x0000000008000c78                __floatdisf
                0x0000000008000c78                __aeabi_l2f
 .text          0x0000000008000cf4      0x2a0 /home/vienchau/Downloads/en.st-stm32cubeide_1.9.0_12015_20220302_0855_amd64.sh_v1.9.0/makeself_dir_31IH9z/y/plugins/com.st.stm32cube.ide.mcu.externaltools.gnu-tools-for-stm32.10.3-2021.10.linux64_1.0.0.202111181127/tools/bin/../lib/gcc/arm-none-eabi/10.3.1/thumb/v7-m/nofp/libgcc.a(_arm_muldivsf3.o)
                0x0000000008000cf4                __mulsf3
                0x0000000008000cf4                __aeabi_fmul
                0x0000000008000e5c                __divsf3
                0x0000000008000e5c                __aeabi_fdiv
 .text          0x0000000008000f94       0xec /home/vienchau/Downloads/en.st-stm32cubeide_1.9.0_12015_20220302_0855_amd64.sh_v1.9.0/makeself_dir_31IH9z/y/plugins/com.st.stm32cube.ide.mcu.externaltools.gnu-tools-for-stm32.10.3-2021.10.linux64_1.0.0.202111181127/tools/bin/../lib/gcc/arm-none-eabi/10.3.1/thumb/v7-m/nofp/libgcc.a(_arm_cmpsf2.o)
                0x0000000008000f94                __gtsf2
                0x0000000008000f94                __gesf2
                0x0000000008000f9c                __lesf2
                0x0000000008000f9c                __ltsf2
                0x0000000008000fa4                __nesf2
                0x0000000008000fa4                __eqsf2
                0x0000000008000fa4                __cmpsf2
                0x0000000008001004                __aeabi_cfrcmple
                0x000000000800100c                __aeabi_cfcmple
                0x000000000800100c                __aeabi_cfcmpeq
                0x000000000800101c                __aeabi_fcmpeq
                0x0000000008001030                __aeabi_fcmplt
                0x0000000008001044                __aeabi_fcmple
                0x0000000008001058                __aeabi_fcmpge
                0x000000000800106c                __aeabi_fcmpgt
 .text          0x0000000008001080       0x4c /home/vienchau/Downloads/en.st-stm32cubeide_1.9.0_12015_20220302_0855_amd64.sh_v1.9.0/makeself_dir_31IH9z/y/plugins/com.st.stm32cube.ide.mcu.externaltools.gnu-tools-for-stm32.10.3-2021.10.linux64_1.0.0.202111181127/tools/bin/../lib/gcc/arm-none-eabi/10.3.1/thumb/v7-m/nofp/libgcc.a(_arm_fixsfsi.o)
                0x0000000008001080                __fixsfsi
                0x0000000008001080                __aeabi_f2iz
 .text          0x00000000080010cc       0x40 /home/vienchau/Downloads/en.st-stm32cubeide_1.9.0_12015_20220302_0855_amd64.sh_v1.9.0/makeself_dir_31IH9z/y/plugins/com.st.stm32cube.ide.mcu.externaltools.gnu-tools-for-stm32.10.3-2021.10.linux64_1.0.0.202111181127/tools/bin/../lib/gcc/arm-none-eabi/10.3.1/thumb/v7-m/nofp/libgcc.a(_arm_fixunssfsi.o)
                0x00000000080010cc                __aeabi_f2uiz
                0x00000000080010cc                __fixunssfsi
 *(.text*)
 .text.MX_GPIO_Init
                0x000000000800110c       0x98 ./Core/Src/gpio.o
                0x000000000800110c                MX_GPIO_Init
 .text.main     0x00000000080011a4      0x79c ./Core/Src/main.o
                0x00000000080011a4                main
 .text.SystemClock_Config
                0x0000000008001940       0x8a ./Core/Src/main.o
                0x0000000008001940                SystemClock_Config
 *fill*         0x00000000080019ca        0x2 
 .text.HAL_TIM_PeriodElapsedCallback
                0x00000000080019cc       0x80 ./Core/Src/main.o
                0x00000000080019cc                HAL_TIM_PeriodElapsedCallback
 .text.Error_Handler
                0x0000000008001a4c        0xa ./Core/Src/main.o
                0x0000000008001a4c                Error_Handler
 *fill*         0x0000000008001a56        0x2 
 .text.MotorSetDir
                0x0000000008001a58       0x40 ./Core/Src/motor.o
                0x0000000008001a58                MotorSetDir
 .text.MotorSetDuty
                0x0000000008001a98       0x20 ./Core/Src/motor.o
                0x0000000008001a98                MotorSetDuty
 .text.MotorInit
                0x0000000008001ab8       0x54 ./Core/Src/motor.o
                0x0000000008001ab8                MotorInit
 *fill*         0x0000000008001b0c        0x4 
 .text.ConvertDegToPulse
                0x0000000008001b10       0x64 ./Core/Src/motor.o
                0x0000000008001b10                ConvertDegToPulse
 *fill*         0x0000000008001b74        0x4 
 .text.ConvertPulseToDeg
                0x0000000008001b78       0x5c ./Core/Src/motor.o
                0x0000000008001b78                ConvertPulseToDeg
 .text.MotorGetPulse
                0x0000000008001bd4       0x20 ./Core/Src/motor.o
                0x0000000008001bd4                MotorGetPulse
 *fill*         0x0000000008001bf4        0x4 
 .text.MotorMovePos
                0x0000000008001bf8      0x318 ./Core/Src/motor.o
                0x0000000008001bf8                MotorMovePos
 .text.MotorTuning
                0x0000000008001f10       0xe8 ./Core/Src/motor.o
                0x0000000008001f10                MotorTuning
 .text.PIDReset
                0x0000000008001ff8       0x30 ./Core/Src/pid.o
                0x0000000008001ff8                PIDReset
 .text.PIDInit  0x0000000008002028       0x3c ./Core/Src/pid.o
                0x0000000008002028                PIDInit
 .text.PIDCompute
                0x0000000008002064       0xe0 ./Core/Src/pid.o
                0x0000000008002064                PIDCompute
 .text.subString
                0x0000000008002144       0x50 ./Core/Src/serial.o
                0x0000000008002144                subString
 .text.StrCompare
                0x0000000008002194       0x46 ./Core/Src/serial.o
                0x0000000008002194                StrCompare
 *fill*         0x00000000080021da        0x2 
 .text.SerialInit
                0x00000000080021dc       0x1c ./Core/Src/serial.o
                0x00000000080021dc                SerialInit
 .text.SerialAcceptReceive
                0x00000000080021f8       0x1c ./Core/Src/serial.o
                0x00000000080021f8                SerialAcceptReceive
 .text.SerialWriteComm
                0x0000000008002214       0xb4 ./Core/Src/serial.o
                0x0000000008002214                SerialWriteComm
 .text.SerialParse
                0x00000000080022c8       0x7c ./Core/Src/serial.o
                0x00000000080022c8                SerialParse
 .text.HAL_UART_RxCpltCallback
                0x0000000008002344       0x34 ./Core/Src/serial.o
                0x0000000008002344                HAL_UART_RxCpltCallback
 .text.HAL_MspInit
                0x0000000008002378       0x64 ./Core/Src/stm32f1xx_hal_msp.o
                0x0000000008002378                HAL_MspInit
 .text.NMI_Handler
                0x00000000080023dc        0x6 ./Core/Src/stm32f1xx_it.o
                0x00000000080023dc                NMI_Handler
 .text.HardFault_Handler
                0x00000000080023e2        0x6 ./Core/Src/stm32f1xx_it.o
                0x00000000080023e2                HardFault_Handler
 .text.MemManage_Handler
                0x00000000080023e8        0x6 ./Core/Src/stm32f1xx_it.o
                0x00000000080023e8                MemManage_Handler
 .text.BusFault_Handler
                0x00000000080023ee        0x6 ./Core/Src/stm32f1xx_it.o
                0x00000000080023ee                BusFault_Handler
 .text.UsageFault_Handler
                0x00000000080023f4        0x6 ./Core/Src/stm32f1xx_it.o
                0x00000000080023f4                UsageFault_Handler
 .text.SVC_Handler
                0x00000000080023fa        0xc ./Core/Src/stm32f1xx_it.o
                0x00000000080023fa                SVC_Handler
 .text.DebugMon_Handler
                0x0000000008002406        0xc ./Core/Src/stm32f1xx_it.o
                0x0000000008002406                DebugMon_Handler
 .text.PendSV_Handler
                0x0000000008002412        0xc ./Core/Src/stm32f1xx_it.o
                0x0000000008002412                PendSV_Handler
 .text.SysTick_Handler
                0x000000000800241e        0xc ./Core/Src/stm32f1xx_it.o
                0x000000000800241e                SysTick_Handler
 *fill*         0x000000000800242a        0x2 
 .text.TIM2_IRQHandler
                0x000000000800242c       0x14 ./Core/Src/stm32f1xx_it.o
                0x000000000800242c                TIM2_IRQHandler
 .text.USART1_IRQHandler
                0x0000000008002440       0x14 ./Core/Src/stm32f1xx_it.o
                0x0000000008002440                USART1_IRQHandler
 .text._sbrk    0x0000000008002454       0x6c ./Core/Src/sysmem.o
                0x0000000008002454                _sbrk
 .text.SystemInit
                0x00000000080024c0        0xc ./Core/Src/system_stm32f1xx.o
                0x00000000080024c0                SystemInit
 .text.MX_TIM2_Init
                0x00000000080024cc       0x98 ./Core/Src/tim.o
                0x00000000080024cc                MX_TIM2_Init
 .text.MX_TIM3_Init
                0x0000000008002564       0xb4 ./Core/Src/tim.o
                0x0000000008002564                MX_TIM3_Init
 .text.MX_TIM4_Init
                0x0000000008002618       0xa8 ./Core/Src/tim.o
                0x0000000008002618                MX_TIM4_Init
 .text.HAL_TIM_Base_MspInit
                0x00000000080026c0       0x48 ./Core/Src/tim.o
                0x00000000080026c0                HAL_TIM_Base_MspInit
 .text.HAL_TIM_PWM_MspInit
                0x0000000008002708       0x3c ./Core/Src/tim.o
                0x0000000008002708                HAL_TIM_PWM_MspInit
 .text.HAL_TIM_Encoder_MspInit
                0x0000000008002744       0x7c ./Core/Src/tim.o
                0x0000000008002744                HAL_TIM_Encoder_MspInit
 .text.HAL_TIM_MspPostInit
                0x00000000080027c0       0x64 ./Core/Src/tim.o
                0x00000000080027c0                HAL_TIM_MspPostInit
 .text.MX_USART1_UART_Init
                0x0000000008002824       0x54 ./Core/Src/usart.o
                0x0000000008002824                MX_USART1_UART_Init
 .text.HAL_UART_MspInit
                0x0000000008002878       0xa8 ./Core/Src/usart.o
                0x0000000008002878                HAL_UART_MspInit
 .text.Reset_Handler
                0x0000000008002920       0x48 ./Core/Startup/startup_stm32f103c8tx.o
                0x0000000008002920                Reset_Handler
 .text.Default_Handler
                0x0000000008002968        0x2 ./Core/Startup/startup_stm32f103c8tx.o
                0x0000000008002968                RTC_Alarm_IRQHandler
                0x0000000008002968                EXTI2_IRQHandler
                0x0000000008002968                TIM1_CC_IRQHandler
                0x0000000008002968                PVD_IRQHandler
                0x0000000008002968                EXTI3_IRQHandler
                0x0000000008002968                EXTI0_IRQHandler
                0x0000000008002968                I2C2_EV_IRQHandler
                0x0000000008002968                ADC1_2_IRQHandler
                0x0000000008002968                SPI1_IRQHandler
                0x0000000008002968                TAMPER_IRQHandler
                0x0000000008002968                DMA1_Channel4_IRQHandler
                0x0000000008002968                USART3_IRQHandler
                0x0000000008002968                RTC_IRQHandler
                0x0000000008002968                DMA1_Channel7_IRQHandler
                0x0000000008002968                CAN1_RX1_IRQHandler
                0x0000000008002968                TIM4_IRQHandler
                0x0000000008002968                I2C1_EV_IRQHandler
                0x0000000008002968                DMA1_Channel6_IRQHandler
                0x0000000008002968                TIM3_IRQHandler
                0x0000000008002968                RCC_IRQHandler
                0x0000000008002968                TIM1_TRG_COM_IRQHandler
                0x0000000008002968                DMA1_Channel1_IRQHandler
                0x0000000008002968                Default_Handler
                0x0000000008002968                EXTI15_10_IRQHandler
                0x0000000008002968                EXTI9_5_IRQHandler
                0x0000000008002968                SPI2_IRQHandler
                0x0000000008002968                DMA1_Channel5_IRQHandler
                0x0000000008002968                EXTI4_IRQHandler
                0x0000000008002968                USB_LP_CAN1_RX0_IRQHandler
                0x0000000008002968                USB_HP_CAN1_TX_IRQHandler
                0x0000000008002968                DMA1_Channel3_IRQHandler
                0x0000000008002968                TIM1_UP_IRQHandler
                0x0000000008002968                WWDG_IRQHandler
                0x0000000008002968                TIM1_BRK_IRQHandler
                0x0000000008002968                EXTI1_IRQHandler
                0x0000000008002968                USART2_IRQHandler
                0x0000000008002968                I2C2_ER_IRQHandler
                0x0000000008002968                DMA1_Channel2_IRQHandler
                0x0000000008002968                CAN1_SCE_IRQHandler
                0x0000000008002968                FLASH_IRQHandler
                0x0000000008002968                I2C1_ER_IRQHandler
                0x0000000008002968                USBWakeUp_IRQHandler
 *fill*         0x000000000800296a        0x2 
 .text.HAL_Init
                0x000000000800296c       0x2c ./Drivers/STM32F1xx_HAL_Driver/Src/stm32f1xx_hal.o
                0x000000000800296c                HAL_Init
 .text.HAL_InitTick
                0x0000000008002998       0x60 ./Drivers/STM32F1xx_HAL_Driver/Src/stm32f1xx_hal.o
                0x0000000008002998                HAL_InitTick
 .text.HAL_IncTick
                0x00000000080029f8       0x24 ./Drivers/STM32F1xx_HAL_Driver/Src/stm32f1xx_hal.o
                0x00000000080029f8                HAL_IncTick
 .text.HAL_GetTick
                0x0000000008002a1c       0x14 ./Drivers/STM32F1xx_HAL_Driver/Src/stm32f1xx_hal.o
                0x0000000008002a1c                HAL_GetTick
 .text.HAL_Delay
                0x0000000008002a30       0x48 ./Drivers/STM32F1xx_HAL_Driver/Src/stm32f1xx_hal.o
                0x0000000008002a30                HAL_Delay
 .text.__NVIC_SetPriorityGrouping
                0x0000000008002a78       0x48 ./Drivers/STM32F1xx_HAL_Driver/Src/stm32f1xx_hal_cortex.o
 .text.__NVIC_GetPriorityGrouping
                0x0000000008002ac0       0x1c ./Drivers/STM32F1xx_HAL_Driver/Src/stm32f1xx_hal_cortex.o
 .text.__NVIC_EnableIRQ
                0x0000000008002adc       0x38 ./Drivers/STM32F1xx_HAL_Driver/Src/stm32f1xx_hal_cortex.o
 .text.__NVIC_SetPriority
                0x0000000008002b14       0x54 ./Drivers/STM32F1xx_HAL_Driver/Src/stm32f1xx_hal_cortex.o
 .text.NVIC_EncodePriority
                0x0000000008002b68       0x64 ./Drivers/STM32F1xx_HAL_Driver/Src/stm32f1xx_hal_cortex.o
 .text.SysTick_Config
                0x0000000008002bcc       0x44 ./Drivers/STM32F1xx_HAL_Driver/Src/stm32f1xx_hal_cortex.o
 .text.HAL_NVIC_SetPriorityGrouping
                0x0000000008002c10       0x16 ./Drivers/STM32F1xx_HAL_Driver/Src/stm32f1xx_hal_cortex.o
                0x0000000008002c10                HAL_NVIC_SetPriorityGrouping
 .text.HAL_NVIC_SetPriority
                0x0000000008002c26       0x38 ./Drivers/STM32F1xx_HAL_Driver/Src/stm32f1xx_hal_cortex.o
                0x0000000008002c26                HAL_NVIC_SetPriority
 .text.HAL_NVIC_EnableIRQ
                0x0000000008002c5e       0x1c ./Drivers/STM32F1xx_HAL_Driver/Src/stm32f1xx_hal_cortex.o
                0x0000000008002c5e                HAL_NVIC_EnableIRQ
 .text.HAL_SYSTICK_Config
                0x0000000008002c7a       0x18 ./Drivers/STM32F1xx_HAL_Driver/Src/stm32f1xx_hal_cortex.o
                0x0000000008002c7a                HAL_SYSTICK_Config
 .text.HAL_DMA_Abort
                0x0000000008002c92       0x74 ./Drivers/STM32F1xx_HAL_Driver/Src/stm32f1xx_hal_dma.o
                0x0000000008002c92                HAL_DMA_Abort
 *fill*         0x0000000008002d06        0x2 
 .text.HAL_DMA_Abort_IT
                0x0000000008002d08       0xec ./Drivers/STM32F1xx_HAL_Driver/Src/stm32f1xx_hal_dma.o
                0x0000000008002d08                HAL_DMA_Abort_IT
 .text.HAL_GPIO_Init
                0x0000000008002df4      0x308 ./Drivers/STM32F1xx_HAL_Driver/Src/stm32f1xx_hal_gpio.o
                0x0000000008002df4                HAL_GPIO_Init
 .text.HAL_GPIO_WritePin
                0x00000000080030fc       0x30 ./Drivers/STM32F1xx_HAL_Driver/Src/stm32f1xx_hal_gpio.o
                0x00000000080030fc                HAL_GPIO_WritePin
 .text.HAL_RCC_OscConfig
                0x000000000800312c      0x504 ./Drivers/STM32F1xx_HAL_Driver/Src/stm32f1xx_hal_rcc.o
                0x000000000800312c                HAL_RCC_OscConfig
 .text.HAL_RCC_ClockConfig
                0x0000000008003630      0x1d4 ./Drivers/STM32F1xx_HAL_Driver/Src/stm32f1xx_hal_rcc.o
                0x0000000008003630                HAL_RCC_ClockConfig
 .text.HAL_RCC_GetSysClockFreq
                0x0000000008003804       0xbc ./Drivers/STM32F1xx_HAL_Driver/Src/stm32f1xx_hal_rcc.o
                0x0000000008003804                HAL_RCC_GetSysClockFreq
 .text.HAL_RCC_GetHCLKFreq
                0x00000000080038c0       0x14 ./Drivers/STM32F1xx_HAL_Driver/Src/stm32f1xx_hal_rcc.o
                0x00000000080038c0                HAL_RCC_GetHCLKFreq
 .text.HAL_RCC_GetPCLK1Freq
                0x00000000080038d4       0x28 ./Drivers/STM32F1xx_HAL_Driver/Src/stm32f1xx_hal_rcc.o
                0x00000000080038d4                HAL_RCC_GetPCLK1Freq
 .text.HAL_RCC_GetPCLK2Freq
                0x00000000080038fc       0x28 ./Drivers/STM32F1xx_HAL_Driver/Src/stm32f1xx_hal_rcc.o
                0x00000000080038fc                HAL_RCC_GetPCLK2Freq
 .text.RCC_Delay
                0x0000000008003924       0x3c ./Drivers/STM32F1xx_HAL_Driver/Src/stm32f1xx_hal_rcc.o
 .text.HAL_TIM_Base_Init
                0x0000000008003960       0x9e ./Drivers/STM32F1xx_HAL_Driver/Src/stm32f1xx_hal_tim.o
                0x0000000008003960                HAL_TIM_Base_Init
 *fill*         0x00000000080039fe        0x2 
 .text.HAL_TIM_Base_Start_IT
                0x0000000008003a00       0xa4 ./Drivers/STM32F1xx_HAL_Driver/Src/stm32f1xx_hal_tim.o
                0x0000000008003a00                HAL_TIM_Base_Start_IT
 .text.HAL_TIM_PWM_Init
                0x0000000008003aa4       0x9e ./Drivers/STM32F1xx_HAL_Driver/Src/stm32f1xx_hal_tim.o
                0x0000000008003aa4                HAL_TIM_PWM_Init
 *fill*         0x0000000008003b42        0x2 
 .text.HAL_TIM_PWM_Start
                0x0000000008003b44      0x144 ./Drivers/STM32F1xx_HAL_Driver/Src/stm32f1xx_hal_tim.o
                0x0000000008003b44                HAL_TIM_PWM_Start
 .text.HAL_TIM_Encoder_Init
                0x0000000008003c88      0x144 ./Drivers/STM32F1xx_HAL_Driver/Src/stm32f1xx_hal_tim.o
                0x0000000008003c88                HAL_TIM_Encoder_Init
 .text.HAL_TIM_Encoder_Start
                0x0000000008003dcc      0x11c ./Drivers/STM32F1xx_HAL_Driver/Src/stm32f1xx_hal_tim.o
                0x0000000008003dcc                HAL_TIM_Encoder_Start
 .text.HAL_TIM_IRQHandler
                0x0000000008003ee8      0x210 ./Drivers/STM32F1xx_HAL_Driver/Src/stm32f1xx_hal_tim.o
                0x0000000008003ee8                HAL_TIM_IRQHandler
 .text.HAL_TIM_PWM_ConfigChannel
                0x00000000080040f8      0x17c ./Drivers/STM32F1xx_HAL_Driver/Src/stm32f1xx_hal_tim.o
                0x00000000080040f8                HAL_TIM_PWM_ConfigChannel
 .text.HAL_TIM_ConfigClockSource
                0x0000000008004274      0x188 ./Drivers/STM32F1xx_HAL_Driver/Src/stm32f1xx_hal_tim.o
                0x0000000008004274                HAL_TIM_ConfigClockSource
 .text.HAL_TIM_OC_DelayElapsedCallback
                0x00000000080043fc       0x12 ./Drivers/STM32F1xx_HAL_Driver/Src/stm32f1xx_hal_tim.o
                0x00000000080043fc                HAL_TIM_OC_DelayElapsedCallback
 .text.HAL_TIM_IC_CaptureCallback
                0x000000000800440e       0x12 ./Drivers/STM32F1xx_HAL_Driver/Src/stm32f1xx_hal_tim.o
                0x000000000800440e                HAL_TIM_IC_CaptureCallback
 .text.HAL_TIM_PWM_PulseFinishedCallback
                0x0000000008004420       0x12 ./Drivers/STM32F1xx_HAL_Driver/Src/stm32f1xx_hal_tim.o
                0x0000000008004420                HAL_TIM_PWM_PulseFinishedCallback
 .text.HAL_TIM_TriggerCallback
                0x0000000008004432       0x12 ./Drivers/STM32F1xx_HAL_Driver/Src/stm32f1xx_hal_tim.o
                0x0000000008004432                HAL_TIM_TriggerCallback
 .text.TIM_Base_SetConfig
                0x0000000008004444       0xc4 ./Drivers/STM32F1xx_HAL_Driver/Src/stm32f1xx_hal_tim.o
                0x0000000008004444                TIM_Base_SetConfig
 .text.TIM_OC1_SetConfig
                0x0000000008004508       0xcc ./Drivers/STM32F1xx_HAL_Driver/Src/stm32f1xx_hal_tim.o
 .text.TIM_OC2_SetConfig
                0x00000000080045d4       0xd4 ./Drivers/STM32F1xx_HAL_Driver/Src/stm32f1xx_hal_tim.o
                0x00000000080045d4                TIM_OC2_SetConfig
 .text.TIM_OC3_SetConfig
                0x00000000080046a8       0xd4 ./Drivers/STM32F1xx_HAL_Driver/Src/stm32f1xx_hal_tim.o
 .text.TIM_OC4_SetConfig
                0x000000000800477c       0x9c ./Drivers/STM32F1xx_HAL_Driver/Src/stm32f1xx_hal_tim.o
 .text.TIM_TI1_ConfigInputStage
                0x0000000008004818       0x5c ./Drivers/STM32F1xx_HAL_Driver/Src/stm32f1xx_hal_tim.o
 .text.TIM_TI2_ConfigInputStage
                0x0000000008004874       0x5e ./Drivers/STM32F1xx_HAL_Driver/Src/stm32f1xx_hal_tim.o
 .text.TIM_ITRx_SetConfig
                0x00000000080048d2       0x34 ./Drivers/STM32F1xx_HAL_Driver/Src/stm32f1xx_hal_tim.o
 .text.TIM_ETR_SetConfig
                0x0000000008004906       0x3e ./Drivers/STM32F1xx_HAL_Driver/Src/stm32f1xx_hal_tim.o
                0x0000000008004906                TIM_ETR_SetConfig
 .text.TIM_CCxChannelCmd
                0x0000000008004944       0x48 ./Drivers/STM32F1xx_HAL_Driver/Src/stm32f1xx_hal_tim.o
                0x0000000008004944                TIM_CCxChannelCmd
 .text.HAL_TIMEx_MasterConfigSynchronization
                0x000000000800498c       0xbc ./Drivers/STM32F1xx_HAL_Driver/Src/stm32f1xx_hal_tim_ex.o
                0x000000000800498c                HAL_TIMEx_MasterConfigSynchronization
 .text.HAL_TIMEx_CommutCallback
                0x0000000008004a48       0x12 ./Drivers/STM32F1xx_HAL_Driver/Src/stm32f1xx_hal_tim_ex.o
                0x0000000008004a48                HAL_TIMEx_CommutCallback
 .text.HAL_TIMEx_BreakCallback
                0x0000000008004a5a       0x12 ./Drivers/STM32F1xx_HAL_Driver/Src/stm32f1xx_hal_tim_ex.o
                0x0000000008004a5a                HAL_TIMEx_BreakCallback
 .text.HAL_UART_Init
                0x0000000008004a6c       0x9a ./Drivers/STM32F1xx_HAL_Driver/Src/stm32f1xx_hal_uart.o
                0x0000000008004a6c                HAL_UART_Init
 .text.HAL_UART_Transmit
                0x0000000008004b06      0x124 ./Drivers/STM32F1xx_HAL_Driver/Src/stm32f1xx_hal_uart.o
                0x0000000008004b06                HAL_UART_Transmit
 .text.HAL_UART_Receive_IT
                0x0000000008004c2a       0x60 ./Drivers/STM32F1xx_HAL_Driver/Src/stm32f1xx_hal_uart.o
                0x0000000008004c2a                HAL_UART_Receive_IT
 *fill*         0x0000000008004c8a        0x2 
 .text.HAL_UART_IRQHandler
                0x0000000008004c8c      0x354 ./Drivers/STM32F1xx_HAL_Driver/Src/stm32f1xx_hal_uart.o
                0x0000000008004c8c                HAL_UART_IRQHandler
 .text.HAL_UART_TxCpltCallback
                0x0000000008004fe0       0x12 ./Drivers/STM32F1xx_HAL_Driver/Src/stm32f1xx_hal_uart.o
                0x0000000008004fe0                HAL_UART_TxCpltCallback
 .text.HAL_UART_ErrorCallback
                0x0000000008004ff2       0x12 ./Drivers/STM32F1xx_HAL_Driver/Src/stm32f1xx_hal_uart.o
                0x0000000008004ff2                HAL_UART_ErrorCallback
 .text.HAL_UARTEx_RxEventCallback
                0x0000000008005004       0x16 ./Drivers/STM32F1xx_HAL_Driver/Src/stm32f1xx_hal_uart.o
                0x0000000008005004                HAL_UARTEx_RxEventCallback
 .text.UART_WaitOnFlagUntilTimeout
                0x000000000800501a       0x94 ./Drivers/STM32F1xx_HAL_Driver/Src/stm32f1xx_hal_uart.o
 .text.UART_Start_Receive_IT
                0x00000000080050ae       0x72 ./Drivers/STM32F1xx_HAL_Driver/Src/stm32f1xx_hal_uart.o
                0x00000000080050ae                UART_Start_Receive_IT
 .text.UART_EndRxTransfer
                0x0000000008005120       0x58 ./Drivers/STM32F1xx_HAL_Driver/Src/stm32f1xx_hal_uart.o
 .text.UART_DMAAbortOnError
                0x0000000008005178       0x28 ./Drivers/STM32F1xx_HAL_Driver/Src/stm32f1xx_hal_uart.o
 .text.UART_Transmit_IT
                0x00000000080051a0       0x9e ./Drivers/STM32F1xx_HAL_Driver/Src/stm32f1xx_hal_uart.o
 .text.UART_EndTransmit_IT
                0x000000000800523e       0x30 ./Drivers/STM32F1xx_HAL_Driver/Src/stm32f1xx_hal_uart.o
 .text.UART_Receive_IT
                0x000000000800526e      0x152 ./Drivers/STM32F1xx_HAL_Driver/Src/stm32f1xx_hal_uart.o
 .text.UART_SetConfig
                0x00000000080053c0      0x11c ./Drivers/STM32F1xx_HAL_Driver/Src/stm32f1xx_hal_uart.o
 .text.__errno  0x00000000080054dc        0xc /home/vienchau/Downloads/en.st-stm32cubeide_1.9.0_12015_20220302_0855_amd64.sh_v1.9.0/makeself_dir_31IH9z/y/plugins/com.st.stm32cube.ide.mcu.externaltools.gnu-tools-for-stm32.10.3-2021.10.linux64_1.0.0.202111181127/tools/bin/../lib/gcc/arm-none-eabi/10.3.1/../../../../arm-none-eabi/lib/thumb/v7-m/nofp/libc_nano.a(lib_a-errno.o)
                0x00000000080054dc                __errno
 .text.__libc_init_array
                0x00000000080054e8       0x48 /home/vienchau/Downloads/en.st-stm32cubeide_1.9.0_12015_20220302_0855_amd64.sh_v1.9.0/makeself_dir_31IH9z/y/plugins/com.st.stm32cube.ide.mcu.externaltools.gnu-tools-for-stm32.10.3-2021.10.linux64_1.0.0.202111181127/tools/bin/../lib/gcc/arm-none-eabi/10.3.1/../../../../arm-none-eabi/lib/thumb/v7-m/nofp/libc_nano.a(lib_a-init.o)
                0x00000000080054e8                __libc_init_array
 .text.malloc   0x0000000008005530       0x10 /home/vienchau/Downloads/en.st-stm32cubeide_1.9.0_12015_20220302_0855_amd64.sh_v1.9.0/makeself_dir_31IH9z/y/plugins/com.st.stm32cube.ide.mcu.externaltools.gnu-tools-for-stm32.10.3-2021.10.linux64_1.0.0.202111181127/tools/bin/../lib/gcc/arm-none-eabi/10.3.1/../../../../arm-none-eabi/lib/thumb/v7-m/nofp/libc_nano.a(lib_a-malloc.o)
                0x0000000008005530                malloc
 .text.free     0x0000000008005540       0x10 /home/vienchau/Downloads/en.st-stm32cubeide_1.9.0_12015_20220302_0855_amd64.sh_v1.9.0/makeself_dir_31IH9z/y/plugins/com.st.stm32cube.ide.mcu.externaltools.gnu-tools-for-stm32.10.3-2021.10.linux64_1.0.0.202111181127/tools/bin/../lib/gcc/arm-none-eabi/10.3.1/../../../../arm-none-eabi/lib/thumb/v7-m/nofp/libc_nano.a(lib_a-malloc.o)
                0x0000000008005540                free
 .text.memcpy   0x0000000008005550       0x1c /home/vienchau/Downloads/en.st-stm32cubeide_1.9.0_12015_20220302_0855_amd64.sh_v1.9.0/makeself_dir_31IH9z/y/plugins/com.st.stm32cube.ide.mcu.externaltools.gnu-tools-for-stm32.10.3-2021.10.linux64_1.0.0.202111181127/tools/bin/../lib/gcc/arm-none-eabi/10.3.1/../../../../arm-none-eabi/lib/thumb/v7-m/nofp/libc_nano.a(lib_a-memcpy-stub.o)
                0x0000000008005550                memcpy
 .text.memset   0x000000000800556c       0x10 /home/vienchau/Downloads/en.st-stm32cubeide_1.9.0_12015_20220302_0855_amd64.sh_v1.9.0/makeself_dir_31IH9z/y/plugins/com.st.stm32cube.ide.mcu.externaltools.gnu-tools-for-stm32.10.3-2021.10.linux64_1.0.0.202111181127/tools/bin/../lib/gcc/arm-none-eabi/10.3.1/../../../../arm-none-eabi/lib/thumb/v7-m/nofp/libc_nano.a(lib_a-memset.o)
                0x000000000800556c                memset
 .text._free_r  0x000000000800557c       0x90 /home/vienchau/Downloads/en.st-stm32cubeide_1.9.0_12015_20220302_0855_amd64.sh_v1.9.0/makeself_dir_31IH9z/y/plugins/com.st.stm32cube.ide.mcu.externaltools.gnu-tools-for-stm32.10.3-2021.10.linux64_1.0.0.202111181127/tools/bin/../lib/gcc/arm-none-eabi/10.3.1/../../../../arm-none-eabi/lib/thumb/v7-m/nofp/libc_nano.a(lib_a-nano-freer.o)
                0x000000000800557c                _free_r
 .text.sbrk_aligned
                0x000000000800560c       0x40 /home/vienchau/Downloads/en.st-stm32cubeide_1.9.0_12015_20220302_0855_amd64.sh_v1.9.0/makeself_dir_31IH9z/y/plugins/com.st.stm32cube.ide.mcu.externaltools.gnu-tools-for-stm32.10.3-2021.10.linux64_1.0.0.202111181127/tools/bin/../lib/gcc/arm-none-eabi/10.3.1/../../../../arm-none-eabi/lib/thumb/v7-m/nofp/libc_nano.a(lib_a-nano-mallocr.o)
 .text._malloc_r
                0x000000000800564c       0xe8 /home/vienchau/Downloads/en.st-stm32cubeide_1.9.0_12015_20220302_0855_amd64.sh_v1.9.0/makeself_dir_31IH9z/y/plugins/com.st.stm32cube.ide.mcu.externaltools.gnu-tools-for-stm32.10.3-2021.10.linux64_1.0.0.202111181127/tools/bin/../lib/gcc/arm-none-eabi/10.3.1/../../../../arm-none-eabi/lib/thumb/v7-m/nofp/libc_nano.a(lib_a-nano-mallocr.o)
                0x000000000800564c                _malloc_r
 .text._sbrk_r  0x0000000008005734       0x20 /home/vienchau/Downloads/en.st-stm32cubeide_1.9.0_12015_20220302_0855_amd64.sh_v1.9.0/makeself_dir_31IH9z/y/plugins/com.st.stm32cube.ide.mcu.externaltools.gnu-tools-for-stm32.10.3-2021.10.linux64_1.0.0.202111181127/tools/bin/../lib/gcc/arm-none-eabi/10.3.1/../../../../arm-none-eabi/lib/thumb/v7-m/nofp/libc_nano.a(lib_a-sbrkr.o)
                0x0000000008005734                _sbrk_r
 .text.sprintf  0x0000000008005754       0x40 /home/vienchau/Downloads/en.st-stm32cubeide_1.9.0_12015_20220302_0855_amd64.sh_v1.9.0/makeself_dir_31IH9z/y/plugins/com.st.stm32cube.ide.mcu.externaltools.gnu-tools-for-stm32.10.3-2021.10.linux64_1.0.0.202111181127/tools/bin/../lib/gcc/arm-none-eabi/10.3.1/../../../../arm-none-eabi/lib/thumb/v7-m/nofp/libc_nano.a(lib_a-sprintf.o)
                0x0000000008005754                sprintf
                0x0000000008005754                siprintf
 .text.__malloc_lock
                0x0000000008005794        0xc /home/vienchau/Downloads/en.st-stm32cubeide_1.9.0_12015_20220302_0855_amd64.sh_v1.9.0/makeself_dir_31IH9z/y/plugins/com.st.stm32cube.ide.mcu.externaltools.gnu-tools-for-stm32.10.3-2021.10.linux64_1.0.0.202111181127/tools/bin/../lib/gcc/arm-none-eabi/10.3.1/../../../../arm-none-eabi/lib/thumb/v7-m/nofp/libc_nano.a(lib_a-mlock.o)
                0x0000000008005794                __malloc_lock
 .text.__malloc_unlock
                0x00000000080057a0        0xc /home/vienchau/Downloads/en.st-stm32cubeide_1.9.0_12015_20220302_0855_amd64.sh_v1.9.0/makeself_dir_31IH9z/y/plugins/com.st.stm32cube.ide.mcu.externaltools.gnu-tools-for-stm32.10.3-2021.10.linux64_1.0.0.202111181127/tools/bin/../lib/gcc/arm-none-eabi/10.3.1/../../../../arm-none-eabi/lib/thumb/v7-m/nofp/libc_nano.a(lib_a-mlock.o)
                0x00000000080057a0                __malloc_unlock
 .text.__ssputs_r
                0x00000000080057ac       0xb6 /home/vienchau/Downloads/en.st-stm32cubeide_1.9.0_12015_20220302_0855_amd64.sh_v1.9.0/makeself_dir_31IH9z/y/plugins/com.st.stm32cube.ide.mcu.externaltools.gnu-tools-for-stm32.10.3-2021.10.linux64_1.0.0.202111181127/tools/bin/../lib/gcc/arm-none-eabi/10.3.1/../../../../arm-none-eabi/lib/thumb/v7-m/nofp/libc_nano.a(lib_a-nano-svfprintf.o)
                0x00000000080057ac                __ssputs_r
 *fill*         0x0000000008005862        0x2 
 .text._svfprintf_r
                0x0000000008005864      0x200 /home/vienchau/Downloads/en.st-stm32cubeide_1.9.0_12015_20220302_0855_amd64.sh_v1.9.0/makeself_dir_31IH9z/y/plugins/com.st.stm32cube.ide.mcu.externaltools.gnu-tools-for-stm32.10.3-2021.10.linux64_1.0.0.202111181127/tools/bin/../lib/gcc/arm-none-eabi/10.3.1/../../../../arm-none-eabi/lib/thumb/v7-m/nofp/libc_nano.a(lib_a-nano-svfprintf.o)
                0x0000000008005864                _svfprintf_r
                0x0000000008005864                _svfiprintf_r
 .text._printf_common
                0x0000000008005a64       0xde /home/vienchau/Downloads/en.st-stm32cubeide_1.9.0_12015_20220302_0855_amd64.sh_v1.9.0/makeself_dir_31IH9z/y/plugins/com.st.stm32cube.ide.mcu.externaltools.gnu-tools-for-stm32.10.3-2021.10.linux64_1.0.0.202111181127/tools/bin/../lib/gcc/arm-none-eabi/10.3.1/../../../../arm-none-eabi/lib/thumb/v7-m/nofp/libc_nano.a(lib_a-nano-vfprintf_i.o)
                0x0000000008005a64                _printf_common
 *fill*         0x0000000008005b42        0x2 
 .text._printf_i
                0x0000000008005b44      0x24c /home/vienchau/Downloads/en.st-stm32cubeide_1.9.0_12015_20220302_0855_amd64.sh_v1.9.0/makeself_dir_31IH9z/y/plugins/com.st.stm32cube.ide.mcu.externaltools.gnu-tools-for-stm32.10.3-2021.10.linux64_1.0.0.202111181127/tools/bin/../lib/gcc/arm-none-eabi/10.3.1/../../../../arm-none-eabi/lib/thumb/v7-m/nofp/libc_nano.a(lib_a-nano-vfprintf_i.o)
                0x0000000008005b44                _printf_i
 .text.__retarget_lock_acquire_recursive
                0x0000000008005d90        0x2 /home/vienchau/Downloads/en.st-stm32cubeide_1.9.0_12015_20220302_0855_amd64.sh_v1.9.0/makeself_dir_31IH9z/y/plugins/com.st.stm32cube.ide.mcu.externaltools.gnu-tools-for-stm32.10.3-2021.10.linux64_1.0.0.202111181127/tools/bin/../lib/gcc/arm-none-eabi/10.3.1/../../../../arm-none-eabi/lib/thumb/v7-m/nofp/libc_nano.a(lib_a-lock.o)
                0x0000000008005d90                __retarget_lock_acquire_recursive
 .text.__retarget_lock_release_recursive
                0x0000000008005d92        0x2 /home/vienchau/Downloads/en.st-stm32cubeide_1.9.0_12015_20220302_0855_amd64.sh_v1.9.0/makeself_dir_31IH9z/y/plugins/com.st.stm32cube.ide.mcu.externaltools.gnu-tools-for-stm32.10.3-2021.10.linux64_1.0.0.202111181127/tools/bin/../lib/gcc/arm-none-eabi/10.3.1/../../../../arm-none-eabi/lib/thumb/v7-m/nofp/libc_nano.a(lib_a-lock.o)
                0x0000000008005d92                __retarget_lock_release_recursive
 .text.memchr   0x0000000008005d94       0x1c /home/vienchau/Downloads/en.st-stm32cubeide_1.9.0_12015_20220302_0855_amd64.sh_v1.9.0/makeself_dir_31IH9z/y/plugins/com.st.stm32cube.ide.mcu.externaltools.gnu-tools-for-stm32.10.3-2021.10.linux64_1.0.0.202111181127/tools/bin/../lib/gcc/arm-none-eabi/10.3.1/../../../../arm-none-eabi/lib/thumb/v7-m/nofp/libc_nano.a(lib_a-memchr-stub.o)
                0x0000000008005d94                memchr
 .text.memmove  0x0000000008005db0       0x34 /home/vienchau/Downloads/en.st-stm32cubeide_1.9.0_12015_20220302_0855_amd64.sh_v1.9.0/makeself_dir_31IH9z/y/plugins/com.st.stm32cube.ide.mcu.externaltools.gnu-tools-for-stm32.10.3-2021.10.linux64_1.0.0.202111181127/tools/bin/../lib/gcc/arm-none-eabi/10.3.1/../../../../arm-none-eabi/lib/thumb/v7-m/nofp/libc_nano.a(lib_a-memmove.o)
                0x0000000008005db0                memmove
 .text._realloc_r
                0x0000000008005de4       0x5e /home/vienchau/Downloads/en.st-stm32cubeide_1.9.0_12015_20220302_0855_amd64.sh_v1.9.0/makeself_dir_31IH9z/y/plugins/com.st.stm32cube.ide.mcu.externaltools.gnu-tools-for-stm32.10.3-2021.10.linux64_1.0.0.202111181127/tools/bin/../lib/gcc/arm-none-eabi/10.3.1/../../../../arm-none-eabi/lib/thumb/v7-m/nofp/libc_nano.a(lib_a-nano-reallocr.o)
                0x0000000008005de4                _realloc_r
 .text._malloc_usable_size_r
                0x0000000008005e42       0x10 /home/vienchau/Downloads/en.st-stm32cubeide_1.9.0_12015_20220302_0855_amd64.sh_v1.9.0/makeself_dir_31IH9z/y/plugins/com.st.stm32cube.ide.mcu.externaltools.gnu-tools-for-stm32.10.3-2021.10.linux64_1.0.0.202111181127/tools/bin/../lib/gcc/arm-none-eabi/10.3.1/../../../../arm-none-eabi/lib/thumb/v7-m/nofp/libc_nano.a(lib_a-nano-msizer.o)
                0x0000000008005e42                _malloc_usable_size_r
 *fill*         0x0000000008005e52        0x2 
 .text.pow      0x0000000008005e54       0xd0 /home/vienchau/Downloads/en.st-stm32cubeide_1.9.0_12015_20220302_0855_amd64.sh_v1.9.0/makeself_dir_31IH9z/y/plugins/com.st.stm32cube.ide.mcu.externaltools.gnu-tools-for-stm32.10.3-2021.10.linux64_1.0.0.202111181127/tools/bin/../lib/gcc/arm-none-eabi/10.3.1/../../../../arm-none-eabi/lib/thumb/v7-m/nofp/libm.a(lib_a-w_pow.o)
                0x0000000008005e54                pow
 *fill*         0x0000000008005f24        0x4 
 .text.__ieee754_pow
                0x0000000008005f28      0xa2c /home/vienchau/Downloads/en.st-stm32cubeide_1.9.0_12015_20220302_0855_amd64.sh_v1.9.0/makeself_dir_31IH9z/y/plugins/com.st.stm32cube.ide.mcu.externaltools.gnu-tools-for-stm32.10.3-2021.10.linux64_1.0.0.202111181127/tools/bin/../lib/gcc/arm-none-eabi/10.3.1/../../../../arm-none-eabi/lib/thumb/v7-m/nofp/libm.a(lib_a-e_pow.o)
                0x0000000008005f28                __ieee754_pow
 .text.__ieee754_sqrt
                0x0000000008006954      0x160 /home/vienchau/Downloads/en.st-stm32cubeide_1.9.0_12015_20220302_0855_amd64.sh_v1.9.0/makeself_dir_31IH9z/y/plugins/com.st.stm32cube.ide.mcu.externaltools.gnu-tools-for-stm32.10.3-2021.10.linux64_1.0.0.202111181127/tools/bin/../lib/gcc/arm-none-eabi/10.3.1/../../../../arm-none-eabi/lib/thumb/v7-m/nofp/libm.a(lib_a-e_sqrt.o)
                0x0000000008006954                __ieee754_sqrt
 .text.with_errno
                0x0000000008006ab4       0x14 /home/vienchau/Downloads/en.st-stm32cubeide_1.9.0_12015_20220302_0855_amd64.sh_v1.9.0/makeself_dir_31IH9z/y/plugins/com.st.stm32cube.ide.mcu.externaltools.gnu-tools-for-stm32.10.3-2021.10.linux64_1.0.0.202111181127/tools/bin/../lib/gcc/arm-none-eabi/10.3.1/../../../../arm-none-eabi/lib/thumb/v7-m/nofp/libm.a(lib_a-math_err.o)
 .text.xflow    0x0000000008006ac8       0x30 /home/vienchau/Downloads/en.st-stm32cubeide_1.9.0_12015_20220302_0855_amd64.sh_v1.9.0/makeself_dir_31IH9z/y/plugins/com.st.stm32cube.ide.mcu.externaltools.gnu-tools-for-stm32.10.3-2021.10.linux64_1.0.0.202111181127/tools/bin/../lib/gcc/arm-none-eabi/10.3.1/../../../../arm-none-eabi/lib/thumb/v7-m/nofp/libm.a(lib_a-math_err.o)
 .text.__math_uflow
                0x0000000008006af8        0xa /home/vienchau/Downloads/en.st-stm32cubeide_1.9.0_12015_20220302_0855_amd64.sh_v1.9.0/makeself_dir_31IH9z/y/plugins/com.st.stm32cube.ide.mcu.externaltools.gnu-tools-for-stm32.10.3-2021.10.linux64_1.0.0.202111181127/tools/bin/../lib/gcc/arm-none-eabi/10.3.1/../../../../arm-none-eabi/lib/thumb/v7-m/nofp/libm.a(lib_a-math_err.o)
                0x0000000008006af8                __math_uflow
 .text.__math_oflow
                0x0000000008006b02        0xa /home/vienchau/Downloads/en.st-stm32cubeide_1.9.0_12015_20220302_0855_amd64.sh_v1.9.0/makeself_dir_31IH9z/y/plugins/com.st.stm32cube.ide.mcu.externaltools.gnu-tools-for-stm32.10.3-2021.10.linux64_1.0.0.202111181127/tools/bin/../lib/gcc/arm-none-eabi/10.3.1/../../../../arm-none-eabi/lib/thumb/v7-m/nofp/libm.a(lib_a-math_err.o)
                0x0000000008006b02                __math_oflow
 .text.fabs     0x0000000008006b0c        0x6 /home/vienchau/Downloads/en.st-stm32cubeide_1.9.0_12015_20220302_0855_amd64.sh_v1.9.0/makeself_dir_31IH9z/y/plugins/com.st.stm32cube.ide.mcu.externaltools.gnu-tools-for-stm32.10.3-2021.10.linux64_1.0.0.202111181127/tools/bin/../lib/gcc/arm-none-eabi/10.3.1/../../../../arm-none-eabi/lib/thumb/v7-m/nofp/libm.a(lib_a-s_fabs.o)
                0x0000000008006b0c                fabs
 .text.finite   0x0000000008006b12        0xc /home/vienchau/Downloads/en.st-stm32cubeide_1.9.0_12015_20220302_0855_amd64.sh_v1.9.0/makeself_dir_31IH9z/y/plugins/com.st.stm32cube.ide.mcu.externaltools.gnu-tools-for-stm32.10.3-2021.10.linux64_1.0.0.202111181127/tools/bin/../lib/gcc/arm-none-eabi/10.3.1/../../../../arm-none-eabi/lib/thumb/v7-m/nofp/libm.a(lib_a-s_finite.o)
                0x0000000008006b12                finite
 *fill*         0x0000000008006b1e        0x2 
 .text.scalbn   0x0000000008006b20       0xfc /home/vienchau/Downloads/en.st-stm32cubeide_1.9.0_12015_20220302_0855_amd64.sh_v1.9.0/makeself_dir_31IH9z/y/plugins/com.st.stm32cube.ide.mcu.externaltools.gnu-tools-for-stm32.10.3-2021.10.linux64_1.0.0.202111181127/tools/bin/../lib/gcc/arm-none-eabi/10.3.1/../../../../arm-none-eabi/lib/thumb/v7-m/nofp/libm.a(lib_a-s_scalbn.o)
                0x0000000008006b20                scalbn
 *(.glue_7)
 .glue_7        0x0000000008006c1c        0x0 linker stubs
 *(.glue_7t)
 .glue_7t       0x0000000008006c1c        0x0 linker stubs
 *(.eh_frame)
 .eh_frame      0x0000000008006c1c        0x0 /home/vienchau/Downloads/en.st-stm32cubeide_1.9.0_12015_20220302_0855_amd64.sh_v1.9.0/makeself_dir_31IH9z/y/plugins/com.st.stm32cube.ide.mcu.externaltools.gnu-tools-for-stm32.10.3-2021.10.linux64_1.0.0.202111181127/tools/bin/../lib/gcc/arm-none-eabi/10.3.1/thumb/v7-m/nofp/crtbegin.o
 *(.init)
 .init          0x0000000008006c1c        0x4 /home/vienchau/Downloads/en.st-stm32cubeide_1.9.0_12015_20220302_0855_amd64.sh_v1.9.0/makeself_dir_31IH9z/y/plugins/com.st.stm32cube.ide.mcu.externaltools.gnu-tools-for-stm32.10.3-2021.10.linux64_1.0.0.202111181127/tools/bin/../lib/gcc/arm-none-eabi/10.3.1/thumb/v7-m/nofp/crti.o
                0x0000000008006c1c                _init
 .init          0x0000000008006c20        0x8 /home/vienchau/Downloads/en.st-stm32cubeide_1.9.0_12015_20220302_0855_amd64.sh_v1.9.0/makeself_dir_31IH9z/y/plugins/com.st.stm32cube.ide.mcu.externaltools.gnu-tools-for-stm32.10.3-2021.10.linux64_1.0.0.202111181127/tools/bin/../lib/gcc/arm-none-eabi/10.3.1/thumb/v7-m/nofp/crtn.o
 *(.fini)
 .fini          0x0000000008006c28        0x4 /home/vienchau/Downloads/en.st-stm32cubeide_1.9.0_12015_20220302_0855_amd64.sh_v1.9.0/makeself_dir_31IH9z/y/plugins/com.st.stm32cube.ide.mcu.externaltools.gnu-tools-for-stm32.10.3-2021.10.linux64_1.0.0.202111181127/tools/bin/../lib/gcc/arm-none-eabi/10.3.1/thumb/v7-m/nofp/crti.o
                0x0000000008006c28                _fini
 .fini          0x0000000008006c2c        0x8 /home/vienchau/Downloads/en.st-stm32cubeide_1.9.0_12015_20220302_0855_amd64.sh_v1.9.0/makeself_dir_31IH9z/y/plugins/com.st.stm32cube.ide.mcu.externaltools.gnu-tools-for-stm32.10.3-2021.10.linux64_1.0.0.202111181127/tools/bin/../lib/gcc/arm-none-eabi/10.3.1/thumb/v7-m/nofp/crtn.o
                0x0000000008006c34                . = ALIGN (0x4)
                0x0000000008006c34                _etext = .

.vfp11_veneer   0x0000000008006c34        0x0
 .vfp11_veneer  0x0000000008006c34        0x0 linker stubs

.v4_bx          0x0000000008006c34        0x0
 .v4_bx         0x0000000008006c34        0x0 linker stubs

.iplt           0x0000000008006c34        0x0
 .iplt          0x0000000008006c34        0x0 /home/vienchau/Downloads/en.st-stm32cubeide_1.9.0_12015_20220302_0855_amd64.sh_v1.9.0/makeself_dir_31IH9z/y/plugins/com.st.stm32cube.ide.mcu.externaltools.gnu-tools-for-stm32.10.3-2021.10.linux64_1.0.0.202111181127/tools/bin/../lib/gcc/arm-none-eabi/10.3.1/thumb/v7-m/nofp/crtbegin.o

.rodata         0x0000000008006c38       0xc0
                0x0000000008006c38                . = ALIGN (0x4)
 *(.rodata)
 .rodata        0x0000000008006c38       0x33 ./Core/Src/main.o
 *fill*         0x0000000008006c6b        0x1 
 .rodata        0x0000000008006c6c       0x10 ./Drivers/STM32F1xx_HAL_Driver/Src/stm32f1xx_hal_rcc.o
 *(.rodata*)
 .rodata.AHBPrescTable
                0x0000000008006c7c       0x10 ./Core/Src/system_stm32f1xx.o
                0x0000000008006c7c                AHBPrescTable
 .rodata.APBPrescTable
                0x0000000008006c8c        0x8 ./Core/Src/system_stm32f1xx.o
                0x0000000008006c8c                APBPrescTable
 .rodata._svfprintf_r.str1.1
                0x0000000008006c94       0x11 /home/vienchau/Downloads/en.st-stm32cubeide_1.9.0_12015_20220302_0855_amd64.sh_v1.9.0/makeself_dir_31IH9z/y/plugins/com.st.stm32cube.ide.mcu.externaltools.gnu-tools-for-stm32.10.3-2021.10.linux64_1.0.0.202111181127/tools/bin/../lib/gcc/arm-none-eabi/10.3.1/../../../../arm-none-eabi/lib/thumb/v7-m/nofp/libc_nano.a(lib_a-nano-svfprintf.o)
 .rodata._printf_i.str1.1
                0x0000000008006ca5       0x22 /home/vienchau/Downloads/en.st-stm32cubeide_1.9.0_12015_20220302_0855_amd64.sh_v1.9.0/makeself_dir_31IH9z/y/plugins/com.st.stm32cube.ide.mcu.externaltools.gnu-tools-for-stm32.10.3-2021.10.linux64_1.0.0.202111181127/tools/bin/../lib/gcc/arm-none-eabi/10.3.1/../../../../arm-none-eabi/lib/thumb/v7-m/nofp/libc_nano.a(lib_a-nano-vfprintf_i.o)
 *fill*         0x0000000008006cc7        0x1 
 .rodata.bp     0x0000000008006cc8       0x10 /home/vienchau/Downloads/en.st-stm32cubeide_1.9.0_12015_20220302_0855_amd64.sh_v1.9.0/makeself_dir_31IH9z/y/plugins/com.st.stm32cube.ide.mcu.externaltools.gnu-tools-for-stm32.10.3-2021.10.linux64_1.0.0.202111181127/tools/bin/../lib/gcc/arm-none-eabi/10.3.1/../../../../arm-none-eabi/lib/thumb/v7-m/nofp/libm.a(lib_a-e_pow.o)
 .rodata.dp_h   0x0000000008006cd8       0x10 /home/vienchau/Downloads/en.st-stm32cubeide_1.9.0_12015_20220302_0855_amd64.sh_v1.9.0/makeself_dir_31IH9z/y/plugins/com.st.stm32cube.ide.mcu.externaltools.gnu-tools-for-stm32.10.3-2021.10.linux64_1.0.0.202111181127/tools/bin/../lib/gcc/arm-none-eabi/10.3.1/../../../../arm-none-eabi/lib/thumb/v7-m/nofp/libm.a(lib_a-e_pow.o)
 .rodata.dp_l   0x0000000008006ce8       0x10 /home/vienchau/Downloads/en.st-stm32cubeide_1.9.0_12015_20220302_0855_amd64.sh_v1.9.0/makeself_dir_31IH9z/y/plugins/com.st.stm32cube.ide.mcu.externaltools.gnu-tools-for-stm32.10.3-2021.10.linux64_1.0.0.202111181127/tools/bin/../lib/gcc/arm-none-eabi/10.3.1/../../../../arm-none-eabi/lib/thumb/v7-m/nofp/libm.a(lib_a-e_pow.o)
                0x0000000008006cf8                . = ALIGN (0x4)

.rel.dyn        0x0000000008006cf8        0x0
 .rel.iplt      0x0000000008006cf8        0x0 /home/vienchau/Downloads/en.st-stm32cubeide_1.9.0_12015_20220302_0855_amd64.sh_v1.9.0/makeself_dir_31IH9z/y/plugins/com.st.stm32cube.ide.mcu.externaltools.gnu-tools-for-stm32.10.3-2021.10.linux64_1.0.0.202111181127/tools/bin/../lib/gcc/arm-none-eabi/10.3.1/thumb/v7-m/nofp/crtbegin.o

.ARM.extab      0x0000000008006cf8        0x0
                0x0000000008006cf8                . = ALIGN (0x4)
 *(.ARM.extab* .gnu.linkonce.armextab.*)
                0x0000000008006cf8                . = ALIGN (0x4)

.ARM            0x0000000008006cf8        0x0
                0x0000000008006cf8                . = ALIGN (0x4)
                0x0000000008006cf8                __exidx_start = .
 *(.ARM.exidx*)
                0x0000000008006cf8                __exidx_end = .
                0x0000000008006cf8                . = ALIGN (0x4)

.preinit_array  0x0000000008006cf8        0x0
                0x0000000008006cf8                . = ALIGN (0x4)
                0x0000000008006cf8                PROVIDE (__preinit_array_start = .)
 *(.preinit_array*)
                0x0000000008006cf8                PROVIDE (__preinit_array_end = .)
                0x0000000008006cf8                . = ALIGN (0x4)

.init_array     0x0000000008006cf8        0x4
                0x0000000008006cf8                . = ALIGN (0x4)
                0x0000000008006cf8                PROVIDE (__init_array_start = .)
 *(SORT_BY_NAME(.init_array.*))
 *(.init_array*)
 .init_array    0x0000000008006cf8        0x4 /home/vienchau/Downloads/en.st-stm32cubeide_1.9.0_12015_20220302_0855_amd64.sh_v1.9.0/makeself_dir_31IH9z/y/plugins/com.st.stm32cube.ide.mcu.externaltools.gnu-tools-for-stm32.10.3-2021.10.linux64_1.0.0.202111181127/tools/bin/../lib/gcc/arm-none-eabi/10.3.1/thumb/v7-m/nofp/crtbegin.o
                0x0000000008006cfc                PROVIDE (__init_array_end = .)
                0x0000000008006cfc                . = ALIGN (0x4)

.fini_array     0x0000000008006cfc        0x4
                0x0000000008006cfc                . = ALIGN (0x4)
                [!provide]                        PROVIDE (__fini_array_start = .)
 *(SORT_BY_NAME(.fini_array.*))
 *(.fini_array*)
 .fini_array    0x0000000008006cfc        0x4 /home/vienchau/Downloads/en.st-stm32cubeide_1.9.0_12015_20220302_0855_amd64.sh_v1.9.0/makeself_dir_31IH9z/y/plugins/com.st.stm32cube.ide.mcu.externaltools.gnu-tools-for-stm32.10.3-2021.10.linux64_1.0.0.202111181127/tools/bin/../lib/gcc/arm-none-eabi/10.3.1/thumb/v7-m/nofp/crtbegin.o
                [!provide]                        PROVIDE (__fini_array_end = .)
                0x0000000008006d00                . = ALIGN (0x4)
                0x0000000008006d00                _sidata = LOADADDR (.data)

.data           0x0000000020000000       0x7c load address 0x0000000008006d00
                0x0000000020000000                . = ALIGN (0x4)
                0x0000000020000000                _sdata = .
 *(.data)
 *(.data*)
 .data.STX      0x0000000020000000        0x1 ./Core/Src/serial.o
                0x0000000020000000                STX
 *fill*         0x0000000020000001        0x3 
 .data.ETX      0x0000000020000004        0x1 ./Core/Src/serial.o
                0x0000000020000004                ETX
 *fill*         0x0000000020000005        0x3 
 .data.ACK      0x0000000020000008        0x1 ./Core/Src/serial.o
                0x0000000020000008                ACK
 *fill*         0x0000000020000009        0x3 
 .data.SystemCoreClock
                0x000000002000000c        0x4 ./Core/Src/system_stm32f1xx.o
                0x000000002000000c                SystemCoreClock
 .data.uwTickPrio
                0x0000000020000010        0x4 ./Drivers/STM32F1xx_HAL_Driver/Src/stm32f1xx_hal.o
                0x0000000020000010                uwTickPrio
 .data.uwTickFreq
                0x0000000020000014        0x1 ./Drivers/STM32F1xx_HAL_Driver/Src/stm32f1xx_hal.o
                0x0000000020000014                uwTickFreq
 *fill*         0x0000000020000015        0x3 
 .data._impure_ptr
                0x0000000020000018        0x4 /home/vienchau/Downloads/en.st-stm32cubeide_1.9.0_12015_20220302_0855_amd64.sh_v1.9.0/makeself_dir_31IH9z/y/plugins/com.st.stm32cube.ide.mcu.externaltools.gnu-tools-for-stm32.10.3-2021.10.linux64_1.0.0.202111181127/tools/bin/../lib/gcc/arm-none-eabi/10.3.1/../../../../arm-none-eabi/lib/thumb/v7-m/nofp/libc_nano.a(lib_a-impure.o)
                0x0000000020000018                _impure_ptr
 .data.impure_data
                0x000000002000001c       0x60 /home/vienchau/Downloads/en.st-stm32cubeide_1.9.0_12015_20220302_0855_amd64.sh_v1.9.0/makeself_dir_31IH9z/y/plugins/com.st.stm32cube.ide.mcu.externaltools.gnu-tools-for-stm32.10.3-2021.10.linux64_1.0.0.202111181127/tools/bin/../lib/gcc/arm-none-eabi/10.3.1/../../../../arm-none-eabi/lib/thumb/v7-m/nofp/libc_nano.a(lib_a-impure.o)
 *(.RamFunc)
 *(.RamFunc*)
                0x000000002000007c                . = ALIGN (0x4)
                0x000000002000007c                _edata = .

.igot.plt       0x000000002000007c        0x0 load address 0x0000000008006d7c
 .igot.plt      0x000000002000007c        0x0 /home/vienchau/Downloads/en.st-stm32cubeide_1.9.0_12015_20220302_0855_amd64.sh_v1.9.0/makeself_dir_31IH9z/y/plugins/com.st.stm32cube.ide.mcu.externaltools.gnu-tools-for-stm32.10.3-2021.10.linux64_1.0.0.202111181127/tools/bin/../lib/gcc/arm-none-eabi/10.3.1/thumb/v7-m/nofp/crtbegin.o
                0x000000002000007c                . = ALIGN (0x4)

.bss            0x000000002000007c      0xb4c load address 0x0000000008006d7c
                0x000000002000007c                _sbss = .
                0x000000002000007c                __bss_start__ = _sbss
 *(.bss)
 .bss           0x000000002000007c       0x1c /home/vienchau/Downloads/en.st-stm32cubeide_1.9.0_12015_20220302_0855_amd64.sh_v1.9.0/makeself_dir_31IH9z/y/plugins/com.st.stm32cube.ide.mcu.externaltools.gnu-tools-for-stm32.10.3-2021.10.linux64_1.0.0.202111181127/tools/bin/../lib/gcc/arm-none-eabi/10.3.1/thumb/v7-m/nofp/crtbegin.o
 *(.bss*)
 .bss.g_strTxCommand
                0x0000000020000098        0x4 ./Core/Src/main.o
                0x0000000020000098                g_strTxCommand
 .bss.g_nTxOption
                0x000000002000009c        0x3 ./Core/Src/main.o
                0x000000002000009c                g_nTxOption
 *fill*         0x000000002000009f        0x1 
 .bss.g_nTxData
                0x00000000200000a0        0x8 ./Core/Src/main.o
                0x00000000200000a0                g_nTxData
 .bss.tProcess  0x00000000200000a8        0x1 ./Core/Src/motor.o
                0x00000000200000a8                tProcess
 *fill*         0x00000000200000a9        0x3 
 .bss.tPIDControl
                0x00000000200000ac      0x974 ./Core/Src/motor.o
                0x00000000200000ac                tPIDControl
 .bss.tProfile  0x0000000020000a20       0x34 ./Core/Src/motor.o
                0x0000000020000a20                tProfile
 .bss.g_nDutyCycle
                0x0000000020000a54        0x4 ./Core/Src/motor.o
                0x0000000020000a54                g_nDutyCycle
 .bss.g_dCmdVel
                0x0000000020000a58        0x4 ./Core/Src/motor.o
                0x0000000020000a58                g_dCmdVel
 .bss.g_nActPulse
                0x0000000020000a5c        0x4 ./Core/Src/motor.o
                0x0000000020000a5c                g_nActPulse
 .bss.g_nCmdPulse
                0x0000000020000a60        0x4 ./Core/Src/motor.o
                0x0000000020000a60                g_nCmdPulse
 .bss.g_nIndex  0x0000000020000a64        0x2 ./Core/Src/motor.o
                0x0000000020000a64                g_nIndex
 *fill*         0x0000000020000a66        0x2 
 .bss.g_dPIDError
                0x0000000020000a68        0x4 ./Core/Src/pid.o
                0x0000000020000a68                g_dPIDError
 .bss.g_nRxBuff
                0x0000000020000a6c       0x12 ./Core/Src/serial.o
                0x0000000020000a6c                g_nRxBuff
 *fill*         0x0000000020000a7e        0x2 
 .bss.g_strCommand
                0x0000000020000a80        0x4 ./Core/Src/serial.o
                0x0000000020000a80                g_strCommand
 .bss.g_nOption
                0x0000000020000a84        0x3 ./Core/Src/serial.o
                0x0000000020000a84                g_nOption
 *fill*         0x0000000020000a87        0x1 
 .bss.g_nData   0x0000000020000a88        0x8 ./Core/Src/serial.o
                0x0000000020000a88                g_nData
 .bss.g_bDataAvailable
                0x0000000020000a90        0x1 ./Core/Src/serial.o
                0x0000000020000a90                g_bDataAvailable
 *fill*         0x0000000020000a91        0x3 
 .bss.__sbrk_heap_end
                0x0000000020000a94        0x4 ./Core/Src/sysmem.o
 .bss.htim2     0x0000000020000a98       0x48 ./Core/Src/tim.o
                0x0000000020000a98                htim2
 .bss.htim3     0x0000000020000ae0       0x48 ./Core/Src/tim.o
                0x0000000020000ae0                htim3
 .bss.htim4     0x0000000020000b28       0x48 ./Core/Src/tim.o
                0x0000000020000b28                htim4
 .bss.huart1    0x0000000020000b70       0x44 ./Core/Src/usart.o
                0x0000000020000b70                huart1
 .bss.uwTick    0x0000000020000bb4        0x4 ./Drivers/STM32F1xx_HAL_Driver/Src/stm32f1xx_hal.o
                0x0000000020000bb4                uwTick
 .bss.__malloc_free_list
                0x0000000020000bb8        0x4 /home/vienchau/Downloads/en.st-stm32cubeide_1.9.0_12015_20220302_0855_amd64.sh_v1.9.0/makeself_dir_31IH9z/y/plugins/com.st.stm32cube.ide.mcu.externaltools.gnu-tools-for-stm32.10.3-2021.10.linux64_1.0.0.202111181127/tools/bin/../lib/gcc/arm-none-eabi/10.3.1/../../../../arm-none-eabi/lib/thumb/v7-m/nofp/libc_nano.a(lib_a-nano-mallocr.o)
                0x0000000020000bb8                __malloc_free_list
 .bss.__malloc_sbrk_start
                0x0000000020000bbc        0x4 /home/vienchau/Downloads/en.st-stm32cubeide_1.9.0_12015_20220302_0855_amd64.sh_v1.9.0/makeself_dir_31IH9z/y/plugins/com.st.stm32cube.ide.mcu.externaltools.gnu-tools-for-stm32.10.3-2021.10.linux64_1.0.0.202111181127/tools/bin/../lib/gcc/arm-none-eabi/10.3.1/../../../../arm-none-eabi/lib/thumb/v7-m/nofp/libc_nano.a(lib_a-nano-mallocr.o)
                0x0000000020000bbc                __malloc_sbrk_start
 .bss.errno     0x0000000020000bc0        0x4 /home/vienchau/Downloads/en.st-stm32cubeide_1.9.0_12015_20220302_0855_amd64.sh_v1.9.0/makeself_dir_31IH9z/y/plugins/com.st.stm32cube.ide.mcu.externaltools.gnu-tools-for-stm32.10.3-2021.10.linux64_1.0.0.202111181127/tools/bin/../lib/gcc/arm-none-eabi/10.3.1/../../../../arm-none-eabi/lib/thumb/v7-m/nofp/libc_nano.a(lib_a-reent.o)
                0x0000000020000bc0                errno
 .bss.__lock___malloc_recursive_mutex
                0x0000000020000bc4        0x1 /home/vienchau/Downloads/en.st-stm32cubeide_1.9.0_12015_20220302_0855_amd64.sh_v1.9.0/makeself_dir_31IH9z/y/plugins/com.st.stm32cube.ide.mcu.externaltools.gnu-tools-for-stm32.10.3-2021.10.linux64_1.0.0.202111181127/tools/bin/../lib/gcc/arm-none-eabi/10.3.1/../../../../arm-none-eabi/lib/thumb/v7-m/nofp/libc_nano.a(lib_a-lock.o)
                0x0000000020000bc4                __lock___malloc_recursive_mutex
 *(COMMON)
                0x0000000020000bc8                . = ALIGN (0x4)
 *fill*         0x0000000020000bc5        0x3 
                0x0000000020000bc8                _ebss = .
                0x0000000020000bc8                __bss_end__ = _ebss

._user_heap_stack
                0x0000000020000bc8      0x600 load address 0x0000000008006d7c
                0x0000000020000bc8                . = ALIGN (0x8)
                [!provide]                        PROVIDE (end = .)
                0x0000000020000bc8                PROVIDE (_end = .)
                0x0000000020000dc8                . = (. + _Min_Heap_Size)
 *fill*         0x0000000020000bc8      0x200 
                0x00000000200011c8                . = (. + _Min_Stack_Size)
 *fill*         0x0000000020000dc8      0x400 
                0x00000000200011c8                . = ALIGN (0x8)

/DISCARD/
 libc.a(*)
 libm.a(*)
 libgcc.a(*)

.ARM.attributes
                0x0000000000000000       0x29
 *(.ARM.attributes)
 .ARM.attributes
                0x0000000000000000       0x1d /home/vienchau/Downloads/en.st-stm32cubeide_1.9.0_12015_20220302_0855_amd64.sh_v1.9.0/makeself_dir_31IH9z/y/plugins/com.st.stm32cube.ide.mcu.externaltools.gnu-tools-for-stm32.10.3-2021.10.linux64_1.0.0.202111181127/tools/bin/../lib/gcc/arm-none-eabi/10.3.1/thumb/v7-m/nofp/crti.o
 .ARM.attributes
                0x000000000000001d       0x2d /home/vienchau/Downloads/en.st-stm32cubeide_1.9.0_12015_20220302_0855_amd64.sh_v1.9.0/makeself_dir_31IH9z/y/plugins/com.st.stm32cube.ide.mcu.externaltools.gnu-tools-for-stm32.10.3-2021.10.linux64_1.0.0.202111181127/tools/bin/../lib/gcc/arm-none-eabi/10.3.1/thumb/v7-m/nofp/crtbegin.o
 .ARM.attributes
                0x000000000000004a       0x2d ./Core/Src/gpio.o
 .ARM.attributes
                0x0000000000000077       0x2d ./Core/Src/main.o
 .ARM.attributes
                0x00000000000000a4       0x2d ./Core/Src/motor.o
 .ARM.attributes
                0x00000000000000d1       0x2d ./Core/Src/pid.o
 .ARM.attributes
                0x00000000000000fe       0x2d ./Core/Src/serial.o
 .ARM.attributes
                0x000000000000012b       0x2d ./Core/Src/stm32f1xx_hal_msp.o
 .ARM.attributes
                0x0000000000000158       0x2d ./Core/Src/stm32f1xx_it.o
 .ARM.attributes
                0x0000000000000185       0x2d ./Core/Src/sysmem.o
 .ARM.attributes
                0x00000000000001b2       0x2d ./Core/Src/system_stm32f1xx.o
 .ARM.attributes
                0x00000000000001df       0x2d ./Core/Src/tim.o
 .ARM.attributes
                0x000000000000020c       0x2d ./Core/Src/usart.o
 .ARM.attributes
                0x0000000000000239       0x21 ./Core/Startup/startup_stm32f103c8tx.o
 .ARM.attributes
                0x000000000000025a       0x2d ./Drivers/STM32F1xx_HAL_Driver/Src/stm32f1xx_hal.o
 .ARM.attributes
                0x0000000000000287       0x2d ./Drivers/STM32F1xx_HAL_Driver/Src/stm32f1xx_hal_cortex.o
 .ARM.attributes
                0x00000000000002b4       0x2d ./Drivers/STM32F1xx_HAL_Driver/Src/stm32f1xx_hal_dma.o
 .ARM.attributes
                0x00000000000002e1       0x2d ./Drivers/STM32F1xx_HAL_Driver/Src/stm32f1xx_hal_gpio.o
 .ARM.attributes
                0x000000000000030e       0x2d ./Drivers/STM32F1xx_HAL_Driver/Src/stm32f1xx_hal_rcc.o
 .ARM.attributes
                0x000000000000033b       0x2d ./Drivers/STM32F1xx_HAL_Driver/Src/stm32f1xx_hal_tim.o
 .ARM.attributes
                0x0000000000000368       0x2d ./Drivers/STM32F1xx_HAL_Driver/Src/stm32f1xx_hal_tim_ex.o
 .ARM.attributes
                0x0000000000000395       0x2d ./Drivers/STM32F1xx_HAL_Driver/Src/stm32f1xx_hal_uart.o
 .ARM.attributes
                0x00000000000003c2       0x2d /home/vienchau/Downloads/en.st-stm32cubeide_1.9.0_12015_20220302_0855_amd64.sh_v1.9.0/makeself_dir_31IH9z/y/plugins/com.st.stm32cube.ide.mcu.externaltools.gnu-tools-for-stm32.10.3-2021.10.linux64_1.0.0.202111181127/tools/bin/../lib/gcc/arm-none-eabi/10.3.1/../../../../arm-none-eabi/lib/thumb/v7-m/nofp/libc_nano.a(lib_a-errno.o)
 .ARM.attributes
                0x00000000000003ef       0x2d /home/vienchau/Downloads/en.st-stm32cubeide_1.9.0_12015_20220302_0855_amd64.sh_v1.9.0/makeself_dir_31IH9z/y/plugins/com.st.stm32cube.ide.mcu.externaltools.gnu-tools-for-stm32.10.3-2021.10.linux64_1.0.0.202111181127/tools/bin/../lib/gcc/arm-none-eabi/10.3.1/../../../../arm-none-eabi/lib/thumb/v7-m/nofp/libc_nano.a(lib_a-impure.o)
 .ARM.attributes
                0x000000000000041c       0x2d /home/vienchau/Downloads/en.st-stm32cubeide_1.9.0_12015_20220302_0855_amd64.sh_v1.9.0/makeself_dir_31IH9z/y/plugins/com.st.stm32cube.ide.mcu.externaltools.gnu-tools-for-stm32.10.3-2021.10.linux64_1.0.0.202111181127/tools/bin/../lib/gcc/arm-none-eabi/10.3.1/../../../../arm-none-eabi/lib/thumb/v7-m/nofp/libc_nano.a(lib_a-init.o)
 .ARM.attributes
                0x0000000000000449       0x2d /home/vienchau/Downloads/en.st-stm32cubeide_1.9.0_12015_20220302_0855_amd64.sh_v1.9.0/makeself_dir_31IH9z/y/plugins/com.st.stm32cube.ide.mcu.externaltools.gnu-tools-for-stm32.10.3-2021.10.linux64_1.0.0.202111181127/tools/bin/../lib/gcc/arm-none-eabi/10.3.1/../../../../arm-none-eabi/lib/thumb/v7-m/nofp/libc_nano.a(lib_a-malloc.o)
 .ARM.attributes
                0x0000000000000476       0x2d /home/vienchau/Downloads/en.st-stm32cubeide_1.9.0_12015_20220302_0855_amd64.sh_v1.9.0/makeself_dir_31IH9z/y/plugins/com.st.stm32cube.ide.mcu.externaltools.gnu-tools-for-stm32.10.3-2021.10.linux64_1.0.0.202111181127/tools/bin/../lib/gcc/arm-none-eabi/10.3.1/../../../../arm-none-eabi/lib/thumb/v7-m/nofp/libc_nano.a(lib_a-memcpy-stub.o)
 .ARM.attributes
                0x00000000000004a3       0x2d /home/vienchau/Downloads/en.st-stm32cubeide_1.9.0_12015_20220302_0855_amd64.sh_v1.9.0/makeself_dir_31IH9z/y/plugins/com.st.stm32cube.ide.mcu.externaltools.gnu-tools-for-stm32.10.3-2021.10.linux64_1.0.0.202111181127/tools/bin/../lib/gcc/arm-none-eabi/10.3.1/../../../../arm-none-eabi/lib/thumb/v7-m/nofp/libc_nano.a(lib_a-memset.o)
 .ARM.attributes
                0x00000000000004d0       0x2d /home/vienchau/Downloads/en.st-stm32cubeide_1.9.0_12015_20220302_0855_amd64.sh_v1.9.0/makeself_dir_31IH9z/y/plugins/com.st.stm32cube.ide.mcu.externaltools.gnu-tools-for-stm32.10.3-2021.10.linux64_1.0.0.202111181127/tools/bin/../lib/gcc/arm-none-eabi/10.3.1/../../../../arm-none-eabi/lib/thumb/v7-m/nofp/libc_nano.a(lib_a-nano-freer.o)
 .ARM.attributes
                0x00000000000004fd       0x2d /home/vienchau/Downloads/en.st-stm32cubeide_1.9.0_12015_20220302_0855_amd64.sh_v1.9.0/makeself_dir_31IH9z/y/plugins/com.st.stm32cube.ide.mcu.externaltools.gnu-tools-for-stm32.10.3-2021.10.linux64_1.0.0.202111181127/tools/bin/../lib/gcc/arm-none-eabi/10.3.1/../../../../arm-none-eabi/lib/thumb/v7-m/nofp/libc_nano.a(lib_a-nano-mallocr.o)
 .ARM.attributes
                0x000000000000052a       0x2d /home/vienchau/Downloads/en.st-stm32cubeide_1.9.0_12015_20220302_0855_amd64.sh_v1.9.0/makeself_dir_31IH9z/y/plugins/com.st.stm32cube.ide.mcu.externaltools.gnu-tools-for-stm32.10.3-2021.10.linux64_1.0.0.202111181127/tools/bin/../lib/gcc/arm-none-eabi/10.3.1/../../../../arm-none-eabi/lib/thumb/v7-m/nofp/libc_nano.a(lib_a-sbrkr.o)
 .ARM.attributes
                0x0000000000000557       0x2d /home/vienchau/Downloads/en.st-stm32cubeide_1.9.0_12015_20220302_0855_amd64.sh_v1.9.0/makeself_dir_31IH9z/y/plugins/com.st.stm32cube.ide.mcu.externaltools.gnu-tools-for-stm32.10.3-2021.10.linux64_1.0.0.202111181127/tools/bin/../lib/gcc/arm-none-eabi/10.3.1/../../../../arm-none-eabi/lib/thumb/v7-m/nofp/libc_nano.a(lib_a-sprintf.o)
 .ARM.attributes
                0x0000000000000584       0x17 /home/vienchau/Downloads/en.st-stm32cubeide_1.9.0_12015_20220302_0855_amd64.sh_v1.9.0/makeself_dir_31IH9z/y/plugins/com.st.stm32cube.ide.mcu.externaltools.gnu-tools-for-stm32.10.3-2021.10.linux64_1.0.0.202111181127/tools/bin/../lib/gcc/arm-none-eabi/10.3.1/../../../../arm-none-eabi/lib/thumb/v7-m/nofp/libc_nano.a(lib_a-strlen.o)
 .ARM.attributes
                0x000000000000059b       0x2d /home/vienchau/Downloads/en.st-stm32cubeide_1.9.0_12015_20220302_0855_amd64.sh_v1.9.0/makeself_dir_31IH9z/y/plugins/com.st.stm32cube.ide.mcu.externaltools.gnu-tools-for-stm32.10.3-2021.10.linux64_1.0.0.202111181127/tools/bin/../lib/gcc/arm-none-eabi/10.3.1/../../../../arm-none-eabi/lib/thumb/v7-m/nofp/libc_nano.a(lib_a-mlock.o)
 .ARM.attributes
                0x00000000000005c8       0x2d /home/vienchau/Downloads/en.st-stm32cubeide_1.9.0_12015_20220302_0855_amd64.sh_v1.9.0/makeself_dir_31IH9z/y/plugins/com.st.stm32cube.ide.mcu.externaltools.gnu-tools-for-stm32.10.3-2021.10.linux64_1.0.0.202111181127/tools/bin/../lib/gcc/arm-none-eabi/10.3.1/../../../../arm-none-eabi/lib/thumb/v7-m/nofp/libc_nano.a(lib_a-nano-svfprintf.o)
 .ARM.attributes
                0x00000000000005f5       0x2d /home/vienchau/Downloads/en.st-stm32cubeide_1.9.0_12015_20220302_0855_amd64.sh_v1.9.0/makeself_dir_31IH9z/y/plugins/com.st.stm32cube.ide.mcu.externaltools.gnu-tools-for-stm32.10.3-2021.10.linux64_1.0.0.202111181127/tools/bin/../lib/gcc/arm-none-eabi/10.3.1/../../../../arm-none-eabi/lib/thumb/v7-m/nofp/libc_nano.a(lib_a-nano-vfprintf_i.o)
 .ARM.attributes
                0x0000000000000622       0x2d /home/vienchau/Downloads/en.st-stm32cubeide_1.9.0_12015_20220302_0855_amd64.sh_v1.9.0/makeself_dir_31IH9z/y/plugins/com.st.stm32cube.ide.mcu.externaltools.gnu-tools-for-stm32.10.3-2021.10.linux64_1.0.0.202111181127/tools/bin/../lib/gcc/arm-none-eabi/10.3.1/../../../../arm-none-eabi/lib/thumb/v7-m/nofp/libc_nano.a(lib_a-reent.o)
 .ARM.attributes
                0x000000000000064f       0x2d /home/vienchau/Downloads/en.st-stm32cubeide_1.9.0_12015_20220302_0855_amd64.sh_v1.9.0/makeself_dir_31IH9z/y/plugins/com.st.stm32cube.ide.mcu.externaltools.gnu-tools-for-stm32.10.3-2021.10.linux64_1.0.0.202111181127/tools/bin/../lib/gcc/arm-none-eabi/10.3.1/../../../../arm-none-eabi/lib/thumb/v7-m/nofp/libc_nano.a(lib_a-lock.o)
 .ARM.attributes
                0x000000000000067c       0x2d /home/vienchau/Downloads/en.st-stm32cubeide_1.9.0_12015_20220302_0855_amd64.sh_v1.9.0/makeself_dir_31IH9z/y/plugins/com.st.stm32cube.ide.mcu.externaltools.gnu-tools-for-stm32.10.3-2021.10.linux64_1.0.0.202111181127/tools/bin/../lib/gcc/arm-none-eabi/10.3.1/../../../../arm-none-eabi/lib/thumb/v7-m/nofp/libc_nano.a(lib_a-memchr-stub.o)
 .ARM.attributes
                0x00000000000006a9       0x2d /home/vienchau/Downloads/en.st-stm32cubeide_1.9.0_12015_20220302_0855_amd64.sh_v1.9.0/makeself_dir_31IH9z/y/plugins/com.st.stm32cube.ide.mcu.externaltools.gnu-tools-for-stm32.10.3-2021.10.linux64_1.0.0.202111181127/tools/bin/../lib/gcc/arm-none-eabi/10.3.1/../../../../arm-none-eabi/lib/thumb/v7-m/nofp/libc_nano.a(lib_a-memmove.o)
 .ARM.attributes
                0x00000000000006d6       0x2d /home/vienchau/Downloads/en.st-stm32cubeide_1.9.0_12015_20220302_0855_amd64.sh_v1.9.0/makeself_dir_31IH9z/y/plugins/com.st.stm32cube.ide.mcu.externaltools.gnu-tools-for-stm32.10.3-2021.10.linux64_1.0.0.202111181127/tools/bin/../lib/gcc/arm-none-eabi/10.3.1/../../../../arm-none-eabi/lib/thumb/v7-m/nofp/libc_nano.a(lib_a-nano-reallocr.o)
 .ARM.attributes
                0x0000000000000703       0x2d /home/vienchau/Downloads/en.st-stm32cubeide_1.9.0_12015_20220302_0855_amd64.sh_v1.9.0/makeself_dir_31IH9z/y/plugins/com.st.stm32cube.ide.mcu.externaltools.gnu-tools-for-stm32.10.3-2021.10.linux64_1.0.0.202111181127/tools/bin/../lib/gcc/arm-none-eabi/10.3.1/../../../../arm-none-eabi/lib/thumb/v7-m/nofp/libc_nano.a(lib_a-nano-msizer.o)
 .ARM.attributes
                0x0000000000000730       0x2d /home/vienchau/Downloads/en.st-stm32cubeide_1.9.0_12015_20220302_0855_amd64.sh_v1.9.0/makeself_dir_31IH9z/y/plugins/com.st.stm32cube.ide.mcu.externaltools.gnu-tools-for-stm32.10.3-2021.10.linux64_1.0.0.202111181127/tools/bin/../lib/gcc/arm-none-eabi/10.3.1/../../../../arm-none-eabi/lib/thumb/v7-m/nofp/libm.a(lib_a-w_pow.o)
 .ARM.attributes
                0x000000000000075d       0x2d /home/vienchau/Downloads/en.st-stm32cubeide_1.9.0_12015_20220302_0855_amd64.sh_v1.9.0/makeself_dir_31IH9z/y/plugins/com.st.stm32cube.ide.mcu.externaltools.gnu-tools-for-stm32.10.3-2021.10.linux64_1.0.0.202111181127/tools/bin/../lib/gcc/arm-none-eabi/10.3.1/../../../../arm-none-eabi/lib/thumb/v7-m/nofp/libm.a(lib_a-e_pow.o)
 .ARM.attributes
                0x000000000000078a       0x2d /home/vienchau/Downloads/en.st-stm32cubeide_1.9.0_12015_20220302_0855_amd64.sh_v1.9.0/makeself_dir_31IH9z/y/plugins/com.st.stm32cube.ide.mcu.externaltools.gnu-tools-for-stm32.10.3-2021.10.linux64_1.0.0.202111181127/tools/bin/../lib/gcc/arm-none-eabi/10.3.1/../../../../arm-none-eabi/lib/thumb/v7-m/nofp/libm.a(lib_a-e_sqrt.o)
 .ARM.attributes
                0x00000000000007b7       0x2d /home/vienchau/Downloads/en.st-stm32cubeide_1.9.0_12015_20220302_0855_amd64.sh_v1.9.0/makeself_dir_31IH9z/y/plugins/com.st.stm32cube.ide.mcu.externaltools.gnu-tools-for-stm32.10.3-2021.10.linux64_1.0.0.202111181127/tools/bin/../lib/gcc/arm-none-eabi/10.3.1/../../../../arm-none-eabi/lib/thumb/v7-m/nofp/libm.a(lib_a-math_err.o)
 .ARM.attributes
                0x00000000000007e4       0x2d /home/vienchau/Downloads/en.st-stm32cubeide_1.9.0_12015_20220302_0855_amd64.sh_v1.9.0/makeself_dir_31IH9z/y/plugins/com.st.stm32cube.ide.mcu.externaltools.gnu-tools-for-stm32.10.3-2021.10.linux64_1.0.0.202111181127/tools/bin/../lib/gcc/arm-none-eabi/10.3.1/../../../../arm-none-eabi/lib/thumb/v7-m/nofp/libm.a(lib_a-s_fabs.o)
 .ARM.attributes
                0x0000000000000811       0x2d /home/vienchau/Downloads/en.st-stm32cubeide_1.9.0_12015_20220302_0855_amd64.sh_v1.9.0/makeself_dir_31IH9z/y/plugins/com.st.stm32cube.ide.mcu.externaltools.gnu-tools-for-stm32.10.3-2021.10.linux64_1.0.0.202111181127/tools/bin/../lib/gcc/arm-none-eabi/10.3.1/../../../../arm-none-eabi/lib/thumb/v7-m/nofp/libm.a(lib_a-s_finite.o)
 .ARM.attributes
                0x000000000000083e       0x2d /home/vienchau/Downloads/en.st-stm32cubeide_1.9.0_12015_20220302_0855_amd64.sh_v1.9.0/makeself_dir_31IH9z/y/plugins/com.st.stm32cube.ide.mcu.externaltools.gnu-tools-for-stm32.10.3-2021.10.linux64_1.0.0.202111181127/tools/bin/../lib/gcc/arm-none-eabi/10.3.1/../../../../arm-none-eabi/lib/thumb/v7-m/nofp/libm.a(lib_a-s_scalbn.o)
 .ARM.attributes
                0x000000000000086b       0x1d /home/vienchau/Downloads/en.st-stm32cubeide_1.9.0_12015_20220302_0855_amd64.sh_v1.9.0/makeself_dir_31IH9z/y/plugins/com.st.stm32cube.ide.mcu.externaltools.gnu-tools-for-stm32.10.3-2021.10.linux64_1.0.0.202111181127/tools/bin/../lib/gcc/arm-none-eabi/10.3.1/thumb/v7-m/nofp/libgcc.a(_arm_addsubdf3.o)
 .ARM.attributes
                0x0000000000000888       0x1d /home/vienchau/Downloads/en.st-stm32cubeide_1.9.0_12015_20220302_0855_amd64.sh_v1.9.0/makeself_dir_31IH9z/y/plugins/com.st.stm32cube.ide.mcu.externaltools.gnu-tools-for-stm32.10.3-2021.10.linux64_1.0.0.202111181127/tools/bin/../lib/gcc/arm-none-eabi/10.3.1/thumb/v7-m/nofp/libgcc.a(_arm_muldivdf3.o)
 .ARM.attributes
                0x00000000000008a5       0x1d /home/vienchau/Downloads/en.st-stm32cubeide_1.9.0_12015_20220302_0855_amd64.sh_v1.9.0/makeself_dir_31IH9z/y/plugins/com.st.stm32cube.ide.mcu.externaltools.gnu-tools-for-stm32.10.3-2021.10.linux64_1.0.0.202111181127/tools/bin/../lib/gcc/arm-none-eabi/10.3.1/thumb/v7-m/nofp/libgcc.a(_arm_cmpdf2.o)
 .ARM.attributes
                0x00000000000008c2       0x1d /home/vienchau/Downloads/en.st-stm32cubeide_1.9.0_12015_20220302_0855_amd64.sh_v1.9.0/makeself_dir_31IH9z/y/plugins/com.st.stm32cube.ide.mcu.externaltools.gnu-tools-for-stm32.10.3-2021.10.linux64_1.0.0.202111181127/tools/bin/../lib/gcc/arm-none-eabi/10.3.1/thumb/v7-m/nofp/libgcc.a(_arm_unorddf2.o)
 .ARM.attributes
                0x00000000000008df       0x1d /home/vienchau/Downloads/en.st-stm32cubeide_1.9.0_12015_20220302_0855_amd64.sh_v1.9.0/makeself_dir_31IH9z/y/plugins/com.st.stm32cube.ide.mcu.externaltools.gnu-tools-for-stm32.10.3-2021.10.linux64_1.0.0.202111181127/tools/bin/../lib/gcc/arm-none-eabi/10.3.1/thumb/v7-m/nofp/libgcc.a(_arm_truncdfsf2.o)
 .ARM.attributes
                0x00000000000008fc       0x1d /home/vienchau/Downloads/en.st-stm32cubeide_1.9.0_12015_20220302_0855_amd64.sh_v1.9.0/makeself_dir_31IH9z/y/plugins/com.st.stm32cube.ide.mcu.externaltools.gnu-tools-for-stm32.10.3-2021.10.linux64_1.0.0.202111181127/tools/bin/../lib/gcc/arm-none-eabi/10.3.1/thumb/v7-m/nofp/libgcc.a(_arm_addsubsf3.o)
 .ARM.attributes
                0x0000000000000919       0x1d /home/vienchau/Downloads/en.st-stm32cubeide_1.9.0_12015_20220302_0855_amd64.sh_v1.9.0/makeself_dir_31IH9z/y/plugins/com.st.stm32cube.ide.mcu.externaltools.gnu-tools-for-stm32.10.3-2021.10.linux64_1.0.0.202111181127/tools/bin/../lib/gcc/arm-none-eabi/10.3.1/thumb/v7-m/nofp/libgcc.a(_arm_muldivsf3.o)
 .ARM.attributes
                0x0000000000000936       0x1d /home/vienchau/Downloads/en.st-stm32cubeide_1.9.0_12015_20220302_0855_amd64.sh_v1.9.0/makeself_dir_31IH9z/y/plugins/com.st.stm32cube.ide.mcu.externaltools.gnu-tools-for-stm32.10.3-2021.10.linux64_1.0.0.202111181127/tools/bin/../lib/gcc/arm-none-eabi/10.3.1/thumb/v7-m/nofp/libgcc.a(_arm_cmpsf2.o)
 .ARM.attributes
                0x0000000000000953       0x1d /home/vienchau/Downloads/en.st-stm32cubeide_1.9.0_12015_20220302_0855_amd64.sh_v1.9.0/makeself_dir_31IH9z/y/plugins/com.st.stm32cube.ide.mcu.externaltools.gnu-tools-for-stm32.10.3-2021.10.linux64_1.0.0.202111181127/tools/bin/../lib/gcc/arm-none-eabi/10.3.1/thumb/v7-m/nofp/libgcc.a(_arm_fixsfsi.o)
 .ARM.attributes
                0x0000000000000970       0x1d /home/vienchau/Downloads/en.st-stm32cubeide_1.9.0_12015_20220302_0855_amd64.sh_v1.9.0/makeself_dir_31IH9z/y/plugins/com.st.stm32cube.ide.mcu.externaltools.gnu-tools-for-stm32.10.3-2021.10.linux64_1.0.0.202111181127/tools/bin/../lib/gcc/arm-none-eabi/10.3.1/thumb/v7-m/nofp/libgcc.a(_arm_fixunssfsi.o)
 .ARM.attributes
                0x000000000000098d       0x1d /home/vienchau/Downloads/en.st-stm32cubeide_1.9.0_12015_20220302_0855_amd64.sh_v1.9.0/makeself_dir_31IH9z/y/plugins/com.st.stm32cube.ide.mcu.externaltools.gnu-tools-for-stm32.10.3-2021.10.linux64_1.0.0.202111181127/tools/bin/../lib/gcc/arm-none-eabi/10.3.1/thumb/v7-m/nofp/crtn.o
OUTPUT(MOTOR_COTROL.elf elf32-littlearm)
LOAD linker stubs
LOAD /home/vienchau/Downloads/en.st-stm32cubeide_1.9.0_12015_20220302_0855_amd64.sh_v1.9.0/makeself_dir_31IH9z/y/plugins/com.st.stm32cube.ide.mcu.externaltools.gnu-tools-for-stm32.10.3-2021.10.linux64_1.0.0.202111181127/tools/bin/../lib/gcc/arm-none-eabi/10.3.1/../../../../arm-none-eabi/lib/thumb/v7-m/nofp/libc.a
LOAD /home/vienchau/Downloads/en.st-stm32cubeide_1.9.0_12015_20220302_0855_amd64.sh_v1.9.0/makeself_dir_31IH9z/y/plugins/com.st.stm32cube.ide.mcu.externaltools.gnu-tools-for-stm32.10.3-2021.10.linux64_1.0.0.202111181127/tools/bin/../lib/gcc/arm-none-eabi/10.3.1/../../../../arm-none-eabi/lib/thumb/v7-m/nofp/libm.a
LOAD /home/vienchau/Downloads/en.st-stm32cubeide_1.9.0_12015_20220302_0855_amd64.sh_v1.9.0/makeself_dir_31IH9z/y/plugins/com.st.stm32cube.ide.mcu.externaltools.gnu-tools-for-stm32.10.3-2021.10.linux64_1.0.0.202111181127/tools/bin/../lib/gcc/arm-none-eabi/10.3.1/thumb/v7-m/nofp/libgcc.a

.debug_info     0x0000000000000000     0xd0db
 .debug_info    0x0000000000000000      0x2ee ./Core/Src/gpio.o
 .debug_info    0x00000000000002ee      0xceb ./Core/Src/main.o
 .debug_info    0x0000000000000fd9      0xbe0 ./Core/Src/motor.o
 .debug_info    0x0000000000001bb9      0x837 ./Core/Src/pid.o
 .debug_info    0x00000000000023f0      0x8db ./Core/Src/serial.o
 .debug_info    0x0000000000002ccb      0x210 ./Core/Src/stm32f1xx_hal_msp.o
 .debug_info    0x0000000000002edb      0x989 ./Core/Src/stm32f1xx_it.o
 .debug_info    0x0000000000003864      0x171 ./Core/Src/sysmem.o
 .debug_info    0x00000000000039d5      0x23d ./Core/Src/system_stm32f1xx.o
 .debug_info    0x0000000000003c12      0xe5e ./Core/Src/tim.o
 .debug_info    0x0000000000004a70      0x978 ./Core/Src/usart.o
 .debug_info    0x00000000000053e8       0x22 ./Core/Startup/startup_stm32f103c8tx.o
 .debug_info    0x000000000000540a      0x734 ./Drivers/STM32F1xx_HAL_Driver/Src/stm32f1xx_hal.o
 .debug_info    0x0000000000005b3e      0xb20 ./Drivers/STM32F1xx_HAL_Driver/Src/stm32f1xx_hal_cortex.o
 .debug_info    0x000000000000665e      0x73f ./Drivers/STM32F1xx_HAL_Driver/Src/stm32f1xx_hal_dma.o
 .debug_info    0x0000000000006d9d      0x615 ./Drivers/STM32F1xx_HAL_Driver/Src/stm32f1xx_hal_gpio.o
 .debug_info    0x00000000000073b2      0x860 ./Drivers/STM32F1xx_HAL_Driver/Src/stm32f1xx_hal_rcc.o
 .debug_info    0x0000000000007c12     0x29de ./Drivers/STM32F1xx_HAL_Driver/Src/stm32f1xx_hal_tim.o
 .debug_info    0x000000000000a5f0     0x1513 ./Drivers/STM32F1xx_HAL_Driver/Src/stm32f1xx_hal_tim_ex.o
 .debug_info    0x000000000000bb03     0x15d8 ./Drivers/STM32F1xx_HAL_Driver/Src/stm32f1xx_hal_uart.o

.debug_abbrev   0x0000000000000000     0x2623
 .debug_abbrev  0x0000000000000000      0x134 ./Core/Src/gpio.o
 .debug_abbrev  0x0000000000000134      0x2ec ./Core/Src/main.o
 .debug_abbrev  0x0000000000000420      0x264 ./Core/Src/motor.o
 .debug_abbrev  0x0000000000000684      0x20d ./Core/Src/pid.o
 .debug_abbrev  0x0000000000000891      0x236 ./Core/Src/serial.o
 .debug_abbrev  0x0000000000000ac7       0xd4 ./Core/Src/stm32f1xx_hal_msp.o
 .debug_abbrev  0x0000000000000b9b      0x184 ./Core/Src/stm32f1xx_it.o
 .debug_abbrev  0x0000000000000d1f       0xbb ./Core/Src/sysmem.o
 .debug_abbrev  0x0000000000000dda      0x13b ./Core/Src/system_stm32f1xx.o
 .debug_abbrev  0x0000000000000f15      0x28d ./Core/Src/tim.o
 .debug_abbrev  0x00000000000011a2      0x1ec ./Core/Src/usart.o
 .debug_abbrev  0x000000000000138e       0x12 ./Core/Startup/startup_stm32f103c8tx.o
 .debug_abbrev  0x00000000000013a0      0x1fb ./Drivers/STM32F1xx_HAL_Driver/Src/stm32f1xx_hal.o
 .debug_abbrev  0x000000000000159b      0x2ed ./Drivers/STM32F1xx_HAL_Driver/Src/stm32f1xx_hal_cortex.o
 .debug_abbrev  0x0000000000001888      0x1fe ./Drivers/STM32F1xx_HAL_Driver/Src/stm32f1xx_hal_dma.o
 .debug_abbrev  0x0000000000001a86      0x1bb ./Drivers/STM32F1xx_HAL_Driver/Src/stm32f1xx_hal_gpio.o
 .debug_abbrev  0x0000000000001c41      0x2a8 ./Drivers/STM32F1xx_HAL_Driver/Src/stm32f1xx_hal_rcc.o
 .debug_abbrev  0x0000000000001ee9      0x25d ./Drivers/STM32F1xx_HAL_Driver/Src/stm32f1xx_hal_tim.o
 .debug_abbrev  0x0000000000002146      0x265 ./Drivers/STM32F1xx_HAL_Driver/Src/stm32f1xx_hal_tim_ex.o
 .debug_abbrev  0x00000000000023ab      0x278 ./Drivers/STM32F1xx_HAL_Driver/Src/stm32f1xx_hal_uart.o

.debug_aranges  0x0000000000000000      0xd50
 .debug_aranges
                0x0000000000000000       0x20 ./Core/Src/gpio.o
 .debug_aranges
                0x0000000000000020       0x38 ./Core/Src/main.o
 .debug_aranges
                0x0000000000000058       0x58 ./Core/Src/motor.o
 .debug_aranges
                0x00000000000000b0       0x38 ./Core/Src/pid.o
 .debug_aranges
                0x00000000000000e8       0x50 ./Core/Src/serial.o
 .debug_aranges
                0x0000000000000138       0x20 ./Core/Src/stm32f1xx_hal_msp.o
 .debug_aranges
                0x0000000000000158       0x70 ./Core/Src/stm32f1xx_it.o
 .debug_aranges
                0x00000000000001c8       0x20 ./Core/Src/sysmem.o
 .debug_aranges
                0x00000000000001e8       0x28 ./Core/Src/system_stm32f1xx.o
 .debug_aranges
                0x0000000000000210       0x68 ./Core/Src/tim.o
 .debug_aranges
                0x0000000000000278       0x30 ./Core/Src/usart.o
 .debug_aranges
                0x00000000000002a8       0x28 ./Core/Startup/startup_stm32f103c8tx.o
 .debug_aranges
                0x00000000000002d0       0xe0 ./Drivers/STM32F1xx_HAL_Driver/Src/stm32f1xx_hal.o
 .debug_aranges
                0x00000000000003b0      0x100 ./Drivers/STM32F1xx_HAL_Driver/Src/stm32f1xx_hal_cortex.o
 .debug_aranges
                0x00000000000004b0       0x80 ./Drivers/STM32F1xx_HAL_Driver/Src/stm32f1xx_hal_dma.o
 .debug_aranges
                0x0000000000000530       0x58 ./Drivers/STM32F1xx_HAL_Driver/Src/stm32f1xx_hal_gpio.o
 .debug_aranges
                0x0000000000000588       0x90 ./Drivers/STM32F1xx_HAL_Driver/Src/stm32f1xx_hal_rcc.o
 .debug_aranges
                0x0000000000000618      0x3d0 ./Drivers/STM32F1xx_HAL_Driver/Src/stm32f1xx_hal_tim.o
 .debug_aranges
                0x00000000000009e8      0x168 ./Drivers/STM32F1xx_HAL_Driver/Src/stm32f1xx_hal_tim_ex.o
 .debug_aranges
                0x0000000000000b50      0x200 ./Drivers/STM32F1xx_HAL_Driver/Src/stm32f1xx_hal_uart.o

.debug_ranges   0x0000000000000000      0xc48